[     242ms] [LOG] Tracker Meta version 1.6.1 @ https://cdn.utmify.com.br/scripts/pixel/pixel.js:0
[     242ms] [LOG] Tracker.inited?: false @ https://cdn.utmify.com.br/scripts/pixel/pixel.js:0
[     768ms] [ERROR] Failed to load resource: the server responded with a status of 404 (File not found) @ http://localhost:8753/favicon.ico:0
[     903ms] [LOG] buttons [] @ https://cdn.utmify.com.br/scripts/pixel/pixel.js:0
[     905ms] [ERROR] Failed to load resource: net::ERR_CONNECTION_REFUSED @ http://localhost:3001/tracking/v1/events:0
[     906ms] Uncaught (in promise) TypeError: Failed to fetch
    at <anonymous> (https://cdn.utmify.com.br/scripts/pixel/pixel.js:0:20157)
    at <anonymous> (https://cdn.utmify.com.br/scripts/pixel/pixel.js:0:17787)
    at <anonymous> (https://cdn.utmify.com.br/scripts/pixel/pixel.js:0:17532)
    at event (https://cdn.utmify.com.br/scripts/pixel/pixel.js:0:20081)
    at <anonymous> (https://cdn.utmify.com.br/scripts/pixel/pixel.js:0:30589)
    at <anonymous> (https://cdn.utmify.com.br/scripts/pixel/pixel.js:0:29166)
    at <anonymous> (https://cdn.utmify.com.br/scripts/pixel/pixel.js:0:28911)
    at track (https://cdn.utmify.com.br/scripts/pixel/pixel.js:0:30436)
    at <anonymous> (https://cdn.utmify.com.br/scripts/pixel/pixel.js:0:30025)
    at r (https://cdn.utmify.com.br/scripts/pixel/pixel.js:0:28968)
[    2905ms] [LOG] buttons [] @ https://cdn.utmify.com.br/scripts/pixel/pixel.js:0
[    4905ms] [LOG] buttons [] @ https://cdn.utmify.com.br/scripts/pixel/pixel.js:0
[    6905ms] [LOG] buttons [] @ https://cdn.utmify.com.br/scripts/pixel/pixel.js:0
[    8905ms] [LOG] buttons [] @ https://cdn.utmify.com.br/scripts/pixel/pixel.js:0
[    8909ms] [ERROR] Failed to load resource: net::ERR_CONNECTION_REFUSED @ http://localhost:3001/tracking/v1/events:0
[    8910ms] Uncaught (in promise) TypeError: Failed to fetch
    at <anonymous> (https://cdn.utmify.com.br/scripts/pixel/pixel.js:0:20157)
    at <anonymous> (https://cdn.utmify.com.br/scripts/pixel/pixel.js:0:17787)
    at <anonymous> (https://cdn.utmify.com.br/scripts/pixel/pixel.js:0:17532)
    at event (https://cdn.utmify.com.br/scripts/pixel/pixel.js:0:20081)
    at <anonymous> (https://cdn.utmify.com.br/scripts/pixel/pixel.js:0:30589)
    at <anonymous> (https://cdn.utmify.com.br/scripts/pixel/pixel.js:0:29166)
    at <anonymous> (https://cdn.utmify.com.br/scripts/pixel/pixel.js:0:28911)
    at track (https://cdn.utmify.com.br/scripts/pixel/pixel.js:0:30436)
    at <anonymous> (https://cdn.utmify.com.br/scripts/pixel/pixel.js:0:38439)
    at r (https://cdn.utmify.com.br/scripts/pixel/pixel.js:0:37966)
[   10904ms] [LOG] buttons [] @ https://cdn.utmify.com.br/scripts/pixel/pixel.js:0
[   12905ms] [LOG] buttons [] @ https://cdn.utmify.com.br/scripts/pixel/pixel.js:0
[   14904ms] [LOG] buttons [] @ https://cdn.utmify.com.br/scripts/pixel/pixel.js:0
[   16904ms] [LOG] buttons [] @ https://cdn.utmify.com.br/scripts/pixel/pixel.js:0
[   18905ms] [LOG] buttons [] @ https://cdn.utmify.com.br/scripts/pixel/pixel.js:0
[   20905ms] [LOG] buttons [] @ https://cdn.utmify.com.br/scripts/pixel/pixel.js:0
[   22905ms] [LOG] buttons [] @ https://cdn.utmify.com.br/scripts/pixel/pixel.js:0
[   24905ms] [LOG] buttons [] @ https://cdn.utmify.com.br/scripts/pixel/pixel.js:0
[   26905ms] [LOG] buttons [] @ https://cdn.utmify.com.br/scripts/pixel/pixel.js:0
[   28905ms] [LOG] buttons [] @ https://cdn.utmify.com.br/scripts/pixel/pixel.js:0
[   30905ms] [LOG] buttons [] @ https://cdn.utmify.com.br/scripts/pixel/pixel.js:0
[   32905ms] [LOG] buttons [] @ https://cdn.utmify.com.br/scripts/pixel/pixel.js:0
[   34905ms] [LOG] buttons [] @ https://cdn.utmify.com.br/scripts/pixel/pixel.js:0
[   36904ms] [LOG] buttons [] @ https://cdn.utmify.com.br/scripts/pixel/pixel.js:0
[   38904ms] [LOG] buttons [] @ https://cdn.utmify.com.br/scripts/pixel/pixel.js:0
[   40905ms] [LOG] buttons [] @ https://cdn.utmify.com.br/scripts/pixel/pixel.js:0
[   42905ms] [LOG] buttons [] @ https://cdn.utmify.com.br/scripts/pixel/pixel.js:0
[   44905ms] [LOG] buttons [] @ https://cdn.utmify.com.br/scripts/pixel/pixel.js:0
[   46904ms] [LOG] buttons [] @ https://cdn.utmify.com.br/scripts/pixel/pixel.js:0
[   48904ms] [LOG] buttons [] @ https://cdn.utmify.com.br/scripts/pixel/pixel.js:0
[   50905ms] [LOG] buttons [] @ https://cdn.utmify.com.br/scripts/pixel/pixel.js:0
[   52905ms] [LOG] buttons [] @ https://cdn.utmify.com.br/scripts/pixel/pixel.js:0
[   54905ms] [LOG] buttons [] @ https://cdn.utmify.com.br/scripts/pixel/pixel.js:0
[   56905ms] [LOG] buttons [] @ https://cdn.utmify.com.br/scripts/pixel/pixel.js:0
[   58905ms] [LOG] buttons [] @ https://cdn.utmify.com.br/scripts/pixel/pixel.js:0
[   60905ms] [LOG] buttons [] @ https://cdn.utmify.com.br/scripts/pixel/pixel.js:0
[   62906ms] [LOG] buttons [] @ https://cdn.utmify.com.br/scripts/pixel/pixel.js:0
[   64905ms] [LOG] buttons [] @ https://cdn.utmify.com.br/scripts/pixel/pixel.js:0
[   66905ms] [LOG] buttons [] @ https://cdn.utmify.com.br/scripts/pixel/pixel.js:0
[   68905ms] [LOG] buttons [] @ https://cdn.utmify.com.br/scripts/pixel/pixel.js:0
[   70905ms] [LOG] buttons [] @ https://cdn.utmify.com.br/scripts/pixel/pixel.js:0
[   72905ms] [LOG] buttons [] @ https://cdn.utmify.com.br/scripts/pixel/pixel.js:0
[   74905ms] [LOG] buttons [] @ https://cdn.utmify.com.br/scripts/pixel/pixel.js:0
[   76905ms] [LOG] buttons [] @ https://cdn.utmify.com.br/scripts/pixel/pixel.js:0
[   78905ms] [LOG] buttons [] @ https://cdn.utmify.com.br/scripts/pixel/pixel.js:0
[   80905ms] [LOG] buttons [] @ https://cdn.utmify.com.br/scripts/pixel/pixel.js:0
[   82904ms] [LOG] buttons [] @ https://cdn.utmify.com.br/scripts/pixel/pixel.js:0
[   84905ms] [LOG] buttons [] @ https://cdn.utmify.com.br/scripts/pixel/pixel.js:0
[   86905ms] [LOG] buttons [] @ https://cdn.utmify.com.br/scripts/pixel/pixel.js:0
[   88905ms] [LOG] buttons [] @ https://cdn.utmify.com.br/scripts/pixel/pixel.js:0
[   90905ms] [LOG] buttons [] @ https://cdn.utmify.com.br/scripts/pixel/pixel.js:0
[   92905ms] [LOG] buttons [] @ https://cdn.utmify.com.br/scripts/pixel/pixel.js:0
[   94905ms] [LOG] buttons [] @ https://cdn.utmify.com.br/scripts/pixel/pixel.js:0
[   96905ms] [LOG] buttons [] @ https://cdn.utmify.com.br/scripts/pixel/pixel.js:0
[   98905ms] [LOG] buttons [] @ https://cdn.utmify.com.br/scripts/pixel/pixel.js:0
[  100905ms] [LOG] buttons [] @ https://cdn.utmify.com.br/scripts/pixel/pixel.js:0
[  102905ms] [LOG] buttons [] @ https://cdn.utmify.com.br/scripts/pixel/pixel.js:0
[  104906ms] [LOG] buttons [] @ https://cdn.utmify.com.br/scripts/pixel/pixel.js:0
[  106905ms] [LOG] buttons [] @ https://cdn.utmify.com.br/scripts/pixel/pixel.js:0
[  108905ms] [LOG] buttons [] @ https://cdn.utmify.com.br/scripts/pixel/pixel.js:0
[  110905ms] [LOG] buttons [] @ https://cdn.utmify.com.br/scripts/pixel/pixel.js:0
[  112904ms] [LOG] buttons [] @ https://cdn.utmify.com.br/scripts/pixel/pixel.js:0
[  114905ms] [LOG] buttons [] @ https://cdn.utmify.com.br/scripts/pixel/pixel.js:0
[  116905ms] [LOG] buttons [] @ https://cdn.utmify.com.br/scripts/pixel/pixel.js:0
[  118905ms] [LOG] buttons [] @ https://cdn.utmify.com.br/scripts/pixel/pixel.js:0
[  120905ms] [LOG] buttons [] @ https://cdn.utmify.com.br/scripts/pixel/pixel.js:0
[  122906ms] [LOG] buttons [] @ https://cdn.utmify.com.br/scripts/pixel/pixel.js:0
[  124905ms] [LOG] buttons [] @ https://cdn.utmify.com.br/scripts/pixel/pixel.js:0
[  126905ms] [LOG] buttons [] @ https://cdn.utmify.com.br/scripts/pixel/pixel.js:0
[  128904ms] [LOG] buttons [] @ https://cdn.utmify.com.br/scripts/pixel/pixel.js:0
[  130905ms] [LOG] buttons [] @ https://cdn.utmify.com.br/scripts/pixel/pixel.js:0
[  132905ms] [LOG] buttons [] @ https://cdn.utmify.com.br/scripts/pixel/pixel.js:0
[  134905ms] [LOG] buttons [] @ https://cdn.utmify.com.br/scripts/pixel/pixel.js:0
[  136905ms] [LOG] buttons [] @ https://cdn.utmify.com.br/scripts/pixel/pixel.js:0
[  138905ms] [LOG] buttons [] @ https://cdn.utmify.com.br/scripts/pixel/pixel.js:0
[  140905ms] [LOG] buttons [] @ https://cdn.utmify.com.br/scripts/pixel/pixel.js:0
[  142904ms] [LOG] buttons [] @ https://cdn.utmify.com.br/scripts/pixel/pixel.js:0
[  144905ms] [LOG] buttons [] @ https://cdn.utmify.com.br/scripts/pixel/pixel.js:0
[  146905ms] [LOG] buttons [] @ https://cdn.utmify.com.br/scripts/pixel/pixel.js:0
[  148905ms] [LOG] buttons [] @ https://cdn.utmify.com.br/scripts/pixel/pixel.js:0
[  150905ms] [LOG] buttons [] @ https://cdn.utmify.com.br/scripts/pixel/pixel.js:0
[  152905ms] [LOG] buttons [] @ https://cdn.utmify.com.br/scripts/pixel/pixel.js:0
[  154905ms] [LOG] buttons [] @ https://cdn.utmify.com.br/scripts/pixel/pixel.js:0
[  156905ms] [LOG] buttons [] @ https://cdn.utmify.com.br/scripts/pixel/pixel.js:0
[  158905ms] [LOG] buttons [] @ https://cdn.utmify.com.br/scripts/pixel/pixel.js:0
[  160904ms] [LOG] buttons [] @ https://cdn.utmify.com.br/scripts/pixel/pixel.js:0
[  162905ms] [LOG] buttons [] @ https://cdn.utmify.com.br/scripts/pixel/pixel.js:0
[  164905ms] [LOG] buttons [] @ https://cdn.utmify.com.br/scripts/pixel/pixel.js:0
[  166905ms] [LOG] buttons [] @ https://cdn.utmify.com.br/scripts/pixel/pixel.js:0
[  168905ms] [LOG] buttons [] @ https://cdn.utmify.com.br/scripts/pixel/pixel.js:0
[  170905ms] [LOG] buttons [] @ https://cdn.utmify.com.br/scripts/pixel/pixel.js:0
[  172905ms] [LOG] buttons [] @ https://cdn.utmify.com.br/scripts/pixel/pixel.js:0
[  174905ms] [LOG] buttons [] @ https://cdn.utmify.com.br/scripts/pixel/pixel.js:0
[  176904ms] [LOG] buttons [] @ https://cdn.utmify.com.br/scripts/pixel/pixel.js:0
[  178905ms] [LOG] buttons [] @ https://cdn.utmify.com.br/scripts/pixel/pixel.js:0
[  180905ms] [LOG] buttons [] @ https://cdn.utmify.com.br/scripts/pixel/pixel.js:0
[  182904ms] [LOG] buttons [] @ https://cdn.utmify.com.br/scripts/pixel/pixel.js:0
[  184905ms] [LOG] buttons [] @ https://cdn.utmify.com.br/scripts/pixel/pixel.js:0
[  186905ms] [LOG] buttons [] @ https://cdn.utmify.com.br/scripts/pixel/pixel.js:0
[  188904ms] [LOG] buttons [] @ https://cdn.utmify.com.br/scripts/pixel/pixel.js:0
[  190905ms] [LOG] buttons [] @ https://cdn.utmify.com.br/scripts/pixel/pixel.js:0
[  192905ms] [LOG] buttons [] @ https://cdn.utmify.com.br/scripts/pixel/pixel.js:0
[  194904ms] [LOG] buttons [] @ https://cdn.utmify.com.br/scripts/pixel/pixel.js:0
[  196905ms] [LOG] buttons [] @ https://cdn.utmify.com.br/scripts/pixel/pixel.js:0
[  198905ms] [LOG] buttons [] @ https://cdn.utmify.com.br/scripts/pixel/pixel.js:0
[  200905ms] [LOG] buttons [] @ https://cdn.utmify.com.br/scripts/pixel/pixel.js:0
[  202905ms] [LOG] buttons [] @ https://cdn.utmify.com.br/scripts/pixel/pixel.js:0
[  204906ms] [LOG] buttons [] @ https://cdn.utmify.com.br/scripts/pixel/pixel.js:0
[  206905ms] [LOG] buttons [] @ https://cdn.utmify.com.br/scripts/pixel/pixel.js:0
[  208905ms] [LOG] buttons [] @ https://cdn.utmify.com.br/scripts/pixel/pixel.js:0
[  210905ms] [LOG] buttons [] @ https://cdn.utmify.com.br/scripts/pixel/pixel.js:0
[  212906ms] [LOG] buttons [] @ https://cdn.utmify.com.br/scripts/pixel/pixel.js:0
[  214905ms] [LOG] buttons [] @ https://cdn.utmify.com.br/scripts/pixel/pixel.js:0
[  216905ms] [LOG] buttons [] @ https://cdn.utmify.com.br/scripts/pixel/pixel.js:0
[  218905ms] [LOG] buttons [] @ https://cdn.utmify.com.br/scripts/pixel/pixel.js:0
[  220905ms] [LOG] buttons [] @ https://cdn.utmify.com.br/scripts/pixel/pixel.js:0
[  222905ms] [LOG] buttons [] @ https://cdn.utmify.com.br/scripts/pixel/pixel.js:0
[  224905ms] [LOG] buttons [] @ https://cdn.utmify.com.br/scripts/pixel/pixel.js:0
[  226905ms] [LOG] buttons [] @ https://cdn.utmify.com.br/scripts/pixel/pixel.js:0
[  228904ms] [LOG] buttons [] @ https://cdn.utmify.com.br/scripts/pixel/pixel.js:0
[  230905ms] [LOG] buttons [] @ https://cdn.utmify.com.br/scripts/pixel/pixel.js:0
[  232905ms] [LOG] buttons [] @ https://cdn.utmify.com.br/scripts/pixel/pixel.js:0
[  234904ms] [LOG] buttons [] @ https://cdn.utmify.com.br/scripts/pixel/pixel.js:0
[  236904ms] [LOG] buttons [] @ https://cdn.utmify.com.br/scripts/pixel/pixel.js:0
[  238905ms] [LOG] buttons [] @ https://cdn.utmify.com.br/scripts/pixel/pixel.js:0
[  240905ms] [LOG] buttons [] @ https://cdn.utmify.com.br/scripts/pixel/pixel.js:0
[  242905ms] [LOG] buttons [] @ https://cdn.utmify.com.br/scripts/pixel/pixel.js:0
[  244905ms] [LOG] buttons [] @ https://cdn.utmify.com.br/scripts/pixel/pixel.js:0
[  246905ms] [LOG] buttons [] @ https://cdn.utmify.com.br/scripts/pixel/pixel.js:0
[  248905ms] [LOG] buttons [] @ https://cdn.utmify.com.br/scripts/pixel/pixel.js:0
[  250905ms] [LOG] buttons [] @ https://cdn.utmify.com.br/scripts/pixel/pixel.js:0
[  252904ms] [LOG] buttons [] @ https://cdn.utmify.com.br/scripts/pixel/pixel.js:0
[  254905ms] [LOG] buttons [] @ https://cdn.utmify.com.br/scripts/pixel/pixel.js:0
[  256905ms] [LOG] buttons [] @ https://cdn.utmify.com.br/scripts/pixel/pixel.js:0
[  258905ms] [LOG] buttons [] @ https://cdn.utmify.com.br/scripts/pixel/pixel.js:0
[  260906ms] [LOG] buttons [] @ https://cdn.utmify.com.br/scripts/pixel/pixel.js:0
[  262905ms] [LOG] buttons [] @ https://cdn.utmify.com.br/scripts/pixel/pixel.js:0
[  264904ms] [LOG] buttons [] @ https://cdn.utmify.com.br/scripts/pixel/pixel.js:0
[  266905ms] [LOG] buttons [] @ https://cdn.utmify.com.br/scripts/pixel/pixel.js:0
[  268905ms] [LOG] buttons [] @ https://cdn.utmify.com.br/scripts/pixel/pixel.js:0
[  270905ms] [LOG] buttons [] @ https://cdn.utmify.com.br/scripts/pixel/pixel.js:0
[  272905ms] [LOG] buttons [] @ https://cdn.utmify.com.br/scripts/pixel/pixel.js:0
[  274905ms] [LOG] buttons [] @ https://cdn.utmify.com.br/scripts/pixel/pixel.js:0
[  276905ms] [LOG] buttons [] @ https://cdn.utmify.com.br/scripts/pixel/pixel.js:0
