[     104ms] [LOG] Tracker Meta version 1.6.1 @ https://cdn.utmify.com.br/scripts/pixel/pixel.js:0
[     104ms] [LOG] Tracker.inited?: false @ https://cdn.utmify.com.br/scripts/pixel/pixel.js:0
[     176ms] [ERROR] Failed to load resource: the server responded with a status of 404 (File not found) @ http://localhost:8755/favicon.ico:0
[     682ms] [LOG] buttons [button.active, button, button, button] @ https://cdn.utmify.com.br/scripts/pixel/pixel.js:0
[     683ms] [ERROR] Failed to load resource: net::ERR_CONNECTION_REFUSED @ http://localhost:3001/tracking/v1/events:0
[     683ms] Uncaught (in promise) TypeError: Failed to fetch
    at <anonymous> (https://cdn.utmify.com.br/scripts/pixel/pixel.js:0:20157)
    at <anonymous> (https://cdn.utmify.com.br/scripts/pixel/pixel.js:0:17787)
    at <anonymous> (https://cdn.utmify.com.br/scripts/pixel/pixel.js:0:17532)
    at event (https://cdn.utmify.com.br/scripts/pixel/pixel.js:0:20081)
    at <anonymous> (https://cdn.utmify.com.br/scripts/pixel/pixel.js:0:30589)
    at <anonymous> (https://cdn.utmify.com.br/scripts/pixel/pixel.js:0:29166)
    at <anonymous> (https://cdn.utmify.com.br/scripts/pixel/pixel.js:0:28911)
    at track (https://cdn.utmify.com.br/scripts/pixel/pixel.js:0:30436)
    at <anonymous> (https://cdn.utmify.com.br/scripts/pixel/pixel.js:0:30025)
    at r (https://cdn.utmify.com.br/scripts/pixel/pixel.js:0:28968)
[     697ms] [LOG] scrolling 6307 @ https://cdn.utmify.com.br/scripts/pixel/pixel.js:0
[     698ms] [ERROR] Failed to load resource: net::ERR_CONNECTION_REFUSED @ http://localhost:3001/tracking/v1/events:0
[     699ms] Uncaught (in promise) TypeError: Failed to fetch
    at <anonymous> (https://cdn.utmify.com.br/scripts/pixel/pixel.js:0:20157)
    at <anonymous> (https://cdn.utmify.com.br/scripts/pixel/pixel.js:0:17787)
    at <anonymous> (https://cdn.utmify.com.br/scripts/pixel/pixel.js:0:17532)
    at event (https://cdn.utmify.com.br/scripts/pixel/pixel.js:0:20081)
    at <anonymous> (https://cdn.utmify.com.br/scripts/pixel/pixel.js:0:30589)
    at <anonymous> (https://cdn.utmify.com.br/scripts/pixel/pixel.js:0:29166)
    at <anonymous> (https://cdn.utmify.com.br/scripts/pixel/pixel.js:0:28911)
    at track (https://cdn.utmify.com.br/scripts/pixel/pixel.js:0:30436)
    at <anonymous> (https://cdn.utmify.com.br/scripts/pixel/pixel.js:0:38669)
    at <anonymous> (https://cdn.utmify.com.br/scripts/pixel/pixel.js:0:38164)
    at <anonymous> (https://cdn.utmify.com.br/scripts/pixel/pixel.js:0:37909)
    at <anonymous> (https://cdn.utmify.com.br/scripts/pixel/pixel.js:0:38565)
[     713ms] [LOG] scrolling 6433.5 @ https://cdn.utmify.com.br/scripts/pixel/pixel.js:0
[     729ms] [LOG] scrolling 6549 @ https://cdn.utmify.com.br/scripts/pixel/pixel.js:0
[     746ms] [LOG] scrolling 6663.5 @ https://cdn.utmify.com.br/scripts/pixel/pixel.js:0
[     763ms] [LOG] scrolling 6767.5 @ https://cdn.utmify.com.br/scripts/pixel/pixel.js:0
[     780ms] [LOG] scrolling 6867 @ https://cdn.utmify.com.br/scripts/pixel/pixel.js:0
[     796ms] [LOG] scrolling 6960 @ https://cdn.utmify.com.br/scripts/pixel/pixel.js:0
[     813ms] [LOG] scrolling 7048 @ https://cdn.utmify.com.br/scripts/pixel/pixel.js:0
[     830ms] [LOG] scrolling 7131 @ https://cdn.utmify.com.br/scripts/pixel/pixel.js:0
[     846ms] [LOG] scrolling 7209 @ https://cdn.utmify.com.br/scripts/pixel/pixel.js:0
[     863ms] [LOG] scrolling 7283.5 @ https://cdn.utmify.com.br/scripts/pixel/pixel.js:0
[     880ms] [LOG] scrolling 7354 @ https://cdn.utmify.com.br/scripts/pixel/pixel.js:0
[     896ms] [LOG] scrolling 7420.5 @ https://cdn.utmify.com.br/scripts/pixel/pixel.js:0
[     913ms] [LOG] scrolling 7484 @ https://cdn.utmify.com.br/scripts/pixel/pixel.js:0
[     930ms] [LOG] scrolling 7544 @ https://cdn.utmify.com.br/scripts/pixel/pixel.js:0
[     946ms] [LOG] scrolling 7599.5 @ https://cdn.utmify.com.br/scripts/pixel/pixel.js:0
[     963ms] [LOG] scrolling 7655.5 @ https://cdn.utmify.com.br/scripts/pixel/pixel.js:0
[     980ms] [LOG] scrolling 7707 @ https://cdn.utmify.com.br/scripts/pixel/pixel.js:0
[     996ms] [LOG] scrolling 7755.5 @ https://cdn.utmify.com.br/scripts/pixel/pixel.js:0
[    1013ms] [LOG] scrolling 7802 @ https://cdn.utmify.com.br/scripts/pixel/pixel.js:0
[    1030ms] [LOG] scrolling 7846 @ https://cdn.utmify.com.br/scripts/pixel/pixel.js:0
[    1046ms] [LOG] scrolling 7888 @ https://cdn.utmify.com.br/scripts/pixel/pixel.js:0
[    1063ms] [LOG] scrolling 7927.5 @ https://cdn.utmify.com.br/scripts/pixel/pixel.js:0
[    1080ms] [LOG] scrolling 7965.5 @ https://cdn.utmify.com.br/scripts/pixel/pixel.js:0
[    1097ms] [LOG] scrolling 8001.5 @ https://cdn.utmify.com.br/scripts/pixel/pixel.js:0
[    1113ms] [LOG] scrolling 8035 @ https://cdn.utmify.com.br/scripts/pixel/pixel.js:0
[    1130ms] [LOG] scrolling 8067.5 @ https://cdn.utmify.com.br/scripts/pixel/pixel.js:0
[    1146ms] [LOG] scrolling 8098 @ https://cdn.utmify.com.br/scripts/pixel/pixel.js:0
[    1163ms] [LOG] scrolling 8126.5 @ https://cdn.utmify.com.br/scripts/pixel/pixel.js:0
[    1179ms] [LOG] scrolling 8153 @ https://cdn.utmify.com.br/scripts/pixel/pixel.js:0
[    1196ms] [LOG] scrolling 8179.5 @ https://cdn.utmify.com.br/scripts/pixel/pixel.js:0
[    1213ms] [LOG] scrolling 8204 @ https://cdn.utmify.com.br/scripts/pixel/pixel.js:0
[    1230ms] [LOG] scrolling 8227 @ https://cdn.utmify.com.br/scripts/pixel/pixel.js:0
[    1246ms] [LOG] scrolling 8248.5 @ https://cdn.utmify.com.br/scripts/pixel/pixel.js:0
[    1263ms] [LOG] scrolling 8268.5 @ https://cdn.utmify.com.br/scripts/pixel/pixel.js:0
[    1280ms] [LOG] scrolling 8287.5 @ https://cdn.utmify.com.br/scripts/pixel/pixel.js:0
[    1296ms] [LOG] scrolling 8305.5 @ https://cdn.utmify.com.br/scripts/pixel/pixel.js:0
[    1313ms] [LOG] scrolling 8322 @ https://cdn.utmify.com.br/scripts/pixel/pixel.js:0
[    1330ms] [LOG] scrolling 8337.5 @ https://cdn.utmify.com.br/scripts/pixel/pixel.js:0
[    1346ms] [LOG] scrolling 8352 @ https://cdn.utmify.com.br/scripts/pixel/pixel.js:0
[    1363ms] [LOG] scrolling 8365 @ https://cdn.utmify.com.br/scripts/pixel/pixel.js:0
[    1380ms] [LOG] scrolling 8377.5 @ https://cdn.utmify.com.br/scripts/pixel/pixel.js:0
[    1396ms] [LOG] scrolling 8388.5 @ https://cdn.utmify.com.br/scripts/pixel/pixel.js:0
[    1412ms] [LOG] scrolling 8398.5 @ https://cdn.utmify.com.br/scripts/pixel/pixel.js:0
[    1430ms] [LOG] scrolling 8408 @ https://cdn.utmify.com.br/scripts/pixel/pixel.js:0
[    1446ms] [LOG] scrolling 8416.5 @ https://cdn.utmify.com.br/scripts/pixel/pixel.js:0
[    1463ms] [LOG] scrolling 8424 @ https://cdn.utmify.com.br/scripts/pixel/pixel.js:0
[    1479ms] [LOG] scrolling 8430.5 @ https://cdn.utmify.com.br/scripts/pixel/pixel.js:0
[    1496ms] [LOG] scrolling 8436 @ https://cdn.utmify.com.br/scripts/pixel/pixel.js:0
[    1513ms] [LOG] scrolling 8441 @ https://cdn.utmify.com.br/scripts/pixel/pixel.js:0
[    1529ms] [LOG] scrolling 8445 @ https://cdn.utmify.com.br/scripts/pixel/pixel.js:0
[    1546ms] [LOG] scrolling 8448.5 @ https://cdn.utmify.com.br/scripts/pixel/pixel.js:0
[    1563ms] [LOG] scrolling 8451 @ https://cdn.utmify.com.br/scripts/pixel/pixel.js:0
[    1578ms] [LOG] scrolling 8452.5 @ https://cdn.utmify.com.br/scripts/pixel/pixel.js:0
[    1596ms] [LOG] scrolling 8454 @ https://cdn.utmify.com.br/scripts/pixel/pixel.js:0
[    2683ms] [LOG] buttons [button.active, button, button, button] @ https://cdn.utmify.com.br/scripts/pixel/pixel.js:0
[    4682ms] [LOG] buttons [button#3d9dce3a-2aa5-5b71-26d5-6bc9bf06d076, button#fa223324-b69d-e3ed-e4dc-777301a2fc25.active, button#8b41e148-2e17-fc71-b7f5-241bd7b1de0c, button#8628985c-f266-8af4-52ed-c3359ab9fa86] @ https://cdn.utmify.com.br/scripts/pixel/pixel.js:0
[    6682ms] [LOG] buttons [button#3d9dce3a-2aa5-5b71-26d5-6bc9bf06d076, button#fa223324-b69d-e3ed-e4dc-777301a2fc25, button#8b41e148-2e17-fc71-b7f5-241bd7b1de0c.active, button#8628985c-f266-8af4-52ed-c3359ab9fa86] @ https://cdn.utmify.com.br/scripts/pixel/pixel.js:0
[    8683ms] [LOG] buttons [button#3d9dce3a-2aa5-5b71-26d5-6bc9bf06d076, button#fa223324-b69d-e3ed-e4dc-777301a2fc25, button#8b41e148-2e17-fc71-b7f5-241bd7b1de0c.active, button#8628985c-f266-8af4-52ed-c3359ab9fa86] @ https://cdn.utmify.com.br/scripts/pixel/pixel.js:0
[    8724ms] [LOG] button clicked pixel JSHandle@node @ https://cdn.utmify.com.br/scripts/pixel/pixel.js:0
[    8724ms] [LOG] check can iniate checkout:   @ https://cdn.utmify.com.br/scripts/pixel/pixel.js:0
[    8725ms] [LOG] check can send lead:   @ https://cdn.utmify.com.br/scripts/pixel/pixel.js:0
[    8725ms] [LOG] check can send add to cart:   @ https://cdn.utmify.com.br/scripts/pixel/pixel.js:0
[    8725ms] [LOG] button clicked pixel JSHandle@node @ https://cdn.utmify.com.br/scripts/pixel/pixel.js:0
[    8725ms] [LOG] check can iniate checkout:   @ https://cdn.utmify.com.br/scripts/pixel/pixel.js:0
[    8725ms] [LOG] check can send lead:   @ https://cdn.utmify.com.br/scripts/pixel/pixel.js:0
[    8726ms] [LOG] check can send add to cart:   @ https://cdn.utmify.com.br/scripts/pixel/pixel.js:0
[    9378ms] [LOG] button clicked pixel JSHandle@node @ https://cdn.utmify.com.br/scripts/pixel/pixel.js:0
[    9378ms] [LOG] check can iniate checkout:   @ https://cdn.utmify.com.br/scripts/pixel/pixel.js:0
[    9378ms] [LOG] check can send lead:   @ https://cdn.utmify.com.br/scripts/pixel/pixel.js:0
[    9378ms] [LOG] check can send add to cart:   @ https://cdn.utmify.com.br/scripts/pixel/pixel.js:0
[    9378ms] [LOG] button clicked pixel JSHandle@node @ https://cdn.utmify.com.br/scripts/pixel/pixel.js:0
[    9379ms] [LOG] check can iniate checkout:   @ https://cdn.utmify.com.br/scripts/pixel/pixel.js:0
[    9379ms] [LOG] check can send lead:   @ https://cdn.utmify.com.br/scripts/pixel/pixel.js:0
[    9379ms] [LOG] check can send add to cart:   @ https://cdn.utmify.com.br/scripts/pixel/pixel.js:0
[   10030ms] [LOG] button clicked pixel JSHandle@node @ https://cdn.utmify.com.br/scripts/pixel/pixel.js:0
[   10030ms] [LOG] check can iniate checkout:   @ https://cdn.utmify.com.br/scripts/pixel/pixel.js:0
[   10030ms] [LOG] check can send lead:   @ https://cdn.utmify.com.br/scripts/pixel/pixel.js:0
[   10030ms] [LOG] check can send add to cart:   @ https://cdn.utmify.com.br/scripts/pixel/pixel.js:0
[   10030ms] [LOG] button clicked pixel JSHandle@node @ https://cdn.utmify.com.br/scripts/pixel/pixel.js:0
[   10031ms] [LOG] check can iniate checkout:   @ https://cdn.utmify.com.br/scripts/pixel/pixel.js:0
[   10031ms] [LOG] check can send lead:   @ https://cdn.utmify.com.br/scripts/pixel/pixel.js:0
[   10031ms] [LOG] check can send add to cart:   @ https://cdn.utmify.com.br/scripts/pixel/pixel.js:0
[   10682ms] [LOG] button clicked pixel JSHandle@node @ https://cdn.utmify.com.br/scripts/pixel/pixel.js:0
[   10682ms] [LOG] check can iniate checkout:   @ https://cdn.utmify.com.br/scripts/pixel/pixel.js:0
[   10682ms] [LOG] check can send lead:   @ https://cdn.utmify.com.br/scripts/pixel/pixel.js:0
[   10682ms] [LOG] check can send add to cart:   @ https://cdn.utmify.com.br/scripts/pixel/pixel.js:0
[   10682ms] [LOG] button clicked pixel JSHandle@node @ https://cdn.utmify.com.br/scripts/pixel/pixel.js:0
[   10682ms] [LOG] check can iniate checkout:   @ https://cdn.utmify.com.br/scripts/pixel/pixel.js:0
[   10682ms] [LOG] check can send lead:   @ https://cdn.utmify.com.br/scripts/pixel/pixel.js:0
[   10683ms] [LOG] check can send add to cart:   @ https://cdn.utmify.com.br/scripts/pixel/pixel.js:0
[   10683ms] [LOG] buttons [button#3d9dce3a-2aa5-5b71-26d5-6bc9bf06d076, button#fa223324-b69d-e3ed-e4dc-777301a2fc25, button#8b41e148-2e17-fc71-b7f5-241bd7b1de0c, button#8628985c-f266-8af4-52ed-c3359ab9fa86.active] @ https://cdn.utmify.com.br/scripts/pixel/pixel.js:0
[   12683ms] [LOG] buttons [button#3d9dce3a-2aa5-5b71-26d5-6bc9bf06d076, button#fa223324-b69d-e3ed-e4dc-777301a2fc25, button#8b41e148-2e17-fc71-b7f5-241bd7b1de0c, button#8628985c-f266-8af4-52ed-c3359ab9fa86.active] @ https://cdn.utmify.com.br/scripts/pixel/pixel.js:0
[   14683ms] [LOG] buttons [button#3d9dce3a-2aa5-5b71-26d5-6bc9bf06d076.active, button#fa223324-b69d-e3ed-e4dc-777301a2fc25, button#8b41e148-2e17-fc71-b7f5-241bd7b1de0c, button#8628985c-f266-8af4-52ed-c3359ab9fa86] @ https://cdn.utmify.com.br/scripts/pixel/pixel.js:0
[   16683ms] [LOG] buttons [button#3d9dce3a-2aa5-5b71-26d5-6bc9bf06d076.active, button#fa223324-b69d-e3ed-e4dc-777301a2fc25, button#8b41e148-2e17-fc71-b7f5-241bd7b1de0c, button#8628985c-f266-8af4-52ed-c3359ab9fa86] @ https://cdn.utmify.com.br/scripts/pixel/pixel.js:0
[   18683ms] [LOG] buttons [button#3d9dce3a-2aa5-5b71-26d5-6bc9bf06d076, button#fa223324-b69d-e3ed-e4dc-777301a2fc25.active, button#8b41e148-2e17-fc71-b7f5-241bd7b1de0c, button#8628985c-f266-8af4-52ed-c3359ab9fa86] @ https://cdn.utmify.com.br/scripts/pixel/pixel.js:0
[   20683ms] [LOG] buttons [button#3d9dce3a-2aa5-5b71-26d5-6bc9bf06d076, button#fa223324-b69d-e3ed-e4dc-777301a2fc25, button#8b41e148-2e17-fc71-b7f5-241bd7b1de0c.active, button#8628985c-f266-8af4-52ed-c3359ab9fa86] @ https://cdn.utmify.com.br/scripts/pixel/pixel.js:0
[   22683ms] [LOG] buttons [button#3d9dce3a-2aa5-5b71-26d5-6bc9bf06d076, button#fa223324-b69d-e3ed-e4dc-777301a2fc25, button#8b41e148-2e17-fc71-b7f5-241bd7b1de0c.active, button#8628985c-f266-8af4-52ed-c3359ab9fa86] @ https://cdn.utmify.com.br/scripts/pixel/pixel.js:0
[   24683ms] [LOG] buttons [button#3d9dce3a-2aa5-5b71-26d5-6bc9bf06d076, button#fa223324-b69d-e3ed-e4dc-777301a2fc25, button#8b41e148-2e17-fc71-b7f5-241bd7b1de0c, button#8628985c-f266-8af4-52ed-c3359ab9fa86.active] @ https://cdn.utmify.com.br/scripts/pixel/pixel.js:0
[   26683ms] [LOG] buttons [button#3d9dce3a-2aa5-5b71-26d5-6bc9bf06d076, button#fa223324-b69d-e3ed-e4dc-777301a2fc25, button#8b41e148-2e17-fc71-b7f5-241bd7b1de0c, button#8628985c-f266-8af4-52ed-c3359ab9fa86.active] @ https://cdn.utmify.com.br/scripts/pixel/pixel.js:0
[   28683ms] [LOG] buttons [button#3d9dce3a-2aa5-5b71-26d5-6bc9bf06d076.active, button#fa223324-b69d-e3ed-e4dc-777301a2fc25, button#8b41e148-2e17-fc71-b7f5-241bd7b1de0c, button#8628985c-f266-8af4-52ed-c3359ab9fa86] @ https://cdn.utmify.com.br/scripts/pixel/pixel.js:0
[   30683ms] [LOG] buttons [button#3d9dce3a-2aa5-5b71-26d5-6bc9bf06d076, button#fa223324-b69d-e3ed-e4dc-777301a2fc25.active, button#8b41e148-2e17-fc71-b7f5-241bd7b1de0c, button#8628985c-f266-8af4-52ed-c3359ab9fa86] @ https://cdn.utmify.com.br/scripts/pixel/pixel.js:0
[   32682ms] [LOG] buttons [button#3d9dce3a-2aa5-5b71-26d5-6bc9bf06d076, button#fa223324-b69d-e3ed-e4dc-777301a2fc25.active, button#8b41e148-2e17-fc71-b7f5-241bd7b1de0c, button#8628985c-f266-8af4-52ed-c3359ab9fa86] @ https://cdn.utmify.com.br/scripts/pixel/pixel.js:0
[   34683ms] [LOG] buttons [button#3d9dce3a-2aa5-5b71-26d5-6bc9bf06d076, button#fa223324-b69d-e3ed-e4dc-777301a2fc25, button#8b41e148-2e17-fc71-b7f5-241bd7b1de0c.active, button#8628985c-f266-8af4-52ed-c3359ab9fa86] @ https://cdn.utmify.com.br/scripts/pixel/pixel.js:0
[   36682ms] [LOG] buttons [button#3d9dce3a-2aa5-5b71-26d5-6bc9bf06d076, button#fa223324-b69d-e3ed-e4dc-777301a2fc25, button#8b41e148-2e17-fc71-b7f5-241bd7b1de0c, button#8628985c-f266-8af4-52ed-c3359ab9fa86.active] @ https://cdn.utmify.com.br/scripts/pixel/pixel.js:0
[   38683ms] [LOG] buttons [button#3d9dce3a-2aa5-5b71-26d5-6bc9bf06d076, button#fa223324-b69d-e3ed-e4dc-777301a2fc25, button#8b41e148-2e17-fc71-b7f5-241bd7b1de0c, button#8628985c-f266-8af4-52ed-c3359ab9fa86.active] @ https://cdn.utmify.com.br/scripts/pixel/pixel.js:0
[   40683ms] [LOG] buttons [button#3d9dce3a-2aa5-5b71-26d5-6bc9bf06d076.active, button#fa223324-b69d-e3ed-e4dc-777301a2fc25, button#8b41e148-2e17-fc71-b7f5-241bd7b1de0c, button#8628985c-f266-8af4-52ed-c3359ab9fa86] @ https://cdn.utmify.com.br/scripts/pixel/pixel.js:0
[   42682ms] [LOG] buttons [button#3d9dce3a-2aa5-5b71-26d5-6bc9bf06d076.active, button#fa223324-b69d-e3ed-e4dc-777301a2fc25, button#8b41e148-2e17-fc71-b7f5-241bd7b1de0c, button#8628985c-f266-8af4-52ed-c3359ab9fa86] @ https://cdn.utmify.com.br/scripts/pixel/pixel.js:0
[   44683ms] [LOG] buttons [button#3d9dce3a-2aa5-5b71-26d5-6bc9bf06d076, button#fa223324-b69d-e3ed-e4dc-777301a2fc25.active, button#8b41e148-2e17-fc71-b7f5-241bd7b1de0c, button#8628985c-f266-8af4-52ed-c3359ab9fa86] @ https://cdn.utmify.com.br/scripts/pixel/pixel.js:0
[   46683ms] [LOG] buttons [button#3d9dce3a-2aa5-5b71-26d5-6bc9bf06d076, button#fa223324-b69d-e3ed-e4dc-777301a2fc25, button#8b41e148-2e17-fc71-b7f5-241bd7b1de0c.active, button#8628985c-f266-8af4-52ed-c3359ab9fa86] @ https://cdn.utmify.com.br/scripts/pixel/pixel.js:0
[   48683ms] [LOG] buttons [button#3d9dce3a-2aa5-5b71-26d5-6bc9bf06d076, button#fa223324-b69d-e3ed-e4dc-777301a2fc25, button#8b41e148-2e17-fc71-b7f5-241bd7b1de0c.active, button#8628985c-f266-8af4-52ed-c3359ab9fa86] @ https://cdn.utmify.com.br/scripts/pixel/pixel.js:0
[   50683ms] [LOG] buttons [button#3d9dce3a-2aa5-5b71-26d5-6bc9bf06d076, button#fa223324-b69d-e3ed-e4dc-777301a2fc25, button#8b41e148-2e17-fc71-b7f5-241bd7b1de0c, button#8628985c-f266-8af4-52ed-c3359ab9fa86.active] @ https://cdn.utmify.com.br/scripts/pixel/pixel.js:0
[   52683ms] [LOG] buttons [button#3d9dce3a-2aa5-5b71-26d5-6bc9bf06d076.active, button#fa223324-b69d-e3ed-e4dc-777301a2fc25, button#8b41e148-2e17-fc71-b7f5-241bd7b1de0c, button#8628985c-f266-8af4-52ed-c3359ab9fa86] @ https://cdn.utmify.com.br/scripts/pixel/pixel.js:0
[   54683ms] [LOG] buttons [button#3d9dce3a-2aa5-5b71-26d5-6bc9bf06d076.active, button#fa223324-b69d-e3ed-e4dc-777301a2fc25, button#8b41e148-2e17-fc71-b7f5-241bd7b1de0c, button#8628985c-f266-8af4-52ed-c3359ab9fa86] @ https://cdn.utmify.com.br/scripts/pixel/pixel.js:0
[   56683ms] [LOG] buttons [button#3d9dce3a-2aa5-5b71-26d5-6bc9bf06d076, button#fa223324-b69d-e3ed-e4dc-777301a2fc25.active, button#8b41e148-2e17-fc71-b7f5-241bd7b1de0c, button#8628985c-f266-8af4-52ed-c3359ab9fa86] @ https://cdn.utmify.com.br/scripts/pixel/pixel.js:0
[   58683ms] [LOG] buttons [button#3d9dce3a-2aa5-5b71-26d5-6bc9bf06d076, button#fa223324-b69d-e3ed-e4dc-777301a2fc25.active, button#8b41e148-2e17-fc71-b7f5-241bd7b1de0c, button#8628985c-f266-8af4-52ed-c3359ab9fa86] @ https://cdn.utmify.com.br/scripts/pixel/pixel.js:0
[   60683ms] [LOG] buttons [button#3d9dce3a-2aa5-5b71-26d5-6bc9bf06d076, button#fa223324-b69d-e3ed-e4dc-777301a2fc25, button#8b41e148-2e17-fc71-b7f5-241bd7b1de0c.active, button#8628985c-f266-8af4-52ed-c3359ab9fa86] @ https://cdn.utmify.com.br/scripts/pixel/pixel.js:0
[   62683ms] [LOG] buttons [button#3d9dce3a-2aa5-5b71-26d5-6bc9bf06d076, button#fa223324-b69d-e3ed-e4dc-777301a2fc25, button#8b41e148-2e17-fc71-b7f5-241bd7b1de0c, button#8628985c-f266-8af4-52ed-c3359ab9fa86.active] @ https://cdn.utmify.com.br/scripts/pixel/pixel.js:0
[   64683ms] [LOG] buttons [button#3d9dce3a-2aa5-5b71-26d5-6bc9bf06d076, button#fa223324-b69d-e3ed-e4dc-777301a2fc25, button#8b41e148-2e17-fc71-b7f5-241bd7b1de0c, button#8628985c-f266-8af4-52ed-c3359ab9fa86.active] @ https://cdn.utmify.com.br/scripts/pixel/pixel.js:0
[   66683ms] [LOG] buttons [button#3d9dce3a-2aa5-5b71-26d5-6bc9bf06d076.active, button#fa223324-b69d-e3ed-e4dc-777301a2fc25, button#8b41e148-2e17-fc71-b7f5-241bd7b1de0c, button#8628985c-f266-8af4-52ed-c3359ab9fa86] @ https://cdn.utmify.com.br/scripts/pixel/pixel.js:0
[   68683ms] [LOG] buttons [button#3d9dce3a-2aa5-5b71-26d5-6bc9bf06d076, button#fa223324-b69d-e3ed-e4dc-777301a2fc25.active, button#8b41e148-2e17-fc71-b7f5-241bd7b1de0c, button#8628985c-f266-8af4-52ed-c3359ab9fa86] @ https://cdn.utmify.com.br/scripts/pixel/pixel.js:0
[   70683ms] [LOG] buttons [button#3d9dce3a-2aa5-5b71-26d5-6bc9bf06d076, button#fa223324-b69d-e3ed-e4dc-777301a2fc25.active, button#8b41e148-2e17-fc71-b7f5-241bd7b1de0c, button#8628985c-f266-8af4-52ed-c3359ab9fa86] @ https://cdn.utmify.com.br/scripts/pixel/pixel.js:0
[   72683ms] [LOG] buttons [button#3d9dce3a-2aa5-5b71-26d5-6bc9bf06d076, button#fa223324-b69d-e3ed-e4dc-777301a2fc25, button#8b41e148-2e17-fc71-b7f5-241bd7b1de0c.active, button#8628985c-f266-8af4-52ed-c3359ab9fa86] @ https://cdn.utmify.com.br/scripts/pixel/pixel.js:0
[   74683ms] [LOG] buttons [button#3d9dce3a-2aa5-5b71-26d5-6bc9bf06d076, button#fa223324-b69d-e3ed-e4dc-777301a2fc25, button#8b41e148-2e17-fc71-b7f5-241bd7b1de0c.active, button#8628985c-f266-8af4-52ed-c3359ab9fa86] @ https://cdn.utmify.com.br/scripts/pixel/pixel.js:0
[   76683ms] [LOG] buttons [button#3d9dce3a-2aa5-5b71-26d5-6bc9bf06d076, button#fa223324-b69d-e3ed-e4dc-777301a2fc25, button#8b41e148-2e17-fc71-b7f5-241bd7b1de0c, button#8628985c-f266-8af4-52ed-c3359ab9fa86.active] @ https://cdn.utmify.com.br/scripts/pixel/pixel.js:0
[   78683ms] [LOG] buttons [button#3d9dce3a-2aa5-5b71-26d5-6bc9bf06d076.active, button#fa223324-b69d-e3ed-e4dc-777301a2fc25, button#8b41e148-2e17-fc71-b7f5-241bd7b1de0c, button#8628985c-f266-8af4-52ed-c3359ab9fa86] @ https://cdn.utmify.com.br/scripts/pixel/pixel.js:0
[   80683ms] [LOG] buttons [button#3d9dce3a-2aa5-5b71-26d5-6bc9bf06d076.active, button#fa223324-b69d-e3ed-e4dc-777301a2fc25, button#8b41e148-2e17-fc71-b7f5-241bd7b1de0c, button#8628985c-f266-8af4-52ed-c3359ab9fa86] @ https://cdn.utmify.com.br/scripts/pixel/pixel.js:0
[   82683ms] [LOG] buttons [button#3d9dce3a-2aa5-5b71-26d5-6bc9bf06d076, button#fa223324-b69d-e3ed-e4dc-777301a2fc25.active, button#8b41e148-2e17-fc71-b7f5-241bd7b1de0c, button#8628985c-f266-8af4-52ed-c3359ab9fa86] @ https://cdn.utmify.com.br/scripts/pixel/pixel.js:0
[   84683ms] [LOG] buttons [button#3d9dce3a-2aa5-5b71-26d5-6bc9bf06d076, button#fa223324-b69d-e3ed-e4dc-777301a2fc25, button#8b41e148-2e17-fc71-b7f5-241bd7b1de0c.active, button#8628985c-f266-8af4-52ed-c3359ab9fa86] @ https://cdn.utmify.com.br/scripts/pixel/pixel.js:0
[   86683ms] [LOG] buttons [button#3d9dce3a-2aa5-5b71-26d5-6bc9bf06d076, button#fa223324-b69d-e3ed-e4dc-777301a2fc25, button#8b41e148-2e17-fc71-b7f5-241bd7b1de0c.active, button#8628985c-f266-8af4-52ed-c3359ab9fa86] @ https://cdn.utmify.com.br/scripts/pixel/pixel.js:0
[   88682ms] [LOG] buttons [button#3d9dce3a-2aa5-5b71-26d5-6bc9bf06d076, button#fa223324-b69d-e3ed-e4dc-777301a2fc25, button#8b41e148-2e17-fc71-b7f5-241bd7b1de0c, button#8628985c-f266-8af4-52ed-c3359ab9fa86.active] @ https://cdn.utmify.com.br/scripts/pixel/pixel.js:0
[   90683ms] [LOG] buttons [button#3d9dce3a-2aa5-5b71-26d5-6bc9bf06d076, button#fa223324-b69d-e3ed-e4dc-777301a2fc25, button#8b41e148-2e17-fc71-b7f5-241bd7b1de0c, button#8628985c-f266-8af4-52ed-c3359ab9fa86.active] @ https://cdn.utmify.com.br/scripts/pixel/pixel.js:0
[   92683ms] [LOG] buttons [button#3d9dce3a-2aa5-5b71-26d5-6bc9bf06d076.active, button#fa223324-b69d-e3ed-e4dc-777301a2fc25, button#8b41e148-2e17-fc71-b7f5-241bd7b1de0c, button#8628985c-f266-8af4-52ed-c3359ab9fa86] @ https://cdn.utmify.com.br/scripts/pixel/pixel.js:0
[   94683ms] [LOG] buttons [button#3d9dce3a-2aa5-5b71-26d5-6bc9bf06d076, button#fa223324-b69d-e3ed-e4dc-777301a2fc25.active, button#8b41e148-2e17-fc71-b7f5-241bd7b1de0c, button#8628985c-f266-8af4-52ed-c3359ab9fa86] @ https://cdn.utmify.com.br/scripts/pixel/pixel.js:0
[   96683ms] [LOG] buttons [button#3d9dce3a-2aa5-5b71-26d5-6bc9bf06d076, button#fa223324-b69d-e3ed-e4dc-777301a2fc25.active, button#8b41e148-2e17-fc71-b7f5-241bd7b1de0c, button#8628985c-f266-8af4-52ed-c3359ab9fa86] @ https://cdn.utmify.com.br/scripts/pixel/pixel.js:0
[   98683ms] [LOG] buttons [button#3d9dce3a-2aa5-5b71-26d5-6bc9bf06d076, button#fa223324-b69d-e3ed-e4dc-777301a2fc25, button#8b41e148-2e17-fc71-b7f5-241bd7b1de0c.active, button#8628985c-f266-8af4-52ed-c3359ab9fa86] @ https://cdn.utmify.com.br/scripts/pixel/pixel.js:0
[  100683ms] [LOG] buttons [button#3d9dce3a-2aa5-5b71-26d5-6bc9bf06d076, button#fa223324-b69d-e3ed-e4dc-777301a2fc25, button#8b41e148-2e17-fc71-b7f5-241bd7b1de0c, button#8628985c-f266-8af4-52ed-c3359ab9fa86.active] @ https://cdn.utmify.com.br/scripts/pixel/pixel.js:0
[  102683ms] [LOG] buttons [button#3d9dce3a-2aa5-5b71-26d5-6bc9bf06d076, button#fa223324-b69d-e3ed-e4dc-777301a2fc25, button#8b41e148-2e17-fc71-b7f5-241bd7b1de0c, button#8628985c-f266-8af4-52ed-c3359ab9fa86.active] @ https://cdn.utmify.com.br/scripts/pixel/pixel.js:0
[  104683ms] [LOG] buttons [button#3d9dce3a-2aa5-5b71-26d5-6bc9bf06d076.active, button#fa223324-b69d-e3ed-e4dc-777301a2fc25, button#8b41e148-2e17-fc71-b7f5-241bd7b1de0c, button#8628985c-f266-8af4-52ed-c3359ab9fa86] @ https://cdn.utmify.com.br/scripts/pixel/pixel.js:0
[  106683ms] [LOG] buttons [button#3d9dce3a-2aa5-5b71-26d5-6bc9bf06d076.active, button#fa223324-b69d-e3ed-e4dc-777301a2fc25, button#8b41e148-2e17-fc71-b7f5-241bd7b1de0c, button#8628985c-f266-8af4-52ed-c3359ab9fa86] @ https://cdn.utmify.com.br/scripts/pixel/pixel.js:0
[  108683ms] [LOG] buttons [button#3d9dce3a-2aa5-5b71-26d5-6bc9bf06d076, button#fa223324-b69d-e3ed-e4dc-777301a2fc25.active, button#8b41e148-2e17-fc71-b7f5-241bd7b1de0c, button#8628985c-f266-8af4-52ed-c3359ab9fa86] @ https://cdn.utmify.com.br/scripts/pixel/pixel.js:0
[  110683ms] [LOG] buttons [button#3d9dce3a-2aa5-5b71-26d5-6bc9bf06d076, button#fa223324-b69d-e3ed-e4dc-777301a2fc25, button#8b41e148-2e17-fc71-b7f5-241bd7b1de0c.active, button#8628985c-f266-8af4-52ed-c3359ab9fa86] @ https://cdn.utmify.com.br/scripts/pixel/pixel.js:0
[  112683ms] [LOG] buttons [button#3d9dce3a-2aa5-5b71-26d5-6bc9bf06d076, button#fa223324-b69d-e3ed-e4dc-777301a2fc25, button#8b41e148-2e17-fc71-b7f5-241bd7b1de0c.active, button#8628985c-f266-8af4-52ed-c3359ab9fa86] @ https://cdn.utmify.com.br/scripts/pixel/pixel.js:0
[  114683ms] [LOG] buttons [button#3d9dce3a-2aa5-5b71-26d5-6bc9bf06d076, button#fa223324-b69d-e3ed-e4dc-777301a2fc25, button#8b41e148-2e17-fc71-b7f5-241bd7b1de0c, button#8628985c-f266-8af4-52ed-c3359ab9fa86.active] @ https://cdn.utmify.com.br/scripts/pixel/pixel.js:0
[  116683ms] [LOG] buttons [button#3d9dce3a-2aa5-5b71-26d5-6bc9bf06d076.active, button#fa223324-b69d-e3ed-e4dc-777301a2fc25, button#8b41e148-2e17-fc71-b7f5-241bd7b1de0c, button#8628985c-f266-8af4-52ed-c3359ab9fa86] @ https://cdn.utmify.com.br/scripts/pixel/pixel.js:0
[  118683ms] [LOG] buttons [button#3d9dce3a-2aa5-5b71-26d5-6bc9bf06d076.active, button#fa223324-b69d-e3ed-e4dc-777301a2fc25, button#8b41e148-2e17-fc71-b7f5-241bd7b1de0c, button#8628985c-f266-8af4-52ed-c3359ab9fa86] @ https://cdn.utmify.com.br/scripts/pixel/pixel.js:0
[  120683ms] [LOG] buttons [button#3d9dce3a-2aa5-5b71-26d5-6bc9bf06d076, button#fa223324-b69d-e3ed-e4dc-777301a2fc25.active, button#8b41e148-2e17-fc71-b7f5-241bd7b1de0c, button#8628985c-f266-8af4-52ed-c3359ab9fa86] @ https://cdn.utmify.com.br/scripts/pixel/pixel.js:0
[  122683ms] [LOG] buttons [button#3d9dce3a-2aa5-5b71-26d5-6bc9bf06d076, button#fa223324-b69d-e3ed-e4dc-777301a2fc25.active, button#8b41e148-2e17-fc71-b7f5-241bd7b1de0c, button#8628985c-f266-8af4-52ed-c3359ab9fa86] @ https://cdn.utmify.com.br/scripts/pixel/pixel.js:0
[  124683ms] [LOG] buttons [button#3d9dce3a-2aa5-5b71-26d5-6bc9bf06d076, button#fa223324-b69d-e3ed-e4dc-777301a2fc25, button#8b41e148-2e17-fc71-b7f5-241bd7b1de0c.active, button#8628985c-f266-8af4-52ed-c3359ab9fa86] @ https://cdn.utmify.com.br/scripts/pixel/pixel.js:0
[  126683ms] [LOG] buttons [button#3d9dce3a-2aa5-5b71-26d5-6bc9bf06d076, button#fa223324-b69d-e3ed-e4dc-777301a2fc25, button#8b41e148-2e17-fc71-b7f5-241bd7b1de0c, button#8628985c-f266-8af4-52ed-c3359ab9fa86.active] @ https://cdn.utmify.com.br/scripts/pixel/pixel.js:0
[  128683ms] [LOG] buttons [button#3d9dce3a-2aa5-5b71-26d5-6bc9bf06d076, button#fa223324-b69d-e3ed-e4dc-777301a2fc25, button#8b41e148-2e17-fc71-b7f5-241bd7b1de0c, button#8628985c-f266-8af4-52ed-c3359ab9fa86.active] @ https://cdn.utmify.com.br/scripts/pixel/pixel.js:0
[  130683ms] [LOG] buttons [button#3d9dce3a-2aa5-5b71-26d5-6bc9bf06d076.active, button#fa223324-b69d-e3ed-e4dc-777301a2fc25, button#8b41e148-2e17-fc71-b7f5-241bd7b1de0c, button#8628985c-f266-8af4-52ed-c3359ab9fa86] @ https://cdn.utmify.com.br/scripts/pixel/pixel.js:0
[  132682ms] [LOG] buttons [button#3d9dce3a-2aa5-5b71-26d5-6bc9bf06d076, button#fa223324-b69d-e3ed-e4dc-777301a2fc25.active, button#8b41e148-2e17-fc71-b7f5-241bd7b1de0c, button#8628985c-f266-8af4-52ed-c3359ab9fa86] @ https://cdn.utmify.com.br/scripts/pixel/pixel.js:0
[  134683ms] [LOG] buttons [button#3d9dce3a-2aa5-5b71-26d5-6bc9bf06d076, button#fa223324-b69d-e3ed-e4dc-777301a2fc25.active, button#8b41e148-2e17-fc71-b7f5-241bd7b1de0c, button#8628985c-f266-8af4-52ed-c3359ab9fa86] @ https://cdn.utmify.com.br/scripts/pixel/pixel.js:0
[  136683ms] [LOG] buttons [button#3d9dce3a-2aa5-5b71-26d5-6bc9bf06d076, button#fa223324-b69d-e3ed-e4dc-777301a2fc25, button#8b41e148-2e17-fc71-b7f5-241bd7b1de0c.active, button#8628985c-f266-8af4-52ed-c3359ab9fa86] @ https://cdn.utmify.com.br/scripts/pixel/pixel.js:0
[  138683ms] [LOG] buttons [button#3d9dce3a-2aa5-5b71-26d5-6bc9bf06d076, button#fa223324-b69d-e3ed-e4dc-777301a2fc25, button#8b41e148-2e17-fc71-b7f5-241bd7b1de0c.active, button#8628985c-f266-8af4-52ed-c3359ab9fa86] @ https://cdn.utmify.com.br/scripts/pixel/pixel.js:0
[  140683ms] [LOG] buttons [button#3d9dce3a-2aa5-5b71-26d5-6bc9bf06d076, button#fa223324-b69d-e3ed-e4dc-777301a2fc25, button#8b41e148-2e17-fc71-b7f5-241bd7b1de0c, button#8628985c-f266-8af4-52ed-c3359ab9fa86.active] @ https://cdn.utmify.com.br/scripts/pixel/pixel.js:0
[  142682ms] [LOG] buttons [button#3d9dce3a-2aa5-5b71-26d5-6bc9bf06d076.active, button#fa223324-b69d-e3ed-e4dc-777301a2fc25, button#8b41e148-2e17-fc71-b7f5-241bd7b1de0c, button#8628985c-f266-8af4-52ed-c3359ab9fa86] @ https://cdn.utmify.com.br/scripts/pixel/pixel.js:0
[  144683ms] [LOG] buttons [button#3d9dce3a-2aa5-5b71-26d5-6bc9bf06d076.active, button#fa223324-b69d-e3ed-e4dc-777301a2fc25, button#8b41e148-2e17-fc71-b7f5-241bd7b1de0c, button#8628985c-f266-8af4-52ed-c3359ab9fa86] @ https://cdn.utmify.com.br/scripts/pixel/pixel.js:0
[  146683ms] [LOG] buttons [button#3d9dce3a-2aa5-5b71-26d5-6bc9bf06d076, button#fa223324-b69d-e3ed-e4dc-777301a2fc25.active, button#8b41e148-2e17-fc71-b7f5-241bd7b1de0c, button#8628985c-f266-8af4-52ed-c3359ab9fa86] @ https://cdn.utmify.com.br/scripts/pixel/pixel.js:0
[  148682ms] [LOG] buttons [button#3d9dce3a-2aa5-5b71-26d5-6bc9bf06d076, button#fa223324-b69d-e3ed-e4dc-777301a2fc25, button#8b41e148-2e17-fc71-b7f5-241bd7b1de0c.active, button#8628985c-f266-8af4-52ed-c3359ab9fa86] @ https://cdn.utmify.com.br/scripts/pixel/pixel.js:0
[  150682ms] [LOG] buttons [button#3d9dce3a-2aa5-5b71-26d5-6bc9bf06d076, button#fa223324-b69d-e3ed-e4dc-777301a2fc25, button#8b41e148-2e17-fc71-b7f5-241bd7b1de0c.active, button#8628985c-f266-8af4-52ed-c3359ab9fa86] @ https://cdn.utmify.com.br/scripts/pixel/pixel.js:0
[  152683ms] [LOG] buttons [button#3d9dce3a-2aa5-5b71-26d5-6bc9bf06d076, button#fa223324-b69d-e3ed-e4dc-777301a2fc25, button#8b41e148-2e17-fc71-b7f5-241bd7b1de0c, button#8628985c-f266-8af4-52ed-c3359ab9fa86.active] @ https://cdn.utmify.com.br/scripts/pixel/pixel.js:0
[  154683ms] [LOG] buttons [button#3d9dce3a-2aa5-5b71-26d5-6bc9bf06d076, button#fa223324-b69d-e3ed-e4dc-777301a2fc25, button#8b41e148-2e17-fc71-b7f5-241bd7b1de0c, button#8628985c-f266-8af4-52ed-c3359ab9fa86.active] @ https://cdn.utmify.com.br/scripts/pixel/pixel.js:0
[  156683ms] [LOG] buttons [button#3d9dce3a-2aa5-5b71-26d5-6bc9bf06d076.active, button#fa223324-b69d-e3ed-e4dc-777301a2fc25, button#8b41e148-2e17-fc71-b7f5-241bd7b1de0c, button#8628985c-f266-8af4-52ed-c3359ab9fa86] @ https://cdn.utmify.com.br/scripts/pixel/pixel.js:0
[  158683ms] [LOG] buttons [button#3d9dce3a-2aa5-5b71-26d5-6bc9bf06d076, button#fa223324-b69d-e3ed-e4dc-777301a2fc25.active, button#8b41e148-2e17-fc71-b7f5-241bd7b1de0c, button#8628985c-f266-8af4-52ed-c3359ab9fa86] @ https://cdn.utmify.com.br/scripts/pixel/pixel.js:0
[  160683ms] [LOG] buttons [button#3d9dce3a-2aa5-5b71-26d5-6bc9bf06d076, button#fa223324-b69d-e3ed-e4dc-777301a2fc25.active, button#8b41e148-2e17-fc71-b7f5-241bd7b1de0c, button#8628985c-f266-8af4-52ed-c3359ab9fa86] @ https://cdn.utmify.com.br/scripts/pixel/pixel.js:0
[  162683ms] [LOG] buttons [button#3d9dce3a-2aa5-5b71-26d5-6bc9bf06d076, button#fa223324-b69d-e3ed-e4dc-777301a2fc25, button#8b41e148-2e17-fc71-b7f5-241bd7b1de0c.active, button#8628985c-f266-8af4-52ed-c3359ab9fa86] @ https://cdn.utmify.com.br/scripts/pixel/pixel.js:0
[  164683ms] [LOG] buttons [button#3d9dce3a-2aa5-5b71-26d5-6bc9bf06d076, button#fa223324-b69d-e3ed-e4dc-777301a2fc25, button#8b41e148-2e17-fc71-b7f5-241bd7b1de0c, button#8628985c-f266-8af4-52ed-c3359ab9fa86.active] @ https://cdn.utmify.com.br/scripts/pixel/pixel.js:0
[  166683ms] [LOG] buttons [button#3d9dce3a-2aa5-5b71-26d5-6bc9bf06d076, button#fa223324-b69d-e3ed-e4dc-777301a2fc25, button#8b41e148-2e17-fc71-b7f5-241bd7b1de0c, button#8628985c-f266-8af4-52ed-c3359ab9fa86.active] @ https://cdn.utmify.com.br/scripts/pixel/pixel.js:0
[  168683ms] [LOG] buttons [button#3d9dce3a-2aa5-5b71-26d5-6bc9bf06d076.active, button#fa223324-b69d-e3ed-e4dc-777301a2fc25, button#8b41e148-2e17-fc71-b7f5-241bd7b1de0c, button#8628985c-f266-8af4-52ed-c3359ab9fa86] @ https://cdn.utmify.com.br/scripts/pixel/pixel.js:0
[  170683ms] [LOG] buttons [button#3d9dce3a-2aa5-5b71-26d5-6bc9bf06d076.active, button#fa223324-b69d-e3ed-e4dc-777301a2fc25, button#8b41e148-2e17-fc71-b7f5-241bd7b1de0c, button#8628985c-f266-8af4-52ed-c3359ab9fa86] @ https://cdn.utmify.com.br/scripts/pixel/pixel.js:0
[  172682ms] [LOG] buttons [button#3d9dce3a-2aa5-5b71-26d5-6bc9bf06d076, button#fa223324-b69d-e3ed-e4dc-777301a2fc25.active, button#8b41e148-2e17-fc71-b7f5-241bd7b1de0c, button#8628985c-f266-8af4-52ed-c3359ab9fa86] @ https://cdn.utmify.com.br/scripts/pixel/pixel.js:0
[  174683ms] [LOG] buttons [button#3d9dce3a-2aa5-5b71-26d5-6bc9bf06d076, button#fa223324-b69d-e3ed-e4dc-777301a2fc25, button#8b41e148-2e17-fc71-b7f5-241bd7b1de0c.active, button#8628985c-f266-8af4-52ed-c3359ab9fa86] @ https://cdn.utmify.com.br/scripts/pixel/pixel.js:0
[  176683ms] [LOG] buttons [button#3d9dce3a-2aa5-5b71-26d5-6bc9bf06d076, button#fa223324-b69d-e3ed-e4dc-777301a2fc25, button#8b41e148-2e17-fc71-b7f5-241bd7b1de0c.active, button#8628985c-f266-8af4-52ed-c3359ab9fa86] @ https://cdn.utmify.com.br/scripts/pixel/pixel.js:0
[  178683ms] [LOG] buttons [button#3d9dce3a-2aa5-5b71-26d5-6bc9bf06d076, button#fa223324-b69d-e3ed-e4dc-777301a2fc25, button#8b41e148-2e17-fc71-b7f5-241bd7b1de0c, button#8628985c-f266-8af4-52ed-c3359ab9fa86.active] @ https://cdn.utmify.com.br/scripts/pixel/pixel.js:0
[  180683ms] [LOG] buttons [button#3d9dce3a-2aa5-5b71-26d5-6bc9bf06d076.active, button#fa223324-b69d-e3ed-e4dc-777301a2fc25, button#8b41e148-2e17-fc71-b7f5-241bd7b1de0c, button#8628985c-f266-8af4-52ed-c3359ab9fa86] @ https://cdn.utmify.com.br/scripts/pixel/pixel.js:0
[  182683ms] [LOG] buttons [button#3d9dce3a-2aa5-5b71-26d5-6bc9bf06d076.active, button#fa223324-b69d-e3ed-e4dc-777301a2fc25, button#8b41e148-2e17-fc71-b7f5-241bd7b1de0c, button#8628985c-f266-8af4-52ed-c3359ab9fa86] @ https://cdn.utmify.com.br/scripts/pixel/pixel.js:0
[  184683ms] [LOG] buttons [button#3d9dce3a-2aa5-5b71-26d5-6bc9bf06d076, button#fa223324-b69d-e3ed-e4dc-777301a2fc25.active, button#8b41e148-2e17-fc71-b7f5-241bd7b1de0c, button#8628985c-f266-8af4-52ed-c3359ab9fa86] @ https://cdn.utmify.com.br/scripts/pixel/pixel.js:0
[  186683ms] [LOG] buttons [button#3d9dce3a-2aa5-5b71-26d5-6bc9bf06d076, button#fa223324-b69d-e3ed-e4dc-777301a2fc25.active, button#8b41e148-2e17-fc71-b7f5-241bd7b1de0c, button#8628985c-f266-8af4-52ed-c3359ab9fa86] @ https://cdn.utmify.com.br/scripts/pixel/pixel.js:0
[  188683ms] [LOG] buttons [button#3d9dce3a-2aa5-5b71-26d5-6bc9bf06d076, button#fa223324-b69d-e3ed-e4dc-777301a2fc25, button#8b41e148-2e17-fc71-b7f5-241bd7b1de0c.active, button#8628985c-f266-8af4-52ed-c3359ab9fa86] @ https://cdn.utmify.com.br/scripts/pixel/pixel.js:0
[  190683ms] [LOG] buttons [button#3d9dce3a-2aa5-5b71-26d5-6bc9bf06d076, button#fa223324-b69d-e3ed-e4dc-777301a2fc25, button#8b41e148-2e17-fc71-b7f5-241bd7b1de0c, button#8628985c-f266-8af4-52ed-c3359ab9fa86.active] @ https://cdn.utmify.com.br/scripts/pixel/pixel.js:0
[  192682ms] [LOG] buttons [button#3d9dce3a-2aa5-5b71-26d5-6bc9bf06d076, button#fa223324-b69d-e3ed-e4dc-777301a2fc25, button#8b41e148-2e17-fc71-b7f5-241bd7b1de0c, button#8628985c-f266-8af4-52ed-c3359ab9fa86.active] @ https://cdn.utmify.com.br/scripts/pixel/pixel.js:0
[  194683ms] [LOG] buttons [button#3d9dce3a-2aa5-5b71-26d5-6bc9bf06d076.active, button#fa223324-b69d-e3ed-e4dc-777301a2fc25, button#8b41e148-2e17-fc71-b7f5-241bd7b1de0c, button#8628985c-f266-8af4-52ed-c3359ab9fa86] @ https://cdn.utmify.com.br/scripts/pixel/pixel.js:0
[  196683ms] [LOG] buttons [button#3d9dce3a-2aa5-5b71-26d5-6bc9bf06d076, button#fa223324-b69d-e3ed-e4dc-777301a2fc25.active, button#8b41e148-2e17-fc71-b7f5-241bd7b1de0c, button#8628985c-f266-8af4-52ed-c3359ab9fa86] @ https://cdn.utmify.com.br/scripts/pixel/pixel.js:0
[  198683ms] [LOG] buttons [button#3d9dce3a-2aa5-5b71-26d5-6bc9bf06d076, button#fa223324-b69d-e3ed-e4dc-777301a2fc25.active, button#8b41e148-2e17-fc71-b7f5-241bd7b1de0c, button#8628985c-f266-8af4-52ed-c3359ab9fa86] @ https://cdn.utmify.com.br/scripts/pixel/pixel.js:0
[  200683ms] [LOG] buttons [button#3d9dce3a-2aa5-5b71-26d5-6bc9bf06d076, button#fa223324-b69d-e3ed-e4dc-777301a2fc25, button#8b41e148-2e17-fc71-b7f5-241bd7b1de0c.active, button#8628985c-f266-8af4-52ed-c3359ab9fa86] @ https://cdn.utmify.com.br/scripts/pixel/pixel.js:0
[  202683ms] [LOG] buttons [button#3d9dce3a-2aa5-5b71-26d5-6bc9bf06d076, button#fa223324-b69d-e3ed-e4dc-777301a2fc25, button#8b41e148-2e17-fc71-b7f5-241bd7b1de0c.active, button#8628985c-f266-8af4-52ed-c3359ab9fa86] @ https://cdn.utmify.com.br/scripts/pixel/pixel.js:0
[  204683ms] [LOG] buttons [button#3d9dce3a-2aa5-5b71-26d5-6bc9bf06d076, button#fa223324-b69d-e3ed-e4dc-777301a2fc25, button#8b41e148-2e17-fc71-b7f5-241bd7b1de0c, button#8628985c-f266-8af4-52ed-c3359ab9fa86.active] @ https://cdn.utmify.com.br/scripts/pixel/pixel.js:0
[  206683ms] [LOG] buttons [button#3d9dce3a-2aa5-5b71-26d5-6bc9bf06d076.active, button#fa223324-b69d-e3ed-e4dc-777301a2fc25, button#8b41e148-2e17-fc71-b7f5-241bd7b1de0c, button#8628985c-f266-8af4-52ed-c3359ab9fa86] @ https://cdn.utmify.com.br/scripts/pixel/pixel.js:0
[  208683ms] [LOG] buttons [button#3d9dce3a-2aa5-5b71-26d5-6bc9bf06d076.active, button#fa223324-b69d-e3ed-e4dc-777301a2fc25, button#8b41e148-2e17-fc71-b7f5-241bd7b1de0c, button#8628985c-f266-8af4-52ed-c3359ab9fa86] @ https://cdn.utmify.com.br/scripts/pixel/pixel.js:0
[  210683ms] [LOG] buttons [button#3d9dce3a-2aa5-5b71-26d5-6bc9bf06d076, button#fa223324-b69d-e3ed-e4dc-777301a2fc25.active, button#8b41e148-2e17-fc71-b7f5-241bd7b1de0c, button#8628985c-f266-8af4-52ed-c3359ab9fa86] @ https://cdn.utmify.com.br/scripts/pixel/pixel.js:0
[  212682ms] [LOG] buttons [button#3d9dce3a-2aa5-5b71-26d5-6bc9bf06d076, button#fa223324-b69d-e3ed-e4dc-777301a2fc25, button#8b41e148-2e17-fc71-b7f5-241bd7b1de0c.active, button#8628985c-f266-8af4-52ed-c3359ab9fa86] @ https://cdn.utmify.com.br/scripts/pixel/pixel.js:0
[  214683ms] [LOG] buttons [button#3d9dce3a-2aa5-5b71-26d5-6bc9bf06d076, button#fa223324-b69d-e3ed-e4dc-777301a2fc25, button#8b41e148-2e17-fc71-b7f5-241bd7b1de0c.active, button#8628985c-f266-8af4-52ed-c3359ab9fa86] @ https://cdn.utmify.com.br/scripts/pixel/pixel.js:0
[  216683ms] [LOG] buttons [button#3d9dce3a-2aa5-5b71-26d5-6bc9bf06d076, button#fa223324-b69d-e3ed-e4dc-777301a2fc25, button#8b41e148-2e17-fc71-b7f5-241bd7b1de0c, button#8628985c-f266-8af4-52ed-c3359ab9fa86.active] @ https://cdn.utmify.com.br/scripts/pixel/pixel.js:0
[  218683ms] [LOG] buttons [button#3d9dce3a-2aa5-5b71-26d5-6bc9bf06d076, button#fa223324-b69d-e3ed-e4dc-777301a2fc25, button#8b41e148-2e17-fc71-b7f5-241bd7b1de0c, button#8628985c-f266-8af4-52ed-c3359ab9fa86.active] @ https://cdn.utmify.com.br/scripts/pixel/pixel.js:0
[  220684ms] [LOG] buttons [button#3d9dce3a-2aa5-5b71-26d5-6bc9bf06d076.active, button#fa223324-b69d-e3ed-e4dc-777301a2fc25, button#8b41e148-2e17-fc71-b7f5-241bd7b1de0c, button#8628985c-f266-8af4-52ed-c3359ab9fa86] @ https://cdn.utmify.com.br/scripts/pixel/pixel.js:0
[  222683ms] [LOG] buttons [button#3d9dce3a-2aa5-5b71-26d5-6bc9bf06d076, button#fa223324-b69d-e3ed-e4dc-777301a2fc25.active, button#8b41e148-2e17-fc71-b7f5-241bd7b1de0c, button#8628985c-f266-8af4-52ed-c3359ab9fa86] @ https://cdn.utmify.com.br/scripts/pixel/pixel.js:0
[  224683ms] [LOG] buttons [button#3d9dce3a-2aa5-5b71-26d5-6bc9bf06d076, button#fa223324-b69d-e3ed-e4dc-777301a2fc25.active, button#8b41e148-2e17-fc71-b7f5-241bd7b1de0c, button#8628985c-f266-8af4-52ed-c3359ab9fa86] @ https://cdn.utmify.com.br/scripts/pixel/pixel.js:0
[  226683ms] [LOG] buttons [button#3d9dce3a-2aa5-5b71-26d5-6bc9bf06d076, button#fa223324-b69d-e3ed-e4dc-777301a2fc25, button#8b41e148-2e17-fc71-b7f5-241bd7b1de0c.active, button#8628985c-f266-8af4-52ed-c3359ab9fa86] @ https://cdn.utmify.com.br/scripts/pixel/pixel.js:0
[  228683ms] [LOG] buttons [button#3d9dce3a-2aa5-5b71-26d5-6bc9bf06d076, button#fa223324-b69d-e3ed-e4dc-777301a2fc25, button#8b41e148-2e17-fc71-b7f5-241bd7b1de0c, button#8628985c-f266-8af4-52ed-c3359ab9fa86.active] @ https://cdn.utmify.com.br/scripts/pixel/pixel.js:0
[  230683ms] [LOG] buttons [button#3d9dce3a-2aa5-5b71-26d5-6bc9bf06d076, button#fa223324-b69d-e3ed-e4dc-777301a2fc25, button#8b41e148-2e17-fc71-b7f5-241bd7b1de0c, button#8628985c-f266-8af4-52ed-c3359ab9fa86.active] @ https://cdn.utmify.com.br/scripts/pixel/pixel.js:0
[  232683ms] [LOG] buttons [button#3d9dce3a-2aa5-5b71-26d5-6bc9bf06d076.active, button#fa223324-b69d-e3ed-e4dc-777301a2fc25, button#8b41e148-2e17-fc71-b7f5-241bd7b1de0c, button#8628985c-f266-8af4-52ed-c3359ab9fa86] @ https://cdn.utmify.com.br/scripts/pixel/pixel.js:0
[  234683ms] [LOG] buttons [button#3d9dce3a-2aa5-5b71-26d5-6bc9bf06d076.active, button#fa223324-b69d-e3ed-e4dc-777301a2fc25, button#8b41e148-2e17-fc71-b7f5-241bd7b1de0c, button#8628985c-f266-8af4-52ed-c3359ab9fa86] @ https://cdn.utmify.com.br/scripts/pixel/pixel.js:0
[  236682ms] [LOG] buttons [button#3d9dce3a-2aa5-5b71-26d5-6bc9bf06d076, button#fa223324-b69d-e3ed-e4dc-777301a2fc25.active, button#8b41e148-2e17-fc71-b7f5-241bd7b1de0c, button#8628985c-f266-8af4-52ed-c3359ab9fa86] @ https://cdn.utmify.com.br/scripts/pixel/pixel.js:0
