[     151ms] [LOG] Tracker Meta version 1.6.1 @ https://cdn.utmify.com.br/scripts/pixel/pixel.js:0
[     151ms] [LOG] Tracker.inited?: false @ https://cdn.utmify.com.br/scripts/pixel/pixel.js:0
[     262ms] [ERROR] Failed to load resource: the server responded with a status of 404 (File not found) @ http://localhost:8754/favicon.ico:0
[     722ms] [LOG] buttons [button.active, button, button, button] @ https://cdn.utmify.com.br/scripts/pixel/pixel.js:0
[     724ms] [ERROR] Failed to load resource: net::ERR_CONNECTION_REFUSED @ http://localhost:3001/tracking/v1/events:0
[     725ms] Uncaught (in promise) TypeError: Failed to fetch
    at <anonymous> (https://cdn.utmify.com.br/scripts/pixel/pixel.js:0:20157)
    at <anonymous> (https://cdn.utmify.com.br/scripts/pixel/pixel.js:0:17787)
    at <anonymous> (https://cdn.utmify.com.br/scripts/pixel/pixel.js:0:17532)
    at event (https://cdn.utmify.com.br/scripts/pixel/pixel.js:0:20081)
    at <anonymous> (https://cdn.utmify.com.br/scripts/pixel/pixel.js:0:30589)
    at <anonymous> (https://cdn.utmify.com.br/scripts/pixel/pixel.js:0:29166)
    at <anonymous> (https://cdn.utmify.com.br/scripts/pixel/pixel.js:0:28911)
    at track (https://cdn.utmify.com.br/scripts/pixel/pixel.js:0:30436)
    at <anonymous> (https://cdn.utmify.com.br/scripts/pixel/pixel.js:0:30025)
    at r (https://cdn.utmify.com.br/scripts/pixel/pixel.js:0:28968)
[     738ms] [LOG] scrolling 6437.5 @ https://cdn.utmify.com.br/scripts/pixel/pixel.js:0
[     740ms] [ERROR] Failed to load resource: net::ERR_CONNECTION_REFUSED @ http://localhost:3001/tracking/v1/events:0
[     744ms] Uncaught (in promise) TypeError: Failed to fetch
    at <anonymous> (https://cdn.utmify.com.br/scripts/pixel/pixel.js:0:20157)
    at <anonymous> (https://cdn.utmify.com.br/scripts/pixel/pixel.js:0:17787)
    at <anonymous> (https://cdn.utmify.com.br/scripts/pixel/pixel.js:0:17532)
    at event (https://cdn.utmify.com.br/scripts/pixel/pixel.js:0:20081)
    at <anonymous> (https://cdn.utmify.com.br/scripts/pixel/pixel.js:0:30589)
    at <anonymous> (https://cdn.utmify.com.br/scripts/pixel/pixel.js:0:29166)
    at <anonymous> (https://cdn.utmify.com.br/scripts/pixel/pixel.js:0:28911)
    at track (https://cdn.utmify.com.br/scripts/pixel/pixel.js:0:30436)
    at <anonymous> (https://cdn.utmify.com.br/scripts/pixel/pixel.js:0:38669)
    at <anonymous> (https://cdn.utmify.com.br/scripts/pixel/pixel.js:0:38164)
    at <anonymous> (https://cdn.utmify.com.br/scripts/pixel/pixel.js:0:37909)
    at <anonymous> (https://cdn.utmify.com.br/scripts/pixel/pixel.js:0:38565)
[     755ms] [LOG] scrolling 6556 @ https://cdn.utmify.com.br/scripts/pixel/pixel.js:0
[     771ms] [LOG] scrolling 6664 @ https://cdn.utmify.com.br/scripts/pixel/pixel.js:0
[     788ms] [LOG] scrolling 6770 @ https://cdn.utmify.com.br/scripts/pixel/pixel.js:0
[     805ms] [LOG] scrolling 6870 @ https://cdn.utmify.com.br/scripts/pixel/pixel.js:0
[     821ms] [LOG] scrolling 6958.5 @ https://cdn.utmify.com.br/scripts/pixel/pixel.js:0
[     838ms] [LOG] scrolling 7050.5 @ https://cdn.utmify.com.br/scripts/pixel/pixel.js:0
[     855ms] [LOG] scrolling 7132 @ https://cdn.utmify.com.br/scripts/pixel/pixel.js:0
[     872ms] [LOG] scrolling 7211.5 @ https://cdn.utmify.com.br/scripts/pixel/pixel.js:0
[     888ms] [LOG] scrolling 7286 @ https://cdn.utmify.com.br/scripts/pixel/pixel.js:0
[     905ms] [LOG] scrolling 7356 @ https://cdn.utmify.com.br/scripts/pixel/pixel.js:0
[     922ms] [LOG] scrolling 7423 @ https://cdn.utmify.com.br/scripts/pixel/pixel.js:0
[     938ms] [LOG] scrolling 7486 @ https://cdn.utmify.com.br/scripts/pixel/pixel.js:0
[     955ms] [LOG] scrolling 7546 @ https://cdn.utmify.com.br/scripts/pixel/pixel.js:0
[     972ms] [LOG] scrolling 7603 @ https://cdn.utmify.com.br/scripts/pixel/pixel.js:0
[     987ms] [LOG] scrolling 7654 @ https://cdn.utmify.com.br/scripts/pixel/pixel.js:0
[    1004ms] [LOG] scrolling 7706 @ https://cdn.utmify.com.br/scripts/pixel/pixel.js:0
[    1022ms] [LOG] scrolling 7757 @ https://cdn.utmify.com.br/scripts/pixel/pixel.js:0
[    1038ms] [LOG] scrolling 7803.5 @ https://cdn.utmify.com.br/scripts/pixel/pixel.js:0
[    1055ms] [LOG] scrolling 7847.5 @ https://cdn.utmify.com.br/scripts/pixel/pixel.js:0
[    1072ms] [LOG] scrolling 7889.5 @ https://cdn.utmify.com.br/scripts/pixel/pixel.js:0
[    1088ms] [LOG] scrolling 7929 @ https://cdn.utmify.com.br/scripts/pixel/pixel.js:0
[    1105ms] [LOG] scrolling 7966.5 @ https://cdn.utmify.com.br/scripts/pixel/pixel.js:0
[    1122ms] [LOG] scrolling 8002.5 @ https://cdn.utmify.com.br/scripts/pixel/pixel.js:0
[    1138ms] [LOG] scrolling 8036.5 @ https://cdn.utmify.com.br/scripts/pixel/pixel.js:0
[    1155ms] [LOG] scrolling 8068.5 @ https://cdn.utmify.com.br/scripts/pixel/pixel.js:0
[    1172ms] [LOG] scrolling 8099 @ https://cdn.utmify.com.br/scripts/pixel/pixel.js:0
[    1188ms] [LOG] scrolling 8127.5 @ https://cdn.utmify.com.br/scripts/pixel/pixel.js:0
[    1205ms] [LOG] scrolling 8155 @ https://cdn.utmify.com.br/scripts/pixel/pixel.js:0
[    1222ms] [LOG] scrolling 8180.5 @ https://cdn.utmify.com.br/scripts/pixel/pixel.js:0
[    1238ms] [LOG] scrolling 8205 @ https://cdn.utmify.com.br/scripts/pixel/pixel.js:0
[    1255ms] [LOG] scrolling 8227.5 @ https://cdn.utmify.com.br/scripts/pixel/pixel.js:0
[    1271ms] [LOG] scrolling 8249 @ https://cdn.utmify.com.br/scripts/pixel/pixel.js:0
[    1289ms] [LOG] scrolling 8269.5 @ https://cdn.utmify.com.br/scripts/pixel/pixel.js:0
[    1305ms] [LOG] scrolling 8288.5 @ https://cdn.utmify.com.br/scripts/pixel/pixel.js:0
[    1321ms] [LOG] scrolling 8305.5 @ https://cdn.utmify.com.br/scripts/pixel/pixel.js:0
[    1338ms] [LOG] scrolling 8322.5 @ https://cdn.utmify.com.br/scripts/pixel/pixel.js:0
[    1355ms] [LOG] scrolling 8338 @ https://cdn.utmify.com.br/scripts/pixel/pixel.js:0
[    1372ms] [LOG] scrolling 8352.5 @ https://cdn.utmify.com.br/scripts/pixel/pixel.js:0
[    1388ms] [LOG] scrolling 8365.5 @ https://cdn.utmify.com.br/scripts/pixel/pixel.js:0
[    1405ms] [LOG] scrolling 8377.5 @ https://cdn.utmify.com.br/scripts/pixel/pixel.js:0
[    1421ms] [LOG] scrolling 8388 @ https://cdn.utmify.com.br/scripts/pixel/pixel.js:0
[    1438ms] [LOG] scrolling 8399 @ https://cdn.utmify.com.br/scripts/pixel/pixel.js:0
[    1454ms] [LOG] scrolling 8408 @ https://cdn.utmify.com.br/scripts/pixel/pixel.js:0
[    1471ms] [LOG] scrolling 8416.5 @ https://cdn.utmify.com.br/scripts/pixel/pixel.js:0
[    1488ms] [LOG] scrolling 8424 @ https://cdn.utmify.com.br/scripts/pixel/pixel.js:0
[    1505ms] [LOG] scrolling 8430.5 @ https://cdn.utmify.com.br/scripts/pixel/pixel.js:0
[    1521ms] [LOG] scrolling 8436.5 @ https://cdn.utmify.com.br/scripts/pixel/pixel.js:0
[    1538ms] [LOG] scrolling 8441 @ https://cdn.utmify.com.br/scripts/pixel/pixel.js:0
[    1554ms] [LOG] scrolling 8445 @ https://cdn.utmify.com.br/scripts/pixel/pixel.js:0
[    1571ms] [LOG] scrolling 8448.5 @ https://cdn.utmify.com.br/scripts/pixel/pixel.js:0
[    1588ms] [LOG] scrolling 8451 @ https://cdn.utmify.com.br/scripts/pixel/pixel.js:0
[    1604ms] [LOG] scrolling 8453 @ https://cdn.utmify.com.br/scripts/pixel/pixel.js:0
[    1621ms] [LOG] scrolling 8454 @ https://cdn.utmify.com.br/scripts/pixel/pixel.js:0
[    2723ms] [LOG] buttons [button.active, button, button, button] @ https://cdn.utmify.com.br/scripts/pixel/pixel.js:0
[    4723ms] [LOG] buttons [button#4245c71b-9a90-7e9f-8281-67ecc3d06733, button#86147f5d-ba30-17d3-6e92-348cc7964324.active, button#4ae4e8d4-eda0-210e-01c0-0f453d2166e0, button#de9daf01-2d3c-6ef1-74d4-71421de0e37a] @ https://cdn.utmify.com.br/scripts/pixel/pixel.js:0
[    6723ms] [LOG] buttons [button#4245c71b-9a90-7e9f-8281-67ecc3d06733, button#86147f5d-ba30-17d3-6e92-348cc7964324, button#4ae4e8d4-eda0-210e-01c0-0f453d2166e0.active, button#de9daf01-2d3c-6ef1-74d4-71421de0e37a] @ https://cdn.utmify.com.br/scripts/pixel/pixel.js:0
[    8723ms] [LOG] buttons [button#4245c71b-9a90-7e9f-8281-67ecc3d06733, button#86147f5d-ba30-17d3-6e92-348cc7964324, button#4ae4e8d4-eda0-210e-01c0-0f453d2166e0.active, button#de9daf01-2d3c-6ef1-74d4-71421de0e37a] @ https://cdn.utmify.com.br/scripts/pixel/pixel.js:0
[   10723ms] [LOG] buttons [button#4245c71b-9a90-7e9f-8281-67ecc3d06733, button#86147f5d-ba30-17d3-6e92-348cc7964324, button#4ae4e8d4-eda0-210e-01c0-0f453d2166e0, button#de9daf01-2d3c-6ef1-74d4-71421de0e37a.active] @ https://cdn.utmify.com.br/scripts/pixel/pixel.js:0
[   12723ms] [LOG] buttons [button#4245c71b-9a90-7e9f-8281-67ecc3d06733, button#86147f5d-ba30-17d3-6e92-348cc7964324, button#4ae4e8d4-eda0-210e-01c0-0f453d2166e0, button#de9daf01-2d3c-6ef1-74d4-71421de0e37a.active] @ https://cdn.utmify.com.br/scripts/pixel/pixel.js:0
[   14723ms] [LOG] buttons [button#4245c71b-9a90-7e9f-8281-67ecc3d06733.active, button#86147f5d-ba30-17d3-6e92-348cc7964324, button#4ae4e8d4-eda0-210e-01c0-0f453d2166e0, button#de9daf01-2d3c-6ef1-74d4-71421de0e37a] @ https://cdn.utmify.com.br/scripts/pixel/pixel.js:0
[   16723ms] [LOG] buttons [button#4245c71b-9a90-7e9f-8281-67ecc3d06733, button#86147f5d-ba30-17d3-6e92-348cc7964324.active, button#4ae4e8d4-eda0-210e-01c0-0f453d2166e0, button#de9daf01-2d3c-6ef1-74d4-71421de0e37a] @ https://cdn.utmify.com.br/scripts/pixel/pixel.js:0
[   18723ms] [LOG] buttons [button#4245c71b-9a90-7e9f-8281-67ecc3d06733, button#86147f5d-ba30-17d3-6e92-348cc7964324.active, button#4ae4e8d4-eda0-210e-01c0-0f453d2166e0, button#de9daf01-2d3c-6ef1-74d4-71421de0e37a] @ https://cdn.utmify.com.br/scripts/pixel/pixel.js:0
[   20722ms] [LOG] buttons [button#4245c71b-9a90-7e9f-8281-67ecc3d06733, button#86147f5d-ba30-17d3-6e92-348cc7964324, button#4ae4e8d4-eda0-210e-01c0-0f453d2166e0.active, button#de9daf01-2d3c-6ef1-74d4-71421de0e37a] @ https://cdn.utmify.com.br/scripts/pixel/pixel.js:0
[   22723ms] [LOG] buttons [button#4245c71b-9a90-7e9f-8281-67ecc3d06733, button#86147f5d-ba30-17d3-6e92-348cc7964324, button#4ae4e8d4-eda0-210e-01c0-0f453d2166e0, button#de9daf01-2d3c-6ef1-74d4-71421de0e37a.active] @ https://cdn.utmify.com.br/scripts/pixel/pixel.js:0
[   24723ms] [LOG] buttons [button#4245c71b-9a90-7e9f-8281-67ecc3d06733, button#86147f5d-ba30-17d3-6e92-348cc7964324, button#4ae4e8d4-eda0-210e-01c0-0f453d2166e0, button#de9daf01-2d3c-6ef1-74d4-71421de0e37a.active] @ https://cdn.utmify.com.br/scripts/pixel/pixel.js:0
[   26723ms] [LOG] buttons [button#4245c71b-9a90-7e9f-8281-67ecc3d06733.active, button#86147f5d-ba30-17d3-6e92-348cc7964324, button#4ae4e8d4-eda0-210e-01c0-0f453d2166e0, button#de9daf01-2d3c-6ef1-74d4-71421de0e37a] @ https://cdn.utmify.com.br/scripts/pixel/pixel.js:0
[   28723ms] [LOG] buttons [button#4245c71b-9a90-7e9f-8281-67ecc3d06733.active, button#86147f5d-ba30-17d3-6e92-348cc7964324, button#4ae4e8d4-eda0-210e-01c0-0f453d2166e0, button#de9daf01-2d3c-6ef1-74d4-71421de0e37a] @ https://cdn.utmify.com.br/scripts/pixel/pixel.js:0
[   30723ms] [LOG] buttons [button#4245c71b-9a90-7e9f-8281-67ecc3d06733, button#86147f5d-ba30-17d3-6e92-348cc7964324.active, button#4ae4e8d4-eda0-210e-01c0-0f453d2166e0, button#de9daf01-2d3c-6ef1-74d4-71421de0e37a] @ https://cdn.utmify.com.br/scripts/pixel/pixel.js:0
[   32723ms] [LOG] buttons [button#4245c71b-9a90-7e9f-8281-67ecc3d06733, button#86147f5d-ba30-17d3-6e92-348cc7964324, button#4ae4e8d4-eda0-210e-01c0-0f453d2166e0.active, button#de9daf01-2d3c-6ef1-74d4-71421de0e37a] @ https://cdn.utmify.com.br/scripts/pixel/pixel.js:0
[   34723ms] [LOG] buttons [button#4245c71b-9a90-7e9f-8281-67ecc3d06733, button#86147f5d-ba30-17d3-6e92-348cc7964324, button#4ae4e8d4-eda0-210e-01c0-0f453d2166e0.active, button#de9daf01-2d3c-6ef1-74d4-71421de0e37a] @ https://cdn.utmify.com.br/scripts/pixel/pixel.js:0
[   36723ms] [LOG] buttons [button#4245c71b-9a90-7e9f-8281-67ecc3d06733, button#86147f5d-ba30-17d3-6e92-348cc7964324, button#4ae4e8d4-eda0-210e-01c0-0f453d2166e0, button#de9daf01-2d3c-6ef1-74d4-71421de0e37a.active] @ https://cdn.utmify.com.br/scripts/pixel/pixel.js:0
[   38723ms] [LOG] buttons [button#4245c71b-9a90-7e9f-8281-67ecc3d06733.active, button#86147f5d-ba30-17d3-6e92-348cc7964324, button#4ae4e8d4-eda0-210e-01c0-0f453d2166e0, button#de9daf01-2d3c-6ef1-74d4-71421de0e37a] @ https://cdn.utmify.com.br/scripts/pixel/pixel.js:0
[   40722ms] [LOG] buttons [button#4245c71b-9a90-7e9f-8281-67ecc3d06733.active, button#86147f5d-ba30-17d3-6e92-348cc7964324, button#4ae4e8d4-eda0-210e-01c0-0f453d2166e0, button#de9daf01-2d3c-6ef1-74d4-71421de0e37a] @ https://cdn.utmify.com.br/scripts/pixel/pixel.js:0
[   42723ms] [LOG] buttons [button#4245c71b-9a90-7e9f-8281-67ecc3d06733, button#86147f5d-ba30-17d3-6e92-348cc7964324.active, button#4ae4e8d4-eda0-210e-01c0-0f453d2166e0, button#de9daf01-2d3c-6ef1-74d4-71421de0e37a] @ https://cdn.utmify.com.br/scripts/pixel/pixel.js:0
[   44723ms] [LOG] buttons [button#4245c71b-9a90-7e9f-8281-67ecc3d06733, button#86147f5d-ba30-17d3-6e92-348cc7964324.active, button#4ae4e8d4-eda0-210e-01c0-0f453d2166e0, button#de9daf01-2d3c-6ef1-74d4-71421de0e37a] @ https://cdn.utmify.com.br/scripts/pixel/pixel.js:0
[   46723ms] [LOG] buttons [button#4245c71b-9a90-7e9f-8281-67ecc3d06733, button#86147f5d-ba30-17d3-6e92-348cc7964324, button#4ae4e8d4-eda0-210e-01c0-0f453d2166e0.active, button#de9daf01-2d3c-6ef1-74d4-71421de0e37a] @ https://cdn.utmify.com.br/scripts/pixel/pixel.js:0
[   48723ms] [LOG] buttons [button#4245c71b-9a90-7e9f-8281-67ecc3d06733, button#86147f5d-ba30-17d3-6e92-348cc7964324, button#4ae4e8d4-eda0-210e-01c0-0f453d2166e0, button#de9daf01-2d3c-6ef1-74d4-71421de0e37a.active] @ https://cdn.utmify.com.br/scripts/pixel/pixel.js:0
[   50724ms] [LOG] buttons [button#4245c71b-9a90-7e9f-8281-67ecc3d06733, button#86147f5d-ba30-17d3-6e92-348cc7964324, button#4ae4e8d4-eda0-210e-01c0-0f453d2166e0, button#de9daf01-2d3c-6ef1-74d4-71421de0e37a.active] @ https://cdn.utmify.com.br/scripts/pixel/pixel.js:0
[   52722ms] [LOG] buttons [button#4245c71b-9a90-7e9f-8281-67ecc3d06733.active, button#86147f5d-ba30-17d3-6e92-348cc7964324, button#4ae4e8d4-eda0-210e-01c0-0f453d2166e0, button#de9daf01-2d3c-6ef1-74d4-71421de0e37a] @ https://cdn.utmify.com.br/scripts/pixel/pixel.js:0
[   54723ms] [LOG] buttons [button#4245c71b-9a90-7e9f-8281-67ecc3d06733, button#86147f5d-ba30-17d3-6e92-348cc7964324.active, button#4ae4e8d4-eda0-210e-01c0-0f453d2166e0, button#de9daf01-2d3c-6ef1-74d4-71421de0e37a] @ https://cdn.utmify.com.br/scripts/pixel/pixel.js:0
[   56723ms] [LOG] buttons [button#4245c71b-9a90-7e9f-8281-67ecc3d06733, button#86147f5d-ba30-17d3-6e92-348cc7964324.active, button#4ae4e8d4-eda0-210e-01c0-0f453d2166e0, button#de9daf01-2d3c-6ef1-74d4-71421de0e37a] @ https://cdn.utmify.com.br/scripts/pixel/pixel.js:0
[   58723ms] [LOG] buttons [button#4245c71b-9a90-7e9f-8281-67ecc3d06733, button#86147f5d-ba30-17d3-6e92-348cc7964324, button#4ae4e8d4-eda0-210e-01c0-0f453d2166e0.active, button#de9daf01-2d3c-6ef1-74d4-71421de0e37a] @ https://cdn.utmify.com.br/scripts/pixel/pixel.js:0
[   60723ms] [LOG] buttons [button#4245c71b-9a90-7e9f-8281-67ecc3d06733, button#86147f5d-ba30-17d3-6e92-348cc7964324, button#4ae4e8d4-eda0-210e-01c0-0f453d2166e0.active, button#de9daf01-2d3c-6ef1-74d4-71421de0e37a] @ https://cdn.utmify.com.br/scripts/pixel/pixel.js:0
[   62723ms] [LOG] buttons [button#4245c71b-9a90-7e9f-8281-67ecc3d06733, button#86147f5d-ba30-17d3-6e92-348cc7964324, button#4ae4e8d4-eda0-210e-01c0-0f453d2166e0, button#de9daf01-2d3c-6ef1-74d4-71421de0e37a.active] @ https://cdn.utmify.com.br/scripts/pixel/pixel.js:0
[   64723ms] [LOG] buttons [button#4245c71b-9a90-7e9f-8281-67ecc3d06733.active, button#86147f5d-ba30-17d3-6e92-348cc7964324, button#4ae4e8d4-eda0-210e-01c0-0f453d2166e0, button#de9daf01-2d3c-6ef1-74d4-71421de0e37a] @ https://cdn.utmify.com.br/scripts/pixel/pixel.js:0
[   66723ms] [LOG] buttons [button#4245c71b-9a90-7e9f-8281-67ecc3d06733.active, button#86147f5d-ba30-17d3-6e92-348cc7964324, button#4ae4e8d4-eda0-210e-01c0-0f453d2166e0, button#de9daf01-2d3c-6ef1-74d4-71421de0e37a] @ https://cdn.utmify.com.br/scripts/pixel/pixel.js:0
[   68723ms] [LOG] buttons [button#4245c71b-9a90-7e9f-8281-67ecc3d06733, button#86147f5d-ba30-17d3-6e92-348cc7964324.active, button#4ae4e8d4-eda0-210e-01c0-0f453d2166e0, button#de9daf01-2d3c-6ef1-74d4-71421de0e37a] @ https://cdn.utmify.com.br/scripts/pixel/pixel.js:0
[   70723ms] [LOG] buttons [button#4245c71b-9a90-7e9f-8281-67ecc3d06733, button#86147f5d-ba30-17d3-6e92-348cc7964324, button#4ae4e8d4-eda0-210e-01c0-0f453d2166e0.active, button#de9daf01-2d3c-6ef1-74d4-71421de0e37a] @ https://cdn.utmify.com.br/scripts/pixel/pixel.js:0
[   72723ms] [LOG] buttons [button#4245c71b-9a90-7e9f-8281-67ecc3d06733, button#86147f5d-ba30-17d3-6e92-348cc7964324, button#4ae4e8d4-eda0-210e-01c0-0f453d2166e0.active, button#de9daf01-2d3c-6ef1-74d4-71421de0e37a] @ https://cdn.utmify.com.br/scripts/pixel/pixel.js:0
[   74723ms] [LOG] buttons [button#4245c71b-9a90-7e9f-8281-67ecc3d06733, button#86147f5d-ba30-17d3-6e92-348cc7964324, button#4ae4e8d4-eda0-210e-01c0-0f453d2166e0, button#de9daf01-2d3c-6ef1-74d4-71421de0e37a.active] @ https://cdn.utmify.com.br/scripts/pixel/pixel.js:0
[   76722ms] [LOG] buttons [button#4245c71b-9a90-7e9f-8281-67ecc3d06733, button#86147f5d-ba30-17d3-6e92-348cc7964324, button#4ae4e8d4-eda0-210e-01c0-0f453d2166e0, button#de9daf01-2d3c-6ef1-74d4-71421de0e37a.active] @ https://cdn.utmify.com.br/scripts/pixel/pixel.js:0
[   78722ms] [LOG] buttons [button#4245c71b-9a90-7e9f-8281-67ecc3d06733.active, button#86147f5d-ba30-17d3-6e92-348cc7964324, button#4ae4e8d4-eda0-210e-01c0-0f453d2166e0, button#de9daf01-2d3c-6ef1-74d4-71421de0e37a] @ https://cdn.utmify.com.br/scripts/pixel/pixel.js:0
[   80723ms] [LOG] buttons [button#4245c71b-9a90-7e9f-8281-67ecc3d06733, button#86147f5d-ba30-17d3-6e92-348cc7964324.active, button#4ae4e8d4-eda0-210e-01c0-0f453d2166e0, button#de9daf01-2d3c-6ef1-74d4-71421de0e37a] @ https://cdn.utmify.com.br/scripts/pixel/pixel.js:0
[   82723ms] [LOG] buttons [button#4245c71b-9a90-7e9f-8281-67ecc3d06733, button#86147f5d-ba30-17d3-6e92-348cc7964324.active, button#4ae4e8d4-eda0-210e-01c0-0f453d2166e0, button#de9daf01-2d3c-6ef1-74d4-71421de0e37a] @ https://cdn.utmify.com.br/scripts/pixel/pixel.js:0
[   84723ms] [LOG] buttons [button#4245c71b-9a90-7e9f-8281-67ecc3d06733, button#86147f5d-ba30-17d3-6e92-348cc7964324, button#4ae4e8d4-eda0-210e-01c0-0f453d2166e0.active, button#de9daf01-2d3c-6ef1-74d4-71421de0e37a] @ https://cdn.utmify.com.br/scripts/pixel/pixel.js:0
[   86723ms] [LOG] buttons [button#4245c71b-9a90-7e9f-8281-67ecc3d06733, button#86147f5d-ba30-17d3-6e92-348cc7964324, button#4ae4e8d4-eda0-210e-01c0-0f453d2166e0, button#de9daf01-2d3c-6ef1-74d4-71421de0e37a.active] @ https://cdn.utmify.com.br/scripts/pixel/pixel.js:0
[   88723ms] [LOG] buttons [button#4245c71b-9a90-7e9f-8281-67ecc3d06733, button#86147f5d-ba30-17d3-6e92-348cc7964324, button#4ae4e8d4-eda0-210e-01c0-0f453d2166e0, button#de9daf01-2d3c-6ef1-74d4-71421de0e37a.active] @ https://cdn.utmify.com.br/scripts/pixel/pixel.js:0
[   90723ms] [LOG] buttons [button#4245c71b-9a90-7e9f-8281-67ecc3d06733.active, button#86147f5d-ba30-17d3-6e92-348cc7964324, button#4ae4e8d4-eda0-210e-01c0-0f453d2166e0, button#de9daf01-2d3c-6ef1-74d4-71421de0e37a] @ https://cdn.utmify.com.br/scripts/pixel/pixel.js:0
[   92723ms] [LOG] buttons [button#4245c71b-9a90-7e9f-8281-67ecc3d06733.active, button#86147f5d-ba30-17d3-6e92-348cc7964324, button#4ae4e8d4-eda0-210e-01c0-0f453d2166e0, button#de9daf01-2d3c-6ef1-74d4-71421de0e37a] @ https://cdn.utmify.com.br/scripts/pixel/pixel.js:0
[   94723ms] [LOG] buttons [button#4245c71b-9a90-7e9f-8281-67ecc3d06733, button#86147f5d-ba30-17d3-6e92-348cc7964324.active, button#4ae4e8d4-eda0-210e-01c0-0f453d2166e0, button#de9daf01-2d3c-6ef1-74d4-71421de0e37a] @ https://cdn.utmify.com.br/scripts/pixel/pixel.js:0
[   96723ms] [LOG] buttons [button#4245c71b-9a90-7e9f-8281-67ecc3d06733, button#86147f5d-ba30-17d3-6e92-348cc7964324, button#4ae4e8d4-eda0-210e-01c0-0f453d2166e0.active, button#de9daf01-2d3c-6ef1-74d4-71421de0e37a] @ https://cdn.utmify.com.br/scripts/pixel/pixel.js:0
[   98723ms] [LOG] buttons [button#4245c71b-9a90-7e9f-8281-67ecc3d06733, button#86147f5d-ba30-17d3-6e92-348cc7964324, button#4ae4e8d4-eda0-210e-01c0-0f453d2166e0.active, button#de9daf01-2d3c-6ef1-74d4-71421de0e37a] @ https://cdn.utmify.com.br/scripts/pixel/pixel.js:0
[  100723ms] [LOG] buttons [button#4245c71b-9a90-7e9f-8281-67ecc3d06733, button#86147f5d-ba30-17d3-6e92-348cc7964324, button#4ae4e8d4-eda0-210e-01c0-0f453d2166e0, button#de9daf01-2d3c-6ef1-74d4-71421de0e37a.active] @ https://cdn.utmify.com.br/scripts/pixel/pixel.js:0
[  102723ms] [LOG] buttons [button#4245c71b-9a90-7e9f-8281-67ecc3d06733.active, button#86147f5d-ba30-17d3-6e92-348cc7964324, button#4ae4e8d4-eda0-210e-01c0-0f453d2166e0, button#de9daf01-2d3c-6ef1-74d4-71421de0e37a] @ https://cdn.utmify.com.br/scripts/pixel/pixel.js:0
[  104723ms] [LOG] buttons [button#4245c71b-9a90-7e9f-8281-67ecc3d06733.active, button#86147f5d-ba30-17d3-6e92-348cc7964324, button#4ae4e8d4-eda0-210e-01c0-0f453d2166e0, button#de9daf01-2d3c-6ef1-74d4-71421de0e37a] @ https://cdn.utmify.com.br/scripts/pixel/pixel.js:0
[  106723ms] [LOG] buttons [button#4245c71b-9a90-7e9f-8281-67ecc3d06733, button#86147f5d-ba30-17d3-6e92-348cc7964324.active, button#4ae4e8d4-eda0-210e-01c0-0f453d2166e0, button#de9daf01-2d3c-6ef1-74d4-71421de0e37a] @ https://cdn.utmify.com.br/scripts/pixel/pixel.js:0
[  108723ms] [LOG] buttons [button#4245c71b-9a90-7e9f-8281-67ecc3d06733, button#86147f5d-ba30-17d3-6e92-348cc7964324.active, button#4ae4e8d4-eda0-210e-01c0-0f453d2166e0, button#de9daf01-2d3c-6ef1-74d4-71421de0e37a] @ https://cdn.utmify.com.br/scripts/pixel/pixel.js:0
[  110723ms] [LOG] buttons [button#4245c71b-9a90-7e9f-8281-67ecc3d06733, button#86147f5d-ba30-17d3-6e92-348cc7964324, button#4ae4e8d4-eda0-210e-01c0-0f453d2166e0.active, button#de9daf01-2d3c-6ef1-74d4-71421de0e37a] @ https://cdn.utmify.com.br/scripts/pixel/pixel.js:0
[  112723ms] [LOG] buttons [button#4245c71b-9a90-7e9f-8281-67ecc3d06733, button#86147f5d-ba30-17d3-6e92-348cc7964324, button#4ae4e8d4-eda0-210e-01c0-0f453d2166e0, button#de9daf01-2d3c-6ef1-74d4-71421de0e37a.active] @ https://cdn.utmify.com.br/scripts/pixel/pixel.js:0
[  114723ms] [LOG] buttons [button#4245c71b-9a90-7e9f-8281-67ecc3d06733, button#86147f5d-ba30-17d3-6e92-348cc7964324, button#4ae4e8d4-eda0-210e-01c0-0f453d2166e0, button#de9daf01-2d3c-6ef1-74d4-71421de0e37a.active] @ https://cdn.utmify.com.br/scripts/pixel/pixel.js:0
[  116723ms] [LOG] buttons [button#4245c71b-9a90-7e9f-8281-67ecc3d06733.active, button#86147f5d-ba30-17d3-6e92-348cc7964324, button#4ae4e8d4-eda0-210e-01c0-0f453d2166e0, button#de9daf01-2d3c-6ef1-74d4-71421de0e37a] @ https://cdn.utmify.com.br/scripts/pixel/pixel.js:0
[  118723ms] [LOG] buttons [button#4245c71b-9a90-7e9f-8281-67ecc3d06733, button#86147f5d-ba30-17d3-6e92-348cc7964324.active, button#4ae4e8d4-eda0-210e-01c0-0f453d2166e0, button#de9daf01-2d3c-6ef1-74d4-71421de0e37a] @ https://cdn.utmify.com.br/scripts/pixel/pixel.js:0
[  120723ms] [LOG] buttons [button#4245c71b-9a90-7e9f-8281-67ecc3d06733, button#86147f5d-ba30-17d3-6e92-348cc7964324.active, button#4ae4e8d4-eda0-210e-01c0-0f453d2166e0, button#de9daf01-2d3c-6ef1-74d4-71421de0e37a] @ https://cdn.utmify.com.br/scripts/pixel/pixel.js:0
[  122723ms] [LOG] buttons [button#4245c71b-9a90-7e9f-8281-67ecc3d06733, button#86147f5d-ba30-17d3-6e92-348cc7964324, button#4ae4e8d4-eda0-210e-01c0-0f453d2166e0.active, button#de9daf01-2d3c-6ef1-74d4-71421de0e37a] @ https://cdn.utmify.com.br/scripts/pixel/pixel.js:0
[  124723ms] [LOG] buttons [button#4245c71b-9a90-7e9f-8281-67ecc3d06733, button#86147f5d-ba30-17d3-6e92-348cc7964324, button#4ae4e8d4-eda0-210e-01c0-0f453d2166e0.active, button#de9daf01-2d3c-6ef1-74d4-71421de0e37a] @ https://cdn.utmify.com.br/scripts/pixel/pixel.js:0
[  126723ms] [LOG] buttons [button#4245c71b-9a90-7e9f-8281-67ecc3d06733, button#86147f5d-ba30-17d3-6e92-348cc7964324, button#4ae4e8d4-eda0-210e-01c0-0f453d2166e0, button#de9daf01-2d3c-6ef1-74d4-71421de0e37a.active] @ https://cdn.utmify.com.br/scripts/pixel/pixel.js:0
[  128723ms] [LOG] buttons [button#4245c71b-9a90-7e9f-8281-67ecc3d06733.active, button#86147f5d-ba30-17d3-6e92-348cc7964324, button#4ae4e8d4-eda0-210e-01c0-0f453d2166e0, button#de9daf01-2d3c-6ef1-74d4-71421de0e37a] @ https://cdn.utmify.com.br/scripts/pixel/pixel.js:0
[  130723ms] [LOG] buttons [button#4245c71b-9a90-7e9f-8281-67ecc3d06733.active, button#86147f5d-ba30-17d3-6e92-348cc7964324, button#4ae4e8d4-eda0-210e-01c0-0f453d2166e0, button#de9daf01-2d3c-6ef1-74d4-71421de0e37a] @ https://cdn.utmify.com.br/scripts/pixel/pixel.js:0
[  132724ms] [LOG] buttons [button#4245c71b-9a90-7e9f-8281-67ecc3d06733, button#86147f5d-ba30-17d3-6e92-348cc7964324.active, button#4ae4e8d4-eda0-210e-01c0-0f453d2166e0, button#de9daf01-2d3c-6ef1-74d4-71421de0e37a] @ https://cdn.utmify.com.br/scripts/pixel/pixel.js:0
[  134723ms] [LOG] buttons [button#4245c71b-9a90-7e9f-8281-67ecc3d06733, button#86147f5d-ba30-17d3-6e92-348cc7964324, button#4ae4e8d4-eda0-210e-01c0-0f453d2166e0.active, button#de9daf01-2d3c-6ef1-74d4-71421de0e37a] @ https://cdn.utmify.com.br/scripts/pixel/pixel.js:0
[  136723ms] [LOG] buttons [button#4245c71b-9a90-7e9f-8281-67ecc3d06733, button#86147f5d-ba30-17d3-6e92-348cc7964324, button#4ae4e8d4-eda0-210e-01c0-0f453d2166e0.active, button#de9daf01-2d3c-6ef1-74d4-71421de0e37a] @ https://cdn.utmify.com.br/scripts/pixel/pixel.js:0
[  138723ms] [LOG] buttons [button#4245c71b-9a90-7e9f-8281-67ecc3d06733, button#86147f5d-ba30-17d3-6e92-348cc7964324, button#4ae4e8d4-eda0-210e-01c0-0f453d2166e0, button#de9daf01-2d3c-6ef1-74d4-71421de0e37a.active] @ https://cdn.utmify.com.br/scripts/pixel/pixel.js:0
[  140723ms] [LOG] buttons [button#4245c71b-9a90-7e9f-8281-67ecc3d06733, button#86147f5d-ba30-17d3-6e92-348cc7964324, button#4ae4e8d4-eda0-210e-01c0-0f453d2166e0, button#de9daf01-2d3c-6ef1-74d4-71421de0e37a.active] @ https://cdn.utmify.com.br/scripts/pixel/pixel.js:0
[  142723ms] [LOG] buttons [button#4245c71b-9a90-7e9f-8281-67ecc3d06733.active, button#86147f5d-ba30-17d3-6e92-348cc7964324, button#4ae4e8d4-eda0-210e-01c0-0f453d2166e0, button#de9daf01-2d3c-6ef1-74d4-71421de0e37a] @ https://cdn.utmify.com.br/scripts/pixel/pixel.js:0
[  144723ms] [LOG] buttons [button#4245c71b-9a90-7e9f-8281-67ecc3d06733, button#86147f5d-ba30-17d3-6e92-348cc7964324.active, button#4ae4e8d4-eda0-210e-01c0-0f453d2166e0, button#de9daf01-2d3c-6ef1-74d4-71421de0e37a] @ https://cdn.utmify.com.br/scripts/pixel/pixel.js:0
[  146722ms] [LOG] buttons [button#4245c71b-9a90-7e9f-8281-67ecc3d06733, button#86147f5d-ba30-17d3-6e92-348cc7964324.active, button#4ae4e8d4-eda0-210e-01c0-0f453d2166e0, button#de9daf01-2d3c-6ef1-74d4-71421de0e37a] @ https://cdn.utmify.com.br/scripts/pixel/pixel.js:0
[  148723ms] [LOG] buttons [button#4245c71b-9a90-7e9f-8281-67ecc3d06733, button#86147f5d-ba30-17d3-6e92-348cc7964324, button#4ae4e8d4-eda0-210e-01c0-0f453d2166e0.active, button#de9daf01-2d3c-6ef1-74d4-71421de0e37a] @ https://cdn.utmify.com.br/scripts/pixel/pixel.js:0
[  150724ms] [LOG] buttons [button#4245c71b-9a90-7e9f-8281-67ecc3d06733, button#86147f5d-ba30-17d3-6e92-348cc7964324, button#4ae4e8d4-eda0-210e-01c0-0f453d2166e0, button#de9daf01-2d3c-6ef1-74d4-71421de0e37a.active] @ https://cdn.utmify.com.br/scripts/pixel/pixel.js:0
[  152723ms] [LOG] buttons [button#4245c71b-9a90-7e9f-8281-67ecc3d06733, button#86147f5d-ba30-17d3-6e92-348cc7964324, button#4ae4e8d4-eda0-210e-01c0-0f453d2166e0, button#de9daf01-2d3c-6ef1-74d4-71421de0e37a.active] @ https://cdn.utmify.com.br/scripts/pixel/pixel.js:0
[  154723ms] [LOG] buttons [button#4245c71b-9a90-7e9f-8281-67ecc3d06733.active, button#86147f5d-ba30-17d3-6e92-348cc7964324, button#4ae4e8d4-eda0-210e-01c0-0f453d2166e0, button#de9daf01-2d3c-6ef1-74d4-71421de0e37a] @ https://cdn.utmify.com.br/scripts/pixel/pixel.js:0
[  156723ms] [LOG] buttons [button#4245c71b-9a90-7e9f-8281-67ecc3d06733.active, button#86147f5d-ba30-17d3-6e92-348cc7964324, button#4ae4e8d4-eda0-210e-01c0-0f453d2166e0, button#de9daf01-2d3c-6ef1-74d4-71421de0e37a] @ https://cdn.utmify.com.br/scripts/pixel/pixel.js:0
[  158724ms] [LOG] buttons [button#4245c71b-9a90-7e9f-8281-67ecc3d06733, button#86147f5d-ba30-17d3-6e92-348cc7964324.active, button#4ae4e8d4-eda0-210e-01c0-0f453d2166e0, button#de9daf01-2d3c-6ef1-74d4-71421de0e37a] @ https://cdn.utmify.com.br/scripts/pixel/pixel.js:0
[  160724ms] [LOG] buttons [button#4245c71b-9a90-7e9f-8281-67ecc3d06733, button#86147f5d-ba30-17d3-6e92-348cc7964324, button#4ae4e8d4-eda0-210e-01c0-0f453d2166e0.active, button#de9daf01-2d3c-6ef1-74d4-71421de0e37a] @ https://cdn.utmify.com.br/scripts/pixel/pixel.js:0
[  162724ms] [LOG] buttons [button#4245c71b-9a90-7e9f-8281-67ecc3d06733, button#86147f5d-ba30-17d3-6e92-348cc7964324, button#4ae4e8d4-eda0-210e-01c0-0f453d2166e0.active, button#de9daf01-2d3c-6ef1-74d4-71421de0e37a] @ https://cdn.utmify.com.br/scripts/pixel/pixel.js:0
[  164723ms] [LOG] buttons [button#4245c71b-9a90-7e9f-8281-67ecc3d06733, button#86147f5d-ba30-17d3-6e92-348cc7964324, button#4ae4e8d4-eda0-210e-01c0-0f453d2166e0, button#de9daf01-2d3c-6ef1-74d4-71421de0e37a.active] @ https://cdn.utmify.com.br/scripts/pixel/pixel.js:0
[  166723ms] [LOG] buttons [button#4245c71b-9a90-7e9f-8281-67ecc3d06733.active, button#86147f5d-ba30-17d3-6e92-348cc7964324, button#4ae4e8d4-eda0-210e-01c0-0f453d2166e0, button#de9daf01-2d3c-6ef1-74d4-71421de0e37a] @ https://cdn.utmify.com.br/scripts/pixel/pixel.js:0
[  168723ms] [LOG] buttons [button#4245c71b-9a90-7e9f-8281-67ecc3d06733.active, button#86147f5d-ba30-17d3-6e92-348cc7964324, button#4ae4e8d4-eda0-210e-01c0-0f453d2166e0, button#de9daf01-2d3c-6ef1-74d4-71421de0e37a] @ https://cdn.utmify.com.br/scripts/pixel/pixel.js:0
[  170723ms] [LOG] buttons [button#4245c71b-9a90-7e9f-8281-67ecc3d06733, button#86147f5d-ba30-17d3-6e92-348cc7964324.active, button#4ae4e8d4-eda0-210e-01c0-0f453d2166e0, button#de9daf01-2d3c-6ef1-74d4-71421de0e37a] @ https://cdn.utmify.com.br/scripts/pixel/pixel.js:0
[  172723ms] [LOG] buttons [button#4245c71b-9a90-7e9f-8281-67ecc3d06733, button#86147f5d-ba30-17d3-6e92-348cc7964324.active, button#4ae4e8d4-eda0-210e-01c0-0f453d2166e0, button#de9daf01-2d3c-6ef1-74d4-71421de0e37a] @ https://cdn.utmify.com.br/scripts/pixel/pixel.js:0
[  174723ms] [LOG] buttons [button#4245c71b-9a90-7e9f-8281-67ecc3d06733, button#86147f5d-ba30-17d3-6e92-348cc7964324, button#4ae4e8d4-eda0-210e-01c0-0f453d2166e0.active, button#de9daf01-2d3c-6ef1-74d4-71421de0e37a] @ https://cdn.utmify.com.br/scripts/pixel/pixel.js:0
[  176723ms] [LOG] buttons [button#4245c71b-9a90-7e9f-8281-67ecc3d06733, button#86147f5d-ba30-17d3-6e92-348cc7964324, button#4ae4e8d4-eda0-210e-01c0-0f453d2166e0, button#de9daf01-2d3c-6ef1-74d4-71421de0e37a.active] @ https://cdn.utmify.com.br/scripts/pixel/pixel.js:0
[  178724ms] [LOG] buttons [button#4245c71b-9a90-7e9f-8281-67ecc3d06733, button#86147f5d-ba30-17d3-6e92-348cc7964324, button#4ae4e8d4-eda0-210e-01c0-0f453d2166e0, button#de9daf01-2d3c-6ef1-74d4-71421de0e37a.active] @ https://cdn.utmify.com.br/scripts/pixel/pixel.js:0
[  180723ms] [LOG] buttons [button#4245c71b-9a90-7e9f-8281-67ecc3d06733.active, button#86147f5d-ba30-17d3-6e92-348cc7964324, button#4ae4e8d4-eda0-210e-01c0-0f453d2166e0, button#de9daf01-2d3c-6ef1-74d4-71421de0e37a] @ https://cdn.utmify.com.br/scripts/pixel/pixel.js:0
[  182723ms] [LOG] buttons [button#4245c71b-9a90-7e9f-8281-67ecc3d06733, button#86147f5d-ba30-17d3-6e92-348cc7964324.active, button#4ae4e8d4-eda0-210e-01c0-0f453d2166e0, button#de9daf01-2d3c-6ef1-74d4-71421de0e37a] @ https://cdn.utmify.com.br/scripts/pixel/pixel.js:0
[  184723ms] [LOG] buttons [button#4245c71b-9a90-7e9f-8281-67ecc3d06733, button#86147f5d-ba30-17d3-6e92-348cc7964324.active, button#4ae4e8d4-eda0-210e-01c0-0f453d2166e0, button#de9daf01-2d3c-6ef1-74d4-71421de0e37a] @ https://cdn.utmify.com.br/scripts/pixel/pixel.js:0
[  186723ms] [LOG] buttons [button#4245c71b-9a90-7e9f-8281-67ecc3d06733, button#86147f5d-ba30-17d3-6e92-348cc7964324, button#4ae4e8d4-eda0-210e-01c0-0f453d2166e0.active, button#de9daf01-2d3c-6ef1-74d4-71421de0e37a] @ https://cdn.utmify.com.br/scripts/pixel/pixel.js:0
[  188723ms] [LOG] buttons [button#4245c71b-9a90-7e9f-8281-67ecc3d06733, button#86147f5d-ba30-17d3-6e92-348cc7964324, button#4ae4e8d4-eda0-210e-01c0-0f453d2166e0.active, button#de9daf01-2d3c-6ef1-74d4-71421de0e37a] @ https://cdn.utmify.com.br/scripts/pixel/pixel.js:0
[  190723ms] [LOG] buttons [button#4245c71b-9a90-7e9f-8281-67ecc3d06733, button#86147f5d-ba30-17d3-6e92-348cc7964324, button#4ae4e8d4-eda0-210e-01c0-0f453d2166e0, button#de9daf01-2d3c-6ef1-74d4-71421de0e37a.active] @ https://cdn.utmify.com.br/scripts/pixel/pixel.js:0
[  192723ms] [LOG] buttons [button#4245c71b-9a90-7e9f-8281-67ecc3d06733.active, button#86147f5d-ba30-17d3-6e92-348cc7964324, button#4ae4e8d4-eda0-210e-01c0-0f453d2166e0, button#de9daf01-2d3c-6ef1-74d4-71421de0e37a] @ https://cdn.utmify.com.br/scripts/pixel/pixel.js:0
[  194723ms] [LOG] buttons [button#4245c71b-9a90-7e9f-8281-67ecc3d06733.active, button#86147f5d-ba30-17d3-6e92-348cc7964324, button#4ae4e8d4-eda0-210e-01c0-0f453d2166e0, button#de9daf01-2d3c-6ef1-74d4-71421de0e37a] @ https://cdn.utmify.com.br/scripts/pixel/pixel.js:0
[  196722ms] [LOG] buttons [button#4245c71b-9a90-7e9f-8281-67ecc3d06733, button#86147f5d-ba30-17d3-6e92-348cc7964324.active, button#4ae4e8d4-eda0-210e-01c0-0f453d2166e0, button#de9daf01-2d3c-6ef1-74d4-71421de0e37a] @ https://cdn.utmify.com.br/scripts/pixel/pixel.js:0
[  198722ms] [LOG] buttons [button#4245c71b-9a90-7e9f-8281-67ecc3d06733, button#86147f5d-ba30-17d3-6e92-348cc7964324, button#4ae4e8d4-eda0-210e-01c0-0f453d2166e0.active, button#de9daf01-2d3c-6ef1-74d4-71421de0e37a] @ https://cdn.utmify.com.br/scripts/pixel/pixel.js:0
[  200723ms] [LOG] buttons [button#4245c71b-9a90-7e9f-8281-67ecc3d06733, button#86147f5d-ba30-17d3-6e92-348cc7964324, button#4ae4e8d4-eda0-210e-01c0-0f453d2166e0.active, button#de9daf01-2d3c-6ef1-74d4-71421de0e37a] @ https://cdn.utmify.com.br/scripts/pixel/pixel.js:0
[  202723ms] [LOG] buttons [button#4245c71b-9a90-7e9f-8281-67ecc3d06733, button#86147f5d-ba30-17d3-6e92-348cc7964324, button#4ae4e8d4-eda0-210e-01c0-0f453d2166e0, button#de9daf01-2d3c-6ef1-74d4-71421de0e37a.active] @ https://cdn.utmify.com.br/scripts/pixel/pixel.js:0
[  204723ms] [LOG] buttons [button#4245c71b-9a90-7e9f-8281-67ecc3d06733, button#86147f5d-ba30-17d3-6e92-348cc7964324, button#4ae4e8d4-eda0-210e-01c0-0f453d2166e0, button#de9daf01-2d3c-6ef1-74d4-71421de0e37a.active] @ https://cdn.utmify.com.br/scripts/pixel/pixel.js:0
[  206723ms] [LOG] buttons [button#4245c71b-9a90-7e9f-8281-67ecc3d06733.active, button#86147f5d-ba30-17d3-6e92-348cc7964324, button#4ae4e8d4-eda0-210e-01c0-0f453d2166e0, button#de9daf01-2d3c-6ef1-74d4-71421de0e37a] @ https://cdn.utmify.com.br/scripts/pixel/pixel.js:0
[  208723ms] [LOG] buttons [button#4245c71b-9a90-7e9f-8281-67ecc3d06733, button#86147f5d-ba30-17d3-6e92-348cc7964324.active, button#4ae4e8d4-eda0-210e-01c0-0f453d2166e0, button#de9daf01-2d3c-6ef1-74d4-71421de0e37a] @ https://cdn.utmify.com.br/scripts/pixel/pixel.js:0
[  210723ms] [LOG] buttons [button#4245c71b-9a90-7e9f-8281-67ecc3d06733, button#86147f5d-ba30-17d3-6e92-348cc7964324.active, button#4ae4e8d4-eda0-210e-01c0-0f453d2166e0, button#de9daf01-2d3c-6ef1-74d4-71421de0e37a] @ https://cdn.utmify.com.br/scripts/pixel/pixel.js:0
[  212724ms] [LOG] buttons [button#4245c71b-9a90-7e9f-8281-67ecc3d06733, button#86147f5d-ba30-17d3-6e92-348cc7964324, button#4ae4e8d4-eda0-210e-01c0-0f453d2166e0.active, button#de9daf01-2d3c-6ef1-74d4-71421de0e37a] @ https://cdn.utmify.com.br/scripts/pixel/pixel.js:0
[  214723ms] [LOG] buttons [button#4245c71b-9a90-7e9f-8281-67ecc3d06733, button#86147f5d-ba30-17d3-6e92-348cc7964324, button#4ae4e8d4-eda0-210e-01c0-0f453d2166e0, button#de9daf01-2d3c-6ef1-74d4-71421de0e37a.active] @ https://cdn.utmify.com.br/scripts/pixel/pixel.js:0
[  216723ms] [LOG] buttons [button#4245c71b-9a90-7e9f-8281-67ecc3d06733, button#86147f5d-ba30-17d3-6e92-348cc7964324, button#4ae4e8d4-eda0-210e-01c0-0f453d2166e0, button#de9daf01-2d3c-6ef1-74d4-71421de0e37a.active] @ https://cdn.utmify.com.br/scripts/pixel/pixel.js:0
[  218724ms] [LOG] buttons [button#4245c71b-9a90-7e9f-8281-67ecc3d06733.active, button#86147f5d-ba30-17d3-6e92-348cc7964324, button#4ae4e8d4-eda0-210e-01c0-0f453d2166e0, button#de9daf01-2d3c-6ef1-74d4-71421de0e37a] @ https://cdn.utmify.com.br/scripts/pixel/pixel.js:0
[  220723ms] [LOG] buttons [button#4245c71b-9a90-7e9f-8281-67ecc3d06733.active, button#86147f5d-ba30-17d3-6e92-348cc7964324, button#4ae4e8d4-eda0-210e-01c0-0f453d2166e0, button#de9daf01-2d3c-6ef1-74d4-71421de0e37a] @ https://cdn.utmify.com.br/scripts/pixel/pixel.js:0
[  222723ms] [LOG] buttons [button#4245c71b-9a90-7e9f-8281-67ecc3d06733, button#86147f5d-ba30-17d3-6e92-348cc7964324.active, button#4ae4e8d4-eda0-210e-01c0-0f453d2166e0, button#de9daf01-2d3c-6ef1-74d4-71421de0e37a] @ https://cdn.utmify.com.br/scripts/pixel/pixel.js:0
[  224723ms] [LOG] buttons [button#4245c71b-9a90-7e9f-8281-67ecc3d06733, button#86147f5d-ba30-17d3-6e92-348cc7964324, button#4ae4e8d4-eda0-210e-01c0-0f453d2166e0.active, button#de9daf01-2d3c-6ef1-74d4-71421de0e37a] @ https://cdn.utmify.com.br/scripts/pixel/pixel.js:0
[  226724ms] [LOG] buttons [button#4245c71b-9a90-7e9f-8281-67ecc3d06733, button#86147f5d-ba30-17d3-6e92-348cc7964324, button#4ae4e8d4-eda0-210e-01c0-0f453d2166e0.active, button#de9daf01-2d3c-6ef1-74d4-71421de0e37a] @ https://cdn.utmify.com.br/scripts/pixel/pixel.js:0
[  228723ms] [LOG] buttons [button#4245c71b-9a90-7e9f-8281-67ecc3d06733, button#86147f5d-ba30-17d3-6e92-348cc7964324, button#4ae4e8d4-eda0-210e-01c0-0f453d2166e0, button#de9daf01-2d3c-6ef1-74d4-71421de0e37a.active] @ https://cdn.utmify.com.br/scripts/pixel/pixel.js:0
[  230723ms] [LOG] buttons [button#4245c71b-9a90-7e9f-8281-67ecc3d06733.active, button#86147f5d-ba30-17d3-6e92-348cc7964324, button#4ae4e8d4-eda0-210e-01c0-0f453d2166e0, button#de9daf01-2d3c-6ef1-74d4-71421de0e37a] @ https://cdn.utmify.com.br/scripts/pixel/pixel.js:0
[  232724ms] [LOG] buttons [button#4245c71b-9a90-7e9f-8281-67ecc3d06733.active, button#86147f5d-ba30-17d3-6e92-348cc7964324, button#4ae4e8d4-eda0-210e-01c0-0f453d2166e0, button#de9daf01-2d3c-6ef1-74d4-71421de0e37a] @ https://cdn.utmify.com.br/scripts/pixel/pixel.js:0
[  234723ms] [LOG] buttons [button#4245c71b-9a90-7e9f-8281-67ecc3d06733, button#86147f5d-ba30-17d3-6e92-348cc7964324.active, button#4ae4e8d4-eda0-210e-01c0-0f453d2166e0, button#de9daf01-2d3c-6ef1-74d4-71421de0e37a] @ https://cdn.utmify.com.br/scripts/pixel/pixel.js:0
[  236723ms] [LOG] buttons [button#4245c71b-9a90-7e9f-8281-67ecc3d06733, button#86147f5d-ba30-17d3-6e92-348cc7964324.active, button#4ae4e8d4-eda0-210e-01c0-0f453d2166e0, button#de9daf01-2d3c-6ef1-74d4-71421de0e37a] @ https://cdn.utmify.com.br/scripts/pixel/pixel.js:0
[  238723ms] [LOG] buttons [button#4245c71b-9a90-7e9f-8281-67ecc3d06733, button#86147f5d-ba30-17d3-6e92-348cc7964324, button#4ae4e8d4-eda0-210e-01c0-0f453d2166e0.active, button#de9daf01-2d3c-6ef1-74d4-71421de0e37a] @ https://cdn.utmify.com.br/scripts/pixel/pixel.js:0
[  240723ms] [LOG] buttons [button#4245c71b-9a90-7e9f-8281-67ecc3d06733, button#86147f5d-ba30-17d3-6e92-348cc7964324, button#4ae4e8d4-eda0-210e-01c0-0f453d2166e0, button#de9daf01-2d3c-6ef1-74d4-71421de0e37a.active] @ https://cdn.utmify.com.br/scripts/pixel/pixel.js:0
[  242723ms] [LOG] buttons [button#4245c71b-9a90-7e9f-8281-67ecc3d06733, button#86147f5d-ba30-17d3-6e92-348cc7964324, button#4ae4e8d4-eda0-210e-01c0-0f453d2166e0, button#de9daf01-2d3c-6ef1-74d4-71421de0e37a.active] @ https://cdn.utmify.com.br/scripts/pixel/pixel.js:0
[  244723ms] [LOG] buttons [button#4245c71b-9a90-7e9f-8281-67ecc3d06733.active, button#86147f5d-ba30-17d3-6e92-348cc7964324, button#4ae4e8d4-eda0-210e-01c0-0f453d2166e0, button#de9daf01-2d3c-6ef1-74d4-71421de0e37a] @ https://cdn.utmify.com.br/scripts/pixel/pixel.js:0
[  246723ms] [LOG] buttons [button#4245c71b-9a90-7e9f-8281-67ecc3d06733, button#86147f5d-ba30-17d3-6e92-348cc7964324.active, button#4ae4e8d4-eda0-210e-01c0-0f453d2166e0, button#de9daf01-2d3c-6ef1-74d4-71421de0e37a] @ https://cdn.utmify.com.br/scripts/pixel/pixel.js:0
[  248723ms] [LOG] buttons [button#4245c71b-9a90-7e9f-8281-67ecc3d06733, button#86147f5d-ba30-17d3-6e92-348cc7964324.active, button#4ae4e8d4-eda0-210e-01c0-0f453d2166e0, button#de9daf01-2d3c-6ef1-74d4-71421de0e37a] @ https://cdn.utmify.com.br/scripts/pixel/pixel.js:0
[  250723ms] [LOG] buttons [button#4245c71b-9a90-7e9f-8281-67ecc3d06733, button#86147f5d-ba30-17d3-6e92-348cc7964324, button#4ae4e8d4-eda0-210e-01c0-0f453d2166e0.active, button#de9daf01-2d3c-6ef1-74d4-71421de0e37a] @ https://cdn.utmify.com.br/scripts/pixel/pixel.js:0
[  252723ms] [LOG] buttons [button#4245c71b-9a90-7e9f-8281-67ecc3d06733, button#86147f5d-ba30-17d3-6e92-348cc7964324, button#4ae4e8d4-eda0-210e-01c0-0f453d2166e0.active, button#de9daf01-2d3c-6ef1-74d4-71421de0e37a] @ https://cdn.utmify.com.br/scripts/pixel/pixel.js:0
[  254723ms] [LOG] buttons [button#4245c71b-9a90-7e9f-8281-67ecc3d06733, button#86147f5d-ba30-17d3-6e92-348cc7964324, button#4ae4e8d4-eda0-210e-01c0-0f453d2166e0, button#de9daf01-2d3c-6ef1-74d4-71421de0e37a.active] @ https://cdn.utmify.com.br/scripts/pixel/pixel.js:0
