[     151ms] [LOG] Tracker Meta version 1.6.1 @ https://cdn.utmify.com.br/scripts/pixel/pixel.js:0
[     151ms] [LOG] Tracker.inited?: false @ https://cdn.utmify.com.br/scripts/pixel/pixel.js:0
[     478ms] [ERROR] Failed to load resource: the server responded with a status of 404 (File not found) @ http://localhost:8765/favicon.ico:0
[     740ms] [LOG] buttons [button.hero-arrow.prev, button.hero-arrow.next, button.hero-dot.active, button.hero-dot, button.hero-dot, button.hero-dot] @ https://cdn.utmify.com.br/scripts/pixel/pixel.js:0
[     742ms] [ERROR] Failed to load resource: net::ERR_CONNECTION_REFUSED @ http://localhost:3001/tracking/v1/events:0
[     743ms] Uncaught (in promise) TypeError: Failed to fetch
    at <anonymous> (https://cdn.utmify.com.br/scripts/pixel/pixel.js:0:20157)
    at <anonymous> (https://cdn.utmify.com.br/scripts/pixel/pixel.js:0:17787)
    at l (https://cdn.utmify.com.br/scripts/pixel/pixel.js:0:17532)
    at event (https://cdn.utmify.com.br/scripts/pixel/pixel.js:0:20081)
    at <anonymous> (https://cdn.utmify.com.br/scripts/pixel/pixel.js:0:30589)
    at <anonymous> (https://cdn.utmify.com.br/scripts/pixel/pixel.js:0:29166)
    at l (https://cdn.utmify.com.br/scripts/pixel/pixel.js:0:28911)
    at track (https://cdn.utmify.com.br/scripts/pixel/pixel.js:0:30436)
    at <anonymous> (https://cdn.utmify.com.br/scripts/pixel/pixel.js:0:30025)
    at r (https://cdn.utmify.com.br/scripts/pixel/pixel.js:0:28968)
[    2742ms] [LOG] buttons [button.hero-arrow.prev, button.hero-arrow.next, button.hero-dot.active, button.hero-dot, button.hero-dot, button.hero-dot] @ https://cdn.utmify.com.br/scripts/pixel/pixel.js:0
[    4741ms] [LOG] buttons [button#f66c9835-fabd-ea5a-673c-663dc19c0321.hero-arrow.prev, button#710679ae-61b3-9771-fbac-1c1a454ef813.hero-arrow.next, button#09fcf930-b387-0d67-44a9-5570f5b69b38.hero-dot.active, button#1bee8fef-fb07-9abc-6831-2093e0a01c7c.hero-dot, button#00e0507a-c066-a464-49f0-c55649810ca8.hero-dot, button#e6488a70-1330-c11f-3929-2a1724a8e172.hero-dot] @ https://cdn.utmify.com.br/scripts/pixel/pixel.js:0
[    6741ms] [LOG] buttons [button#f66c9835-fabd-ea5a-673c-663dc19c0321.hero-arrow.prev, button#710679ae-61b3-9771-fbac-1c1a454ef813.hero-arrow.next, button#09fcf930-b387-0d67-44a9-5570f5b69b38.hero-dot.active, button#1bee8fef-fb07-9abc-6831-2093e0a01c7c.hero-dot, button#00e0507a-c066-a464-49f0-c55649810ca8.hero-dot, button#e6488a70-1330-c11f-3929-2a1724a8e172.hero-dot] @ https://cdn.utmify.com.br/scripts/pixel/pixel.js:0
[    8741ms] [LOG] buttons [button#f66c9835-fabd-ea5a-673c-663dc19c0321.hero-arrow.prev, button#710679ae-61b3-9771-fbac-1c1a454ef813.hero-arrow.next, button#09fcf930-b387-0d67-44a9-5570f5b69b38.hero-dot.active, button#1bee8fef-fb07-9abc-6831-2093e0a01c7c.hero-dot, button#00e0507a-c066-a464-49f0-c55649810ca8.hero-dot, button#e6488a70-1330-c11f-3929-2a1724a8e172.hero-dot] @ https://cdn.utmify.com.br/scripts/pixel/pixel.js:0
[    8743ms] [ERROR] Failed to load resource: net::ERR_CONNECTION_REFUSED @ http://localhost:3001/tracking/v1/events:0
[    8743ms] Uncaught (in promise) TypeError: Failed to fetch
    at <anonymous> (https://cdn.utmify.com.br/scripts/pixel/pixel.js:0:20157)
    at <anonymous> (https://cdn.utmify.com.br/scripts/pixel/pixel.js:0:17787)
    at l (https://cdn.utmify.com.br/scripts/pixel/pixel.js:0:17532)
    at event (https://cdn.utmify.com.br/scripts/pixel/pixel.js:0:20081)
    at <anonymous> (https://cdn.utmify.com.br/scripts/pixel/pixel.js:0:30589)
    at <anonymous> (https://cdn.utmify.com.br/scripts/pixel/pixel.js:0:29166)
    at l (https://cdn.utmify.com.br/scripts/pixel/pixel.js:0:28911)
    at track (https://cdn.utmify.com.br/scripts/pixel/pixel.js:0:30436)
    at <anonymous> (https://cdn.utmify.com.br/scripts/pixel/pixel.js:0:38439)
    at r (https://cdn.utmify.com.br/scripts/pixel/pixel.js:0:37966)
[    9728ms] [LOG] scrolling 2 @ https://cdn.utmify.com.br/scripts/pixel/pixel.js:0
[    9744ms] [LOG] scrolling 9 @ https://cdn.utmify.com.br/scripts/pixel/pixel.js:0
[    9761ms] [LOG] scrolling 21 @ https://cdn.utmify.com.br/scripts/pixel/pixel.js:0
[    9778ms] [LOG] scrolling 39 @ https://cdn.utmify.com.br/scripts/pixel/pixel.js:0
[    9794ms] [LOG] scrolling 63 @ https://cdn.utmify.com.br/scripts/pixel/pixel.js:0
[    9811ms] [LOG] scrolling 94.5 @ https://cdn.utmify.com.br/scripts/pixel/pixel.js:0
[    9828ms] [LOG] scrolling 134 @ https://cdn.utmify.com.br/scripts/pixel/pixel.js:0
[    9844ms] [LOG] scrolling 182.5 @ https://cdn.utmify.com.br/scripts/pixel/pixel.js:0
[    9862ms] [LOG] scrolling 242 @ https://cdn.utmify.com.br/scripts/pixel/pixel.js:0
[    9878ms] [LOG] scrolling 313 @ https://cdn.utmify.com.br/scripts/pixel/pixel.js:0
[    9895ms] [LOG] scrolling 398.5 @ https://cdn.utmify.com.br/scripts/pixel/pixel.js:0
[    9911ms] [LOG] scrolling 501 @ https://cdn.utmify.com.br/scripts/pixel/pixel.js:0
[    9928ms] [LOG] scrolling 623 @ https://cdn.utmify.com.br/scripts/pixel/pixel.js:0
[    9945ms] [LOG] scrolling 769 @ https://cdn.utmify.com.br/scripts/pixel/pixel.js:0
[    9961ms] [LOG] scrolling 942.5 @ https://cdn.utmify.com.br/scripts/pixel/pixel.js:0
[    9978ms] [LOG] scrolling 1150 @ https://cdn.utmify.com.br/scripts/pixel/pixel.js:0
[    9994ms] [LOG] scrolling 1388.5 @ https://cdn.utmify.com.br/scripts/pixel/pixel.js:0
[   10011ms] [LOG] scrolling 1687 @ https://cdn.utmify.com.br/scripts/pixel/pixel.js:0
[   10027ms] [LOG] scrolling 2006.5 @ https://cdn.utmify.com.br/scripts/pixel/pixel.js:0
[   10045ms] [LOG] scrolling 2394 @ https://cdn.utmify.com.br/scripts/pixel/pixel.js:0
[   10061ms] [LOG] scrolling 2785.5 @ https://cdn.utmify.com.br/scripts/pixel/pixel.js:0
[   10078ms] [LOG] scrolling 3176.5 @ https://cdn.utmify.com.br/scripts/pixel/pixel.js:0
[   10095ms] [LOG] scrolling 3549 @ https://cdn.utmify.com.br/scripts/pixel/pixel.js:0
[   10112ms] [LOG] scrolling 3893 @ https://cdn.utmify.com.br/scripts/pixel/pixel.js:0
[   10128ms] [LOG] scrolling 4207 @ https://cdn.utmify.com.br/scripts/pixel/pixel.js:0
[   10145ms] [LOG] scrolling 4491 @ https://cdn.utmify.com.br/scripts/pixel/pixel.js:0
[   10161ms] [LOG] scrolling 4748.5 @ https://cdn.utmify.com.br/scripts/pixel/pixel.js:0
[   10178ms] [LOG] scrolling 4982.5 @ https://cdn.utmify.com.br/scripts/pixel/pixel.js:0
[   10195ms] [LOG] scrolling 5195.5 @ https://cdn.utmify.com.br/scripts/pixel/pixel.js:0
[   10211ms] [LOG] scrolling 5390.5 @ https://cdn.utmify.com.br/scripts/pixel/pixel.js:0
[   10228ms] [LOG] scrolling 5570 @ https://cdn.utmify.com.br/scripts/pixel/pixel.js:0
[   10244ms] [LOG] scrolling 5726 @ https://cdn.utmify.com.br/scripts/pixel/pixel.js:0
[   10260ms] [LOG] scrolling 5880 @ https://cdn.utmify.com.br/scripts/pixel/pixel.js:0
[   10278ms] [LOG] scrolling 6031 @ https://cdn.utmify.com.br/scripts/pixel/pixel.js:0
[   10495ms] [LOG] scrolling 7252.5 @ https://cdn.utmify.com.br/scripts/pixel/pixel.js:0
[   10511ms] [LOG] scrolling 7314 @ https://cdn.utmify.com.br/scripts/pixel/pixel.js:0
[   10528ms] [LOG] scrolling 7373.5 @ https://cdn.utmify.com.br/scripts/pixel/pixel.js:0
[   10545ms] [LOG] scrolling 7429 @ https://cdn.utmify.com.br/scripts/pixel/pixel.js:0
[   10562ms] [LOG] scrolling 7482 @ https://cdn.utmify.com.br/scripts/pixel/pixel.js:0
[   10578ms] [LOG] scrolling 7532 @ https://cdn.utmify.com.br/scripts/pixel/pixel.js:0
[   10594ms] [LOG] scrolling 7578.5 @ https://cdn.utmify.com.br/scripts/pixel/pixel.js:0
[   10611ms] [LOG] scrolling 7625.5 @ https://cdn.utmify.com.br/scripts/pixel/pixel.js:0
[   10628ms] [LOG] scrolling 7668.5 @ https://cdn.utmify.com.br/scripts/pixel/pixel.js:0
[   10645ms] [LOG] scrolling 7709.5 @ https://cdn.utmify.com.br/scripts/pixel/pixel.js:0
[   10661ms] [LOG] scrolling 7748 @ https://cdn.utmify.com.br/scripts/pixel/pixel.js:0
[   10678ms] [LOG] scrolling 7785 @ https://cdn.utmify.com.br/scripts/pixel/pixel.js:0
[   10695ms] [LOG] scrolling 7820 @ https://cdn.utmify.com.br/scripts/pixel/pixel.js:0
[   10712ms] [LOG] scrolling 7853.5 @ https://cdn.utmify.com.br/scripts/pixel/pixel.js:0
[   10728ms] [LOG] scrolling 7885 @ https://cdn.utmify.com.br/scripts/pixel/pixel.js:0
[   10741ms] [LOG] buttons [button#f66c9835-fabd-ea5a-673c-663dc19c0321.hero-arrow.prev, button#710679ae-61b3-9771-fbac-1c1a454ef813.hero-arrow.next, button#09fcf930-b387-0d67-44a9-5570f5b69b38.hero-dot.active, button#1bee8fef-fb07-9abc-6831-2093e0a01c7c.hero-dot, button#00e0507a-c066-a464-49f0-c55649810ca8.hero-dot, button#e6488a70-1330-c11f-3929-2a1724a8e172.hero-dot] @ https://cdn.utmify.com.br/scripts/pixel/pixel.js:0
[   10745ms] [LOG] scrolling 7914.5 @ https://cdn.utmify.com.br/scripts/pixel/pixel.js:0
[   10762ms] [LOG] scrolling 7942.5 @ https://cdn.utmify.com.br/scripts/pixel/pixel.js:0
[   10778ms] [LOG] scrolling 7969.5 @ https://cdn.utmify.com.br/scripts/pixel/pixel.js:0
[   10795ms] [LOG] scrolling 7994.5 @ https://cdn.utmify.com.br/scripts/pixel/pixel.js:0
[   10812ms] [LOG] scrolling 8018.5 @ https://cdn.utmify.com.br/scripts/pixel/pixel.js:0
[   10828ms] [LOG] scrolling 8040.5 @ https://cdn.utmify.com.br/scripts/pixel/pixel.js:0
[   10845ms] [LOG] scrolling 8062 @ https://cdn.utmify.com.br/scripts/pixel/pixel.js:0
[   10915ms] [LOG] scrolling 8133.5 @ https://cdn.utmify.com.br/scripts/pixel/pixel.js:0
[   10928ms] [LOG] scrolling 8149 @ https://cdn.utmify.com.br/scripts/pixel/pixel.js:0
[   10945ms] [LOG] scrolling 8163 @ https://cdn.utmify.com.br/scripts/pixel/pixel.js:0
[   10978ms] [LOG] scrolling 8187.5 @ https://cdn.utmify.com.br/scripts/pixel/pixel.js:0
[   11012ms] [LOG] scrolling 8208.5 @ https://cdn.utmify.com.br/scripts/pixel/pixel.js:0
[   11045ms] [LOG] scrolling 8226 @ https://cdn.utmify.com.br/scripts/pixel/pixel.js:0
[   11078ms] [LOG] scrolling 8239.5 @ https://cdn.utmify.com.br/scripts/pixel/pixel.js:0
[   11112ms] [LOG] scrolling 8250 @ https://cdn.utmify.com.br/scripts/pixel/pixel.js:0
[   11145ms] [LOG] scrolling 8257 @ https://cdn.utmify.com.br/scripts/pixel/pixel.js:0
[   11179ms] [LOG] scrolling 8261.5 @ https://cdn.utmify.com.br/scripts/pixel/pixel.js:0
[   11212ms] [LOG] scrolling 8263 @ https://cdn.utmify.com.br/scripts/pixel/pixel.js:0
[   12740ms] [LOG] buttons [button#f66c9835-fabd-ea5a-673c-663dc19c0321.hero-arrow.prev, button#710679ae-61b3-9771-fbac-1c1a454ef813.hero-arrow.next, button#09fcf930-b387-0d67-44a9-5570f5b69b38.hero-dot.active, button#1bee8fef-fb07-9abc-6831-2093e0a01c7c.hero-dot, button#00e0507a-c066-a464-49f0-c55649810ca8.hero-dot, button#e6488a70-1330-c11f-3929-2a1724a8e172.hero-dot] @ https://cdn.utmify.com.br/scripts/pixel/pixel.js:0
[   14741ms] [LOG] buttons [button#f66c9835-fabd-ea5a-673c-663dc19c0321.hero-arrow.prev, button#710679ae-61b3-9771-fbac-1c1a454ef813.hero-arrow.next, button#09fcf930-b387-0d67-44a9-5570f5b69b38.hero-dot.active, button#1bee8fef-fb07-9abc-6831-2093e0a01c7c.hero-dot, button#00e0507a-c066-a464-49f0-c55649810ca8.hero-dot, button#e6488a70-1330-c11f-3929-2a1724a8e172.hero-dot] @ https://cdn.utmify.com.br/scripts/pixel/pixel.js:0
[   16741ms] [LOG] buttons [button#f66c9835-fabd-ea5a-673c-663dc19c0321.hero-arrow.prev, button#710679ae-61b3-9771-fbac-1c1a454ef813.hero-arrow.next, button#09fcf930-b387-0d67-44a9-5570f5b69b38.hero-dot.active, button#1bee8fef-fb07-9abc-6831-2093e0a01c7c.hero-dot, button#00e0507a-c066-a464-49f0-c55649810ca8.hero-dot, button#e6488a70-1330-c11f-3929-2a1724a8e172.hero-dot] @ https://cdn.utmify.com.br/scripts/pixel/pixel.js:0
[   18741ms] [LOG] buttons [button#f66c9835-fabd-ea5a-673c-663dc19c0321.hero-arrow.prev, button#710679ae-61b3-9771-fbac-1c1a454ef813.hero-arrow.next, button#09fcf930-b387-0d67-44a9-5570f5b69b38.hero-dot.active, button#1bee8fef-fb07-9abc-6831-2093e0a01c7c.hero-dot, button#00e0507a-c066-a464-49f0-c55649810ca8.hero-dot, button#e6488a70-1330-c11f-3929-2a1724a8e172.hero-dot] @ https://cdn.utmify.com.br/scripts/pixel/pixel.js:0
[   20741ms] [LOG] buttons [button#f66c9835-fabd-ea5a-673c-663dc19c0321.hero-arrow.prev, button#710679ae-61b3-9771-fbac-1c1a454ef813.hero-arrow.next, button#09fcf930-b387-0d67-44a9-5570f5b69b38.hero-dot.active, button#1bee8fef-fb07-9abc-6831-2093e0a01c7c.hero-dot, button#00e0507a-c066-a464-49f0-c55649810ca8.hero-dot, button#e6488a70-1330-c11f-3929-2a1724a8e172.hero-dot] @ https://cdn.utmify.com.br/scripts/pixel/pixel.js:0
[   22741ms] [LOG] buttons [button#f66c9835-fabd-ea5a-673c-663dc19c0321.hero-arrow.prev, button#710679ae-61b3-9771-fbac-1c1a454ef813.hero-arrow.next, button#09fcf930-b387-0d67-44a9-5570f5b69b38.hero-dot.active, button#1bee8fef-fb07-9abc-6831-2093e0a01c7c.hero-dot, button#00e0507a-c066-a464-49f0-c55649810ca8.hero-dot, button#e6488a70-1330-c11f-3929-2a1724a8e172.hero-dot] @ https://cdn.utmify.com.br/scripts/pixel/pixel.js:0
[   24741ms] [LOG] buttons [button#f66c9835-fabd-ea5a-673c-663dc19c0321.hero-arrow.prev, button#710679ae-61b3-9771-fbac-1c1a454ef813.hero-arrow.next, button#09fcf930-b387-0d67-44a9-5570f5b69b38.hero-dot.active, button#1bee8fef-fb07-9abc-6831-2093e0a01c7c.hero-dot, button#00e0507a-c066-a464-49f0-c55649810ca8.hero-dot, button#e6488a70-1330-c11f-3929-2a1724a8e172.hero-dot] @ https://cdn.utmify.com.br/scripts/pixel/pixel.js:0
[   26741ms] [LOG] buttons [button#f66c9835-fabd-ea5a-673c-663dc19c0321.hero-arrow.prev, button#710679ae-61b3-9771-fbac-1c1a454ef813.hero-arrow.next, button#09fcf930-b387-0d67-44a9-5570f5b69b38.hero-dot.active, button#1bee8fef-fb07-9abc-6831-2093e0a01c7c.hero-dot, button#00e0507a-c066-a464-49f0-c55649810ca8.hero-dot, button#e6488a70-1330-c11f-3929-2a1724a8e172.hero-dot] @ https://cdn.utmify.com.br/scripts/pixel/pixel.js:0
[   28741ms] [LOG] buttons [button#f66c9835-fabd-ea5a-673c-663dc19c0321.hero-arrow.prev, button#710679ae-61b3-9771-fbac-1c1a454ef813.hero-arrow.next, button#09fcf930-b387-0d67-44a9-5570f5b69b38.hero-dot.active, button#1bee8fef-fb07-9abc-6831-2093e0a01c7c.hero-dot, button#00e0507a-c066-a464-49f0-c55649810ca8.hero-dot, button#e6488a70-1330-c11f-3929-2a1724a8e172.hero-dot] @ https://cdn.utmify.com.br/scripts/pixel/pixel.js:0
[   30741ms] [LOG] buttons [button#f66c9835-fabd-ea5a-673c-663dc19c0321.hero-arrow.prev, button#710679ae-61b3-9771-fbac-1c1a454ef813.hero-arrow.next, button#09fcf930-b387-0d67-44a9-5570f5b69b38.hero-dot.active, button#1bee8fef-fb07-9abc-6831-2093e0a01c7c.hero-dot, button#00e0507a-c066-a464-49f0-c55649810ca8.hero-dot, button#e6488a70-1330-c11f-3929-2a1724a8e172.hero-dot] @ https://cdn.utmify.com.br/scripts/pixel/pixel.js:0
[   32741ms] [LOG] buttons [button#f66c9835-fabd-ea5a-673c-663dc19c0321.hero-arrow.prev, button#710679ae-61b3-9771-fbac-1c1a454ef813.hero-arrow.next, button#09fcf930-b387-0d67-44a9-5570f5b69b38.hero-dot.active, button#1bee8fef-fb07-9abc-6831-2093e0a01c7c.hero-dot, button#00e0507a-c066-a464-49f0-c55649810ca8.hero-dot, button#e6488a70-1330-c11f-3929-2a1724a8e172.hero-dot] @ https://cdn.utmify.com.br/scripts/pixel/pixel.js:0
[   34741ms] [LOG] buttons [button#f66c9835-fabd-ea5a-673c-663dc19c0321.hero-arrow.prev, button#710679ae-61b3-9771-fbac-1c1a454ef813.hero-arrow.next, button#09fcf930-b387-0d67-44a9-5570f5b69b38.hero-dot.active, button#1bee8fef-fb07-9abc-6831-2093e0a01c7c.hero-dot, button#00e0507a-c066-a464-49f0-c55649810ca8.hero-dot, button#e6488a70-1330-c11f-3929-2a1724a8e172.hero-dot] @ https://cdn.utmify.com.br/scripts/pixel/pixel.js:0
[   36741ms] [LOG] buttons [button#f66c9835-fabd-ea5a-673c-663dc19c0321.hero-arrow.prev, button#710679ae-61b3-9771-fbac-1c1a454ef813.hero-arrow.next, button#09fcf930-b387-0d67-44a9-5570f5b69b38.hero-dot.active, button#1bee8fef-fb07-9abc-6831-2093e0a01c7c.hero-dot, button#00e0507a-c066-a464-49f0-c55649810ca8.hero-dot, button#e6488a70-1330-c11f-3929-2a1724a8e172.hero-dot] @ https://cdn.utmify.com.br/scripts/pixel/pixel.js:0
[   38741ms] [LOG] buttons [button#f66c9835-fabd-ea5a-673c-663dc19c0321.hero-arrow.prev, button#710679ae-61b3-9771-fbac-1c1a454ef813.hero-arrow.next, button#09fcf930-b387-0d67-44a9-5570f5b69b38.hero-dot.active, button#1bee8fef-fb07-9abc-6831-2093e0a01c7c.hero-dot, button#00e0507a-c066-a464-49f0-c55649810ca8.hero-dot, button#e6488a70-1330-c11f-3929-2a1724a8e172.hero-dot] @ https://cdn.utmify.com.br/scripts/pixel/pixel.js:0
[   40742ms] [LOG] buttons [button#f66c9835-fabd-ea5a-673c-663dc19c0321.hero-arrow.prev, button#710679ae-61b3-9771-fbac-1c1a454ef813.hero-arrow.next, button#09fcf930-b387-0d67-44a9-5570f5b69b38.hero-dot.active, button#1bee8fef-fb07-9abc-6831-2093e0a01c7c.hero-dot, button#00e0507a-c066-a464-49f0-c55649810ca8.hero-dot, button#e6488a70-1330-c11f-3929-2a1724a8e172.hero-dot] @ https://cdn.utmify.com.br/scripts/pixel/pixel.js:0
[   42742ms] [LOG] buttons [button#f66c9835-fabd-ea5a-673c-663dc19c0321.hero-arrow.prev, button#710679ae-61b3-9771-fbac-1c1a454ef813.hero-arrow.next, button#09fcf930-b387-0d67-44a9-5570f5b69b38.hero-dot.active, button#1bee8fef-fb07-9abc-6831-2093e0a01c7c.hero-dot, button#00e0507a-c066-a464-49f0-c55649810ca8.hero-dot, button#e6488a70-1330-c11f-3929-2a1724a8e172.hero-dot] @ https://cdn.utmify.com.br/scripts/pixel/pixel.js:0
[   44741ms] [LOG] buttons [button#f66c9835-fabd-ea5a-673c-663dc19c0321.hero-arrow.prev, button#710679ae-61b3-9771-fbac-1c1a454ef813.hero-arrow.next, button#09fcf930-b387-0d67-44a9-5570f5b69b38.hero-dot.active, button#1bee8fef-fb07-9abc-6831-2093e0a01c7c.hero-dot, button#00e0507a-c066-a464-49f0-c55649810ca8.hero-dot, button#e6488a70-1330-c11f-3929-2a1724a8e172.hero-dot] @ https://cdn.utmify.com.br/scripts/pixel/pixel.js:0
[   46741ms] [LOG] buttons [button#f66c9835-fabd-ea5a-673c-663dc19c0321.hero-arrow.prev, button#710679ae-61b3-9771-fbac-1c1a454ef813.hero-arrow.next, button#09fcf930-b387-0d67-44a9-5570f5b69b38.hero-dot.active, button#1bee8fef-fb07-9abc-6831-2093e0a01c7c.hero-dot, button#00e0507a-c066-a464-49f0-c55649810ca8.hero-dot, button#e6488a70-1330-c11f-3929-2a1724a8e172.hero-dot] @ https://cdn.utmify.com.br/scripts/pixel/pixel.js:0
[   48741ms] [LOG] buttons [button#f66c9835-fabd-ea5a-673c-663dc19c0321.hero-arrow.prev, button#710679ae-61b3-9771-fbac-1c1a454ef813.hero-arrow.next, button#09fcf930-b387-0d67-44a9-5570f5b69b38.hero-dot.active, button#1bee8fef-fb07-9abc-6831-2093e0a01c7c.hero-dot, button#00e0507a-c066-a464-49f0-c55649810ca8.hero-dot, button#e6488a70-1330-c11f-3929-2a1724a8e172.hero-dot] @ https://cdn.utmify.com.br/scripts/pixel/pixel.js:0
[   50742ms] [LOG] buttons [button#f66c9835-fabd-ea5a-673c-663dc19c0321.hero-arrow.prev, button#710679ae-61b3-9771-fbac-1c1a454ef813.hero-arrow.next, button#09fcf930-b387-0d67-44a9-5570f5b69b38.hero-dot.active, button#1bee8fef-fb07-9abc-6831-2093e0a01c7c.hero-dot, button#00e0507a-c066-a464-49f0-c55649810ca8.hero-dot, button#e6488a70-1330-c11f-3929-2a1724a8e172.hero-dot] @ https://cdn.utmify.com.br/scripts/pixel/pixel.js:0
[   52742ms] [LOG] buttons [button#f66c9835-fabd-ea5a-673c-663dc19c0321.hero-arrow.prev, button#710679ae-61b3-9771-fbac-1c1a454ef813.hero-arrow.next, button#09fcf930-b387-0d67-44a9-5570f5b69b38.hero-dot.active, button#1bee8fef-fb07-9abc-6831-2093e0a01c7c.hero-dot, button#00e0507a-c066-a464-49f0-c55649810ca8.hero-dot, button#e6488a70-1330-c11f-3929-2a1724a8e172.hero-dot] @ https://cdn.utmify.com.br/scripts/pixel/pixel.js:0
[   54741ms] [LOG] buttons [button#f66c9835-fabd-ea5a-673c-663dc19c0321.hero-arrow.prev, button#710679ae-61b3-9771-fbac-1c1a454ef813.hero-arrow.next, button#09fcf930-b387-0d67-44a9-5570f5b69b38.hero-dot.active, button#1bee8fef-fb07-9abc-6831-2093e0a01c7c.hero-dot, button#00e0507a-c066-a464-49f0-c55649810ca8.hero-dot, button#e6488a70-1330-c11f-3929-2a1724a8e172.hero-dot] @ https://cdn.utmify.com.br/scripts/pixel/pixel.js:0
[   56741ms] [LOG] buttons [button#f66c9835-fabd-ea5a-673c-663dc19c0321.hero-arrow.prev, button#710679ae-61b3-9771-fbac-1c1a454ef813.hero-arrow.next, button#09fcf930-b387-0d67-44a9-5570f5b69b38.hero-dot.active, button#1bee8fef-fb07-9abc-6831-2093e0a01c7c.hero-dot, button#00e0507a-c066-a464-49f0-c55649810ca8.hero-dot, button#e6488a70-1330-c11f-3929-2a1724a8e172.hero-dot] @ https://cdn.utmify.com.br/scripts/pixel/pixel.js:0
[   58742ms] [LOG] buttons [button#f66c9835-fabd-ea5a-673c-663dc19c0321.hero-arrow.prev, button#710679ae-61b3-9771-fbac-1c1a454ef813.hero-arrow.next, button#09fcf930-b387-0d67-44a9-5570f5b69b38.hero-dot.active, button#1bee8fef-fb07-9abc-6831-2093e0a01c7c.hero-dot, button#00e0507a-c066-a464-49f0-c55649810ca8.hero-dot, button#e6488a70-1330-c11f-3929-2a1724a8e172.hero-dot] @ https://cdn.utmify.com.br/scripts/pixel/pixel.js:0
[   60742ms] [LOG] buttons [button#f66c9835-fabd-ea5a-673c-663dc19c0321.hero-arrow.prev, button#710679ae-61b3-9771-fbac-1c1a454ef813.hero-arrow.next, button#09fcf930-b387-0d67-44a9-5570f5b69b38.hero-dot.active, button#1bee8fef-fb07-9abc-6831-2093e0a01c7c.hero-dot, button#00e0507a-c066-a464-49f0-c55649810ca8.hero-dot, button#e6488a70-1330-c11f-3929-2a1724a8e172.hero-dot] @ https://cdn.utmify.com.br/scripts/pixel/pixel.js:0
[   62741ms] [LOG] buttons [button#f66c9835-fabd-ea5a-673c-663dc19c0321.hero-arrow.prev, button#710679ae-61b3-9771-fbac-1c1a454ef813.hero-arrow.next, button#09fcf930-b387-0d67-44a9-5570f5b69b38.hero-dot.active, button#1bee8fef-fb07-9abc-6831-2093e0a01c7c.hero-dot, button#00e0507a-c066-a464-49f0-c55649810ca8.hero-dot, button#e6488a70-1330-c11f-3929-2a1724a8e172.hero-dot] @ https://cdn.utmify.com.br/scripts/pixel/pixel.js:0
[   64741ms] [LOG] buttons [button#f66c9835-fabd-ea5a-673c-663dc19c0321.hero-arrow.prev, button#710679ae-61b3-9771-fbac-1c1a454ef813.hero-arrow.next, button#09fcf930-b387-0d67-44a9-5570f5b69b38.hero-dot.active, button#1bee8fef-fb07-9abc-6831-2093e0a01c7c.hero-dot, button#00e0507a-c066-a464-49f0-c55649810ca8.hero-dot, button#e6488a70-1330-c11f-3929-2a1724a8e172.hero-dot] @ https://cdn.utmify.com.br/scripts/pixel/pixel.js:0
[   66741ms] [LOG] buttons [button#f66c9835-fabd-ea5a-673c-663dc19c0321.hero-arrow.prev, button#710679ae-61b3-9771-fbac-1c1a454ef813.hero-arrow.next, button#09fcf930-b387-0d67-44a9-5570f5b69b38.hero-dot.active, button#1bee8fef-fb07-9abc-6831-2093e0a01c7c.hero-dot, button#00e0507a-c066-a464-49f0-c55649810ca8.hero-dot, button#e6488a70-1330-c11f-3929-2a1724a8e172.hero-dot] @ https://cdn.utmify.com.br/scripts/pixel/pixel.js:0
[   68741ms] [LOG] buttons [button#f66c9835-fabd-ea5a-673c-663dc19c0321.hero-arrow.prev, button#710679ae-61b3-9771-fbac-1c1a454ef813.hero-arrow.next, button#09fcf930-b387-0d67-44a9-5570f5b69b38.hero-dot.active, button#1bee8fef-fb07-9abc-6831-2093e0a01c7c.hero-dot, button#00e0507a-c066-a464-49f0-c55649810ca8.hero-dot, button#e6488a70-1330-c11f-3929-2a1724a8e172.hero-dot] @ https://cdn.utmify.com.br/scripts/pixel/pixel.js:0
