[      33ms] [LOG] buttons [] @ https://cdn.utmify.com.br/scripts/pixel/pixel.js:0
[     120ms] [LOG] Tracker Meta version 1.6.1 @ https://cdn.utmify.com.br/scripts/pixel/pixel.js:0
[     120ms] [LOG] Tracker.inited?: false @ https://cdn.utmify.com.br/scripts/pixel/pixel.js:0
[    5122ms] [LOG] error on getIpv6 TimeoutError: signal timed out @ https://cdn.utmify.com.br/scripts/pixel/pixel.js:0
[    5122ms] [LOG] buttons [] @ https://cdn.utmify.com.br/scripts/pixel/pixel.js:0
[    5125ms] [ERROR] Failed to load resource: net::ERR_CONNECTION_REFUSED @ http://localhost:3001/tracking/v1/events:0
[    5126ms] Uncaught (in promise) TypeError: Failed to fetch
    at <anonymous> (https://cdn.utmify.com.br/scripts/pixel/pixel.js:0:20157)
    at <anonymous> (https://cdn.utmify.com.br/scripts/pixel/pixel.js:0:17787)
    at l (https://cdn.utmify.com.br/scripts/pixel/pixel.js:0:17532)
    at event (https://cdn.utmify.com.br/scripts/pixel/pixel.js:0:20081)
    at <anonymous> (https://cdn.utmify.com.br/scripts/pixel/pixel.js:0:30589)
    at <anonymous> (https://cdn.utmify.com.br/scripts/pixel/pixel.js:0:29166)
    at l (https://cdn.utmify.com.br/scripts/pixel/pixel.js:0:28911)
    at track (https://cdn.utmify.com.br/scripts/pixel/pixel.js:0:30436)
    at <anonymous> (https://cdn.utmify.com.br/scripts/pixel/pixel.js:0:30025)
    at r (https://cdn.utmify.com.br/scripts/pixel/pixel.js:0:28968)
[    6973ms] [LOG] scrolling 597 @ https://cdn.utmify.com.br/scripts/pixel/pixel.js:0
[    6975ms] [ERROR] Failed to load resource: net::ERR_CONNECTION_REFUSED @ http://localhost:3001/tracking/v1/events:0
[    6975ms] Uncaught (in promise) TypeError: Failed to fetch
    at <anonymous> (https://cdn.utmify.com.br/scripts/pixel/pixel.js:0:20157)
    at <anonymous> (https://cdn.utmify.com.br/scripts/pixel/pixel.js:0:17787)
    at l (https://cdn.utmify.com.br/scripts/pixel/pixel.js:0:17532)
    at event (https://cdn.utmify.com.br/scripts/pixel/pixel.js:0:20081)
    at <anonymous> (https://cdn.utmify.com.br/scripts/pixel/pixel.js:0:30589)
    at <anonymous> (https://cdn.utmify.com.br/scripts/pixel/pixel.js:0:29166)
    at l (https://cdn.utmify.com.br/scripts/pixel/pixel.js:0:28911)
    at track (https://cdn.utmify.com.br/scripts/pixel/pixel.js:0:30436)
    at <anonymous> (https://cdn.utmify.com.br/scripts/pixel/pixel.js:0:38669)
    at <anonymous> (https://cdn.utmify.com.br/scripts/pixel/pixel.js:0:38164)
    at l (https://cdn.utmify.com.br/scripts/pixel/pixel.js:0:37909)
    at <anonymous> (https://cdn.utmify.com.br/scripts/pixel/pixel.js:0:38565)
[    7124ms] [LOG] buttons [] @ https://cdn.utmify.com.br/scripts/pixel/pixel.js:0
[    9123ms] [LOG] buttons [] @ https://cdn.utmify.com.br/scripts/pixel/pixel.js:0
[   11123ms] [LOG] buttons [] @ https://cdn.utmify.com.br/scripts/pixel/pixel.js:0
[   13124ms] [LOG] buttons [] @ https://cdn.utmify.com.br/scripts/pixel/pixel.js:0
[   15123ms] [LOG] buttons [] @ https://cdn.utmify.com.br/scripts/pixel/pixel.js:0
[   17124ms] [LOG] buttons [] @ https://cdn.utmify.com.br/scripts/pixel/pixel.js:0
[   19124ms] [LOG] buttons [] @ https://cdn.utmify.com.br/scripts/pixel/pixel.js:0
[   21123ms] [LOG] buttons [] @ https://cdn.utmify.com.br/scripts/pixel/pixel.js:0
[   23123ms] [LOG] buttons [] @ https://cdn.utmify.com.br/scripts/pixel/pixel.js:0
[   25126ms] [LOG] buttons [] @ https://cdn.utmify.com.br/scripts/pixel/pixel.js:0
[   27124ms] [LOG] buttons [] @ https://cdn.utmify.com.br/scripts/pixel/pixel.js:0
[   29123ms] [LOG] buttons [] @ https://cdn.utmify.com.br/scripts/pixel/pixel.js:0
[   31123ms] [LOG] buttons [] @ https://cdn.utmify.com.br/scripts/pixel/pixel.js:0
[   33123ms] [LOG] buttons [] @ https://cdn.utmify.com.br/scripts/pixel/pixel.js:0
[   35123ms] [LOG] buttons [] @ https://cdn.utmify.com.br/scripts/pixel/pixel.js:0
[   37123ms] [LOG] buttons [] @ https://cdn.utmify.com.br/scripts/pixel/pixel.js:0
[   39124ms] [LOG] buttons [] @ https://cdn.utmify.com.br/scripts/pixel/pixel.js:0
[   41124ms] [LOG] buttons [] @ https://cdn.utmify.com.br/scripts/pixel/pixel.js:0
[   43124ms] [LOG] buttons [] @ https://cdn.utmify.com.br/scripts/pixel/pixel.js:0
[   45124ms] [LOG] buttons [] @ https://cdn.utmify.com.br/scripts/pixel/pixel.js:0
[   47123ms] [LOG] buttons [] @ https://cdn.utmify.com.br/scripts/pixel/pixel.js:0
[   49123ms] [LOG] buttons [] @ https://cdn.utmify.com.br/scripts/pixel/pixel.js:0
[   51123ms] [LOG] buttons [] @ https://cdn.utmify.com.br/scripts/pixel/pixel.js:0
[   53123ms] [LOG] buttons [] @ https://cdn.utmify.com.br/scripts/pixel/pixel.js:0
[   55124ms] [LOG] buttons [] @ https://cdn.utmify.com.br/scripts/pixel/pixel.js:0
[   57123ms] [LOG] buttons [] @ https://cdn.utmify.com.br/scripts/pixel/pixel.js:0
[   59123ms] [LOG] buttons [] @ https://cdn.utmify.com.br/scripts/pixel/pixel.js:0
[   61123ms] [LOG] buttons [] @ https://cdn.utmify.com.br/scripts/pixel/pixel.js:0
[   63124ms] [LOG] buttons [] @ https://cdn.utmify.com.br/scripts/pixel/pixel.js:0
[   65123ms] [LOG] buttons [] @ https://cdn.utmify.com.br/scripts/pixel/pixel.js:0
[   67124ms] [LOG] buttons [] @ https://cdn.utmify.com.br/scripts/pixel/pixel.js:0
[   69123ms] [LOG] buttons [] @ https://cdn.utmify.com.br/scripts/pixel/pixel.js:0
[   71124ms] [LOG] buttons [] @ https://cdn.utmify.com.br/scripts/pixel/pixel.js:0
[   73124ms] [LOG] buttons [] @ https://cdn.utmify.com.br/scripts/pixel/pixel.js:0
[   75124ms] [LOG] buttons [] @ https://cdn.utmify.com.br/scripts/pixel/pixel.js:0
[   77124ms] [LOG] buttons [] @ https://cdn.utmify.com.br/scripts/pixel/pixel.js:0
[   79124ms] [LOG] buttons [] @ https://cdn.utmify.com.br/scripts/pixel/pixel.js:0
[   81124ms] [LOG] buttons [] @ https://cdn.utmify.com.br/scripts/pixel/pixel.js:0
[   83124ms] [LOG] buttons [] @ https://cdn.utmify.com.br/scripts/pixel/pixel.js:0
[   85123ms] [LOG] buttons [] @ https://cdn.utmify.com.br/scripts/pixel/pixel.js:0
[   87124ms] [LOG] buttons [] @ https://cdn.utmify.com.br/scripts/pixel/pixel.js:0
[   89124ms] [LOG] buttons [] @ https://cdn.utmify.com.br/scripts/pixel/pixel.js:0
[   91124ms] [LOG] buttons [] @ https://cdn.utmify.com.br/scripts/pixel/pixel.js:0
[   93123ms] [LOG] buttons [] @ https://cdn.utmify.com.br/scripts/pixel/pixel.js:0
[   95123ms] [LOG] buttons [] @ https://cdn.utmify.com.br/scripts/pixel/pixel.js:0
[   97124ms] [LOG] buttons [] @ https://cdn.utmify.com.br/scripts/pixel/pixel.js:0
[   99124ms] [LOG] buttons [] @ https://cdn.utmify.com.br/scripts/pixel/pixel.js:0
[  101123ms] [LOG] buttons [] @ https://cdn.utmify.com.br/scripts/pixel/pixel.js:0
[  103124ms] [LOG] buttons [] @ https://cdn.utmify.com.br/scripts/pixel/pixel.js:0
[  105124ms] [LOG] buttons [] @ https://cdn.utmify.com.br/scripts/pixel/pixel.js:0
[  107124ms] [LOG] buttons [] @ https://cdn.utmify.com.br/scripts/pixel/pixel.js:0
[  109124ms] [LOG] buttons [] @ https://cdn.utmify.com.br/scripts/pixel/pixel.js:0
[  111124ms] [LOG] buttons [] @ https://cdn.utmify.com.br/scripts/pixel/pixel.js:0
[  113124ms] [LOG] buttons [] @ https://cdn.utmify.com.br/scripts/pixel/pixel.js:0
[  115124ms] [LOG] buttons [] @ https://cdn.utmify.com.br/scripts/pixel/pixel.js:0
[  117124ms] [LOG] buttons [] @ https://cdn.utmify.com.br/scripts/pixel/pixel.js:0
[  119124ms] [LOG] buttons [] @ https://cdn.utmify.com.br/scripts/pixel/pixel.js:0
[  121124ms] [LOG] buttons [] @ https://cdn.utmify.com.br/scripts/pixel/pixel.js:0
[  123124ms] [LOG] buttons [] @ https://cdn.utmify.com.br/scripts/pixel/pixel.js:0
[  125125ms] [LOG] buttons [] @ https://cdn.utmify.com.br/scripts/pixel/pixel.js:0
[  127123ms] [LOG] buttons [] @ https://cdn.utmify.com.br/scripts/pixel/pixel.js:0
[  129124ms] [LOG] buttons [] @ https://cdn.utmify.com.br/scripts/pixel/pixel.js:0
[  131124ms] [LOG] buttons [] @ https://cdn.utmify.com.br/scripts/pixel/pixel.js:0
[  133124ms] [LOG] buttons [] @ https://cdn.utmify.com.br/scripts/pixel/pixel.js:0
[  135124ms] [LOG] buttons [] @ https://cdn.utmify.com.br/scripts/pixel/pixel.js:0
[  137123ms] [LOG] buttons [] @ https://cdn.utmify.com.br/scripts/pixel/pixel.js:0
[  139124ms] [LOG] buttons [] @ https://cdn.utmify.com.br/scripts/pixel/pixel.js:0
[  141124ms] [LOG] buttons [] @ https://cdn.utmify.com.br/scripts/pixel/pixel.js:0
[  143125ms] [LOG] buttons [] @ https://cdn.utmify.com.br/scripts/pixel/pixel.js:0
[  145124ms] [LOG] buttons [] @ https://cdn.utmify.com.br/scripts/pixel/pixel.js:0
[  147124ms] [LOG] buttons [] @ https://cdn.utmify.com.br/scripts/pixel/pixel.js:0
[  149124ms] [LOG] buttons [] @ https://cdn.utmify.com.br/scripts/pixel/pixel.js:0
[  151124ms] [LOG] buttons [] @ https://cdn.utmify.com.br/scripts/pixel/pixel.js:0
[  153124ms] [LOG] buttons [] @ https://cdn.utmify.com.br/scripts/pixel/pixel.js:0
[  155124ms] [LOG] buttons [] @ https://cdn.utmify.com.br/scripts/pixel/pixel.js:0
[  157124ms] [LOG] buttons [] @ https://cdn.utmify.com.br/scripts/pixel/pixel.js:0
[  159125ms] [LOG] buttons [] @ https://cdn.utmify.com.br/scripts/pixel/pixel.js:0
[  161124ms] [LOG] buttons [] @ https://cdn.utmify.com.br/scripts/pixel/pixel.js:0
[  163125ms] [LOG] buttons [] @ https://cdn.utmify.com.br/scripts/pixel/pixel.js:0
[  165124ms] [LOG] buttons [] @ https://cdn.utmify.com.br/scripts/pixel/pixel.js:0
[  167124ms] [LOG] buttons [] @ https://cdn.utmify.com.br/scripts/pixel/pixel.js:0
[  169124ms] [LOG] buttons [] @ https://cdn.utmify.com.br/scripts/pixel/pixel.js:0
[  171123ms] [LOG] buttons [] @ https://cdn.utmify.com.br/scripts/pixel/pixel.js:0
[  173124ms] [LOG] buttons [] @ https://cdn.utmify.com.br/scripts/pixel/pixel.js:0
[  175124ms] [LOG] buttons [] @ https://cdn.utmify.com.br/scripts/pixel/pixel.js:0
[  177124ms] [LOG] buttons [] @ https://cdn.utmify.com.br/scripts/pixel/pixel.js:0
[  179124ms] [LOG] buttons [] @ https://cdn.utmify.com.br/scripts/pixel/pixel.js:0
[  181124ms] [LOG] buttons [] @ https://cdn.utmify.com.br/scripts/pixel/pixel.js:0
[  183125ms] [LOG] buttons [] @ https://cdn.utmify.com.br/scripts/pixel/pixel.js:0
[  185125ms] [LOG] buttons [] @ https://cdn.utmify.com.br/scripts/pixel/pixel.js:0
[  187125ms] [LOG] buttons [] @ https://cdn.utmify.com.br/scripts/pixel/pixel.js:0
[  189124ms] [LOG] buttons [] @ https://cdn.utmify.com.br/scripts/pixel/pixel.js:0
[  191124ms] [LOG] buttons [] @ https://cdn.utmify.com.br/scripts/pixel/pixel.js:0
[  193124ms] [LOG] buttons [] @ https://cdn.utmify.com.br/scripts/pixel/pixel.js:0
[  195124ms] [LOG] buttons [] @ https://cdn.utmify.com.br/scripts/pixel/pixel.js:0
[  197124ms] [LOG] buttons [] @ https://cdn.utmify.com.br/scripts/pixel/pixel.js:0
[  199124ms] [LOG] buttons [] @ https://cdn.utmify.com.br/scripts/pixel/pixel.js:0
[  201124ms] [LOG] buttons [] @ https://cdn.utmify.com.br/scripts/pixel/pixel.js:0
[  203124ms] [LOG] buttons [] @ https://cdn.utmify.com.br/scripts/pixel/pixel.js:0
[  205124ms] [LOG] buttons [] @ https://cdn.utmify.com.br/scripts/pixel/pixel.js:0
[  207124ms] [LOG] buttons [] @ https://cdn.utmify.com.br/scripts/pixel/pixel.js:0
[  209125ms] [LOG] buttons [] @ https://cdn.utmify.com.br/scripts/pixel/pixel.js:0
[  211125ms] [LOG] buttons [] @ https://cdn.utmify.com.br/scripts/pixel/pixel.js:0
[  213124ms] [LOG] buttons [] @ https://cdn.utmify.com.br/scripts/pixel/pixel.js:0
[  215125ms] [LOG] buttons [] @ https://cdn.utmify.com.br/scripts/pixel/pixel.js:0
[  217124ms] [LOG] buttons [] @ https://cdn.utmify.com.br/scripts/pixel/pixel.js:0
[  219125ms] [LOG] buttons [] @ https://cdn.utmify.com.br/scripts/pixel/pixel.js:0
[  221124ms] [LOG] buttons [] @ https://cdn.utmify.com.br/scripts/pixel/pixel.js:0
[  223125ms] [LOG] buttons [] @ https://cdn.utmify.com.br/scripts/pixel/pixel.js:0
[  225125ms] [LOG] buttons [] @ https://cdn.utmify.com.br/scripts/pixel/pixel.js:0
[  227125ms] [LOG] buttons [] @ https://cdn.utmify.com.br/scripts/pixel/pixel.js:0
[  229125ms] [LOG] buttons [] @ https://cdn.utmify.com.br/scripts/pixel/pixel.js:0
[  231125ms] [LOG] buttons [] @ https://cdn.utmify.com.br/scripts/pixel/pixel.js:0
[  233124ms] [LOG] buttons [] @ https://cdn.utmify.com.br/scripts/pixel/pixel.js:0
