[      99ms] [LOG] Tracker Meta version 1.6.1 @ https://cdn.utmify.com.br/scripts/pixel/pixel.js:0
[      99ms] [LOG] Tracker.inited?: false @ https://cdn.utmify.com.br/scripts/pixel/pixel.js:0
[    5101ms] [LOG] error on getIpv6 TimeoutError: signal timed out @ https://cdn.utmify.com.br/scripts/pixel/pixel.js:0
[    5101ms] [LOG] buttons [] @ https://cdn.utmify.com.br/scripts/pixel/pixel.js:0
[    5102ms] [ERROR] Failed to load resource: net::ERR_CONNECTION_REFUSED @ http://localhost:3001/tracking/v1/events:0
[    5102ms] Uncaught (in promise) TypeError: Failed to fetch
    at <anonymous> (https://cdn.utmify.com.br/scripts/pixel/pixel.js:0:20157)
    at <anonymous> (https://cdn.utmify.com.br/scripts/pixel/pixel.js:0:17787)
    at l (https://cdn.utmify.com.br/scripts/pixel/pixel.js:0:17532)
    at event (https://cdn.utmify.com.br/scripts/pixel/pixel.js:0:20081)
    at <anonymous> (https://cdn.utmify.com.br/scripts/pixel/pixel.js:0:30589)
    at <anonymous> (https://cdn.utmify.com.br/scripts/pixel/pixel.js:0:29166)
    at l (https://cdn.utmify.com.br/scripts/pixel/pixel.js:0:28911)
    at track (https://cdn.utmify.com.br/scripts/pixel/pixel.js:0:30436)
    at <anonymous> (https://cdn.utmify.com.br/scripts/pixel/pixel.js:0:30025)
    at r (https://cdn.utmify.com.br/scripts/pixel/pixel.js:0:28968)
[    7102ms] [LOG] buttons [] @ https://cdn.utmify.com.br/scripts/pixel/pixel.js:0
[    9103ms] [LOG] buttons [] @ https://cdn.utmify.com.br/scripts/pixel/pixel.js:0
[   11102ms] [LOG] buttons [] @ https://cdn.utmify.com.br/scripts/pixel/pixel.js:0
[   13102ms] [LOG] buttons [] @ https://cdn.utmify.com.br/scripts/pixel/pixel.js:0
[   13105ms] [ERROR] Failed to load resource: net::ERR_CONNECTION_REFUSED @ http://localhost:3001/tracking/v1/events:0
[   13106ms] Uncaught (in promise) TypeError: Failed to fetch
    at <anonymous> (https://cdn.utmify.com.br/scripts/pixel/pixel.js:0:20157)
    at <anonymous> (https://cdn.utmify.com.br/scripts/pixel/pixel.js:0:17787)
    at l (https://cdn.utmify.com.br/scripts/pixel/pixel.js:0:17532)
    at event (https://cdn.utmify.com.br/scripts/pixel/pixel.js:0:20081)
    at <anonymous> (https://cdn.utmify.com.br/scripts/pixel/pixel.js:0:30589)
    at <anonymous> (https://cdn.utmify.com.br/scripts/pixel/pixel.js:0:29166)
    at l (https://cdn.utmify.com.br/scripts/pixel/pixel.js:0:28911)
    at track (https://cdn.utmify.com.br/scripts/pixel/pixel.js:0:30436)
    at <anonymous> (https://cdn.utmify.com.br/scripts/pixel/pixel.js:0:38439)
    at r (https://cdn.utmify.com.br/scripts/pixel/pixel.js:0:37966)
[   13930ms] [LOG] scrolling 597 @ https://cdn.utmify.com.br/scripts/pixel/pixel.js:0
[   15102ms] [LOG] buttons [] @ https://cdn.utmify.com.br/scripts/pixel/pixel.js:0
[   17102ms] [LOG] buttons [] @ https://cdn.utmify.com.br/scripts/pixel/pixel.js:0
[   19102ms] [LOG] buttons [] @ https://cdn.utmify.com.br/scripts/pixel/pixel.js:0
[   21103ms] [LOG] buttons [] @ https://cdn.utmify.com.br/scripts/pixel/pixel.js:0
[   23102ms] [LOG] buttons [] @ https://cdn.utmify.com.br/scripts/pixel/pixel.js:0
[   25103ms] [LOG] buttons [] @ https://cdn.utmify.com.br/scripts/pixel/pixel.js:0
[   27103ms] [LOG] buttons [] @ https://cdn.utmify.com.br/scripts/pixel/pixel.js:0
[   29103ms] [LOG] buttons [] @ https://cdn.utmify.com.br/scripts/pixel/pixel.js:0
[   31103ms] [LOG] buttons [] @ https://cdn.utmify.com.br/scripts/pixel/pixel.js:0
[   33102ms] [LOG] buttons [] @ https://cdn.utmify.com.br/scripts/pixel/pixel.js:0
[   35103ms] [LOG] buttons [] @ https://cdn.utmify.com.br/scripts/pixel/pixel.js:0
[   37103ms] [LOG] buttons [] @ https://cdn.utmify.com.br/scripts/pixel/pixel.js:0
[   39104ms] [LOG] buttons [] @ https://cdn.utmify.com.br/scripts/pixel/pixel.js:0
[   41102ms] [LOG] buttons [] @ https://cdn.utmify.com.br/scripts/pixel/pixel.js:0
[   43103ms] [LOG] buttons [] @ https://cdn.utmify.com.br/scripts/pixel/pixel.js:0
[   45102ms] [LOG] buttons [] @ https://cdn.utmify.com.br/scripts/pixel/pixel.js:0
[   47102ms] [LOG] buttons [] @ https://cdn.utmify.com.br/scripts/pixel/pixel.js:0
[   49102ms] [LOG] buttons [] @ https://cdn.utmify.com.br/scripts/pixel/pixel.js:0
[   51103ms] [LOG] buttons [] @ https://cdn.utmify.com.br/scripts/pixel/pixel.js:0
[   53103ms] [LOG] buttons [] @ https://cdn.utmify.com.br/scripts/pixel/pixel.js:0
[   55102ms] [LOG] buttons [] @ https://cdn.utmify.com.br/scripts/pixel/pixel.js:0
[   57102ms] [LOG] buttons [] @ https://cdn.utmify.com.br/scripts/pixel/pixel.js:0
[   59102ms] [LOG] buttons [] @ https://cdn.utmify.com.br/scripts/pixel/pixel.js:0
[   61102ms] [LOG] buttons [] @ https://cdn.utmify.com.br/scripts/pixel/pixel.js:0
[   63102ms] [LOG] buttons [] @ https://cdn.utmify.com.br/scripts/pixel/pixel.js:0
[   65103ms] [LOG] buttons [] @ https://cdn.utmify.com.br/scripts/pixel/pixel.js:0
[   67102ms] [LOG] buttons [] @ https://cdn.utmify.com.br/scripts/pixel/pixel.js:0
[   69103ms] [LOG] buttons [] @ https://cdn.utmify.com.br/scripts/pixel/pixel.js:0
[   71103ms] [LOG] buttons [] @ https://cdn.utmify.com.br/scripts/pixel/pixel.js:0
[   73104ms] [LOG] buttons [] @ https://cdn.utmify.com.br/scripts/pixel/pixel.js:0
[   75103ms] [LOG] buttons [] @ https://cdn.utmify.com.br/scripts/pixel/pixel.js:0
[   77102ms] [LOG] buttons [] @ https://cdn.utmify.com.br/scripts/pixel/pixel.js:0
[   79102ms] [LOG] buttons [] @ https://cdn.utmify.com.br/scripts/pixel/pixel.js:0
[   81103ms] [LOG] buttons [] @ https://cdn.utmify.com.br/scripts/pixel/pixel.js:0
[   83103ms] [LOG] buttons [] @ https://cdn.utmify.com.br/scripts/pixel/pixel.js:0
[   85102ms] [LOG] buttons [] @ https://cdn.utmify.com.br/scripts/pixel/pixel.js:0
[   87103ms] [LOG] buttons [] @ https://cdn.utmify.com.br/scripts/pixel/pixel.js:0
[   89103ms] [LOG] buttons [] @ https://cdn.utmify.com.br/scripts/pixel/pixel.js:0
[   91102ms] [LOG] buttons [] @ https://cdn.utmify.com.br/scripts/pixel/pixel.js:0
[   93103ms] [LOG] buttons [] @ https://cdn.utmify.com.br/scripts/pixel/pixel.js:0
[   95102ms] [LOG] buttons [] @ https://cdn.utmify.com.br/scripts/pixel/pixel.js:0
[   97101ms] [LOG] buttons [] @ https://cdn.utmify.com.br/scripts/pixel/pixel.js:0
[   99102ms] [LOG] buttons [] @ https://cdn.utmify.com.br/scripts/pixel/pixel.js:0
[  101102ms] [LOG] buttons [] @ https://cdn.utmify.com.br/scripts/pixel/pixel.js:0
[  103102ms] [LOG] buttons [] @ https://cdn.utmify.com.br/scripts/pixel/pixel.js:0
[  105101ms] [LOG] buttons [] @ https://cdn.utmify.com.br/scripts/pixel/pixel.js:0
[  107102ms] [LOG] buttons [] @ https://cdn.utmify.com.br/scripts/pixel/pixel.js:0
[  109102ms] [LOG] buttons [] @ https://cdn.utmify.com.br/scripts/pixel/pixel.js:0
[  111101ms] [LOG] buttons [] @ https://cdn.utmify.com.br/scripts/pixel/pixel.js:0
[  113102ms] [LOG] buttons [] @ https://cdn.utmify.com.br/scripts/pixel/pixel.js:0
[  115101ms] [LOG] buttons [] @ https://cdn.utmify.com.br/scripts/pixel/pixel.js:0
[  117102ms] [LOG] buttons [] @ https://cdn.utmify.com.br/scripts/pixel/pixel.js:0
[  119102ms] [LOG] buttons [] @ https://cdn.utmify.com.br/scripts/pixel/pixel.js:0
[  121102ms] [LOG] buttons [] @ https://cdn.utmify.com.br/scripts/pixel/pixel.js:0
[  123101ms] [LOG] buttons [] @ https://cdn.utmify.com.br/scripts/pixel/pixel.js:0
[  125102ms] [LOG] buttons [] @ https://cdn.utmify.com.br/scripts/pixel/pixel.js:0
[  127102ms] [LOG] buttons [] @ https://cdn.utmify.com.br/scripts/pixel/pixel.js:0
[  129101ms] [LOG] buttons [] @ https://cdn.utmify.com.br/scripts/pixel/pixel.js:0
[  131102ms] [LOG] buttons [] @ https://cdn.utmify.com.br/scripts/pixel/pixel.js:0
[  133101ms] [LOG] buttons [] @ https://cdn.utmify.com.br/scripts/pixel/pixel.js:0
[  135101ms] [LOG] buttons [] @ https://cdn.utmify.com.br/scripts/pixel/pixel.js:0
[  137102ms] [LOG] buttons [] @ https://cdn.utmify.com.br/scripts/pixel/pixel.js:0
[  139101ms] [LOG] buttons [] @ https://cdn.utmify.com.br/scripts/pixel/pixel.js:0
[  141102ms] [LOG] buttons [] @ https://cdn.utmify.com.br/scripts/pixel/pixel.js:0
[  143102ms] [LOG] buttons [] @ https://cdn.utmify.com.br/scripts/pixel/pixel.js:0
[  145102ms] [LOG] buttons [] @ https://cdn.utmify.com.br/scripts/pixel/pixel.js:0
[  147102ms] [LOG] buttons [] @ https://cdn.utmify.com.br/scripts/pixel/pixel.js:0
[  149102ms] [LOG] buttons [] @ https://cdn.utmify.com.br/scripts/pixel/pixel.js:0
[  151102ms] [LOG] buttons [] @ https://cdn.utmify.com.br/scripts/pixel/pixel.js:0
[  153102ms] [LOG] buttons [] @ https://cdn.utmify.com.br/scripts/pixel/pixel.js:0
[  155102ms] [LOG] buttons [] @ https://cdn.utmify.com.br/scripts/pixel/pixel.js:0
[  157103ms] [LOG] buttons [] @ https://cdn.utmify.com.br/scripts/pixel/pixel.js:0
[  159102ms] [LOG] buttons [] @ https://cdn.utmify.com.br/scripts/pixel/pixel.js:0
[  161102ms] [LOG] buttons [] @ https://cdn.utmify.com.br/scripts/pixel/pixel.js:0
[  163102ms] [LOG] buttons [] @ https://cdn.utmify.com.br/scripts/pixel/pixel.js:0
[  165102ms] [LOG] buttons [] @ https://cdn.utmify.com.br/scripts/pixel/pixel.js:0
[  167102ms] [LOG] buttons [] @ https://cdn.utmify.com.br/scripts/pixel/pixel.js:0
[  169102ms] [LOG] buttons [] @ https://cdn.utmify.com.br/scripts/pixel/pixel.js:0
[  171102ms] [LOG] buttons [] @ https://cdn.utmify.com.br/scripts/pixel/pixel.js:0
[  173102ms] [LOG] buttons [] @ https://cdn.utmify.com.br/scripts/pixel/pixel.js:0
[  175103ms] [LOG] buttons [] @ https://cdn.utmify.com.br/scripts/pixel/pixel.js:0
[  177102ms] [LOG] buttons [] @ https://cdn.utmify.com.br/scripts/pixel/pixel.js:0
[  179102ms] [LOG] buttons [] @ https://cdn.utmify.com.br/scripts/pixel/pixel.js:0
[  181102ms] [LOG] buttons [] @ https://cdn.utmify.com.br/scripts/pixel/pixel.js:0
[  183103ms] [LOG] buttons [] @ https://cdn.utmify.com.br/scripts/pixel/pixel.js:0
[  185103ms] [LOG] buttons [] @ https://cdn.utmify.com.br/scripts/pixel/pixel.js:0
[  187102ms] [LOG] buttons [] @ https://cdn.utmify.com.br/scripts/pixel/pixel.js:0
[  189102ms] [LOG] buttons [] @ https://cdn.utmify.com.br/scripts/pixel/pixel.js:0
[  191103ms] [LOG] buttons [] @ https://cdn.utmify.com.br/scripts/pixel/pixel.js:0
[  193102ms] [LOG] buttons [] @ https://cdn.utmify.com.br/scripts/pixel/pixel.js:0
[  195102ms] [LOG] buttons [] @ https://cdn.utmify.com.br/scripts/pixel/pixel.js:0
[  197102ms] [LOG] buttons [] @ https://cdn.utmify.com.br/scripts/pixel/pixel.js:0
[  199102ms] [LOG] buttons [] @ https://cdn.utmify.com.br/scripts/pixel/pixel.js:0
[  201102ms] [LOG] buttons [] @ https://cdn.utmify.com.br/scripts/pixel/pixel.js:0
[  203102ms] [LOG] buttons [] @ https://cdn.utmify.com.br/scripts/pixel/pixel.js:0
[  205103ms] [LOG] buttons [] @ https://cdn.utmify.com.br/scripts/pixel/pixel.js:0
[  207103ms] [LOG] buttons [] @ https://cdn.utmify.com.br/scripts/pixel/pixel.js:0
[  209103ms] [LOG] buttons [] @ https://cdn.utmify.com.br/scripts/pixel/pixel.js:0
[  211102ms] [LOG] buttons [] @ https://cdn.utmify.com.br/scripts/pixel/pixel.js:0
[  213102ms] [LOG] buttons [] @ https://cdn.utmify.com.br/scripts/pixel/pixel.js:0
[  215103ms] [LOG] buttons [] @ https://cdn.utmify.com.br/scripts/pixel/pixel.js:0
[  217102ms] [LOG] buttons [] @ https://cdn.utmify.com.br/scripts/pixel/pixel.js:0
[  219102ms] [LOG] buttons [] @ https://cdn.utmify.com.br/scripts/pixel/pixel.js:0
[  221102ms] [LOG] buttons [] @ https://cdn.utmify.com.br/scripts/pixel/pixel.js:0
[  223103ms] [LOG] buttons [] @ https://cdn.utmify.com.br/scripts/pixel/pixel.js:0
[  225102ms] [LOG] buttons [] @ https://cdn.utmify.com.br/scripts/pixel/pixel.js:0
[  227103ms] [LOG] buttons [] @ https://cdn.utmify.com.br/scripts/pixel/pixel.js:0
[  229102ms] [LOG] buttons [] @ https://cdn.utmify.com.br/scripts/pixel/pixel.js:0
[  231102ms] [LOG] buttons [] @ https://cdn.utmify.com.br/scripts/pixel/pixel.js:0
[  233102ms] [LOG] buttons [] @ https://cdn.utmify.com.br/scripts/pixel/pixel.js:0
[  235102ms] [LOG] buttons [] @ https://cdn.utmify.com.br/scripts/pixel/pixel.js:0
[  237103ms] [LOG] buttons [] @ https://cdn.utmify.com.br/scripts/pixel/pixel.js:0
[  239103ms] [LOG] buttons [] @ https://cdn.utmify.com.br/scripts/pixel/pixel.js:0
[  241103ms] [LOG] buttons [] @ https://cdn.utmify.com.br/scripts/pixel/pixel.js:0
[  243103ms] [LOG] buttons [] @ https://cdn.utmify.com.br/scripts/pixel/pixel.js:0
[  245102ms] [LOG] buttons [] @ https://cdn.utmify.com.br/scripts/pixel/pixel.js:0
[  247103ms] [LOG] buttons [] @ https://cdn.utmify.com.br/scripts/pixel/pixel.js:0
[  249102ms] [LOG] buttons [] @ https://cdn.utmify.com.br/scripts/pixel/pixel.js:0
[  251103ms] [LOG] buttons [] @ https://cdn.utmify.com.br/scripts/pixel/pixel.js:0
[  253102ms] [LOG] buttons [] @ https://cdn.utmify.com.br/scripts/pixel/pixel.js:0
[  255102ms] [LOG] buttons [] @ https://cdn.utmify.com.br/scripts/pixel/pixel.js:0
[  257102ms] [LOG] buttons [] @ https://cdn.utmify.com.br/scripts/pixel/pixel.js:0
[  259102ms] [LOG] buttons [] @ https://cdn.utmify.com.br/scripts/pixel/pixel.js:0
[  261103ms] [LOG] buttons [] @ https://cdn.utmify.com.br/scripts/pixel/pixel.js:0
[  263102ms] [LOG] buttons [] @ https://cdn.utmify.com.br/scripts/pixel/pixel.js:0
[  265102ms] [LOG] buttons [] @ https://cdn.utmify.com.br/scripts/pixel/pixel.js:0
[  267103ms] [LOG] buttons [] @ https://cdn.utmify.com.br/scripts/pixel/pixel.js:0
[  269103ms] [LOG] buttons [] @ https://cdn.utmify.com.br/scripts/pixel/pixel.js:0
[  271103ms] [LOG] buttons [] @ https://cdn.utmify.com.br/scripts/pixel/pixel.js:0
[  273102ms] [LOG] buttons [] @ https://cdn.utmify.com.br/scripts/pixel/pixel.js:0
[  275103ms] [LOG] buttons [] @ https://cdn.utmify.com.br/scripts/pixel/pixel.js:0
[  277103ms] [LOG] buttons [] @ https://cdn.utmify.com.br/scripts/pixel/pixel.js:0
[  279102ms] [LOG] buttons [] @ https://cdn.utmify.com.br/scripts/pixel/pixel.js:0
[  281103ms] [LOG] buttons [] @ https://cdn.utmify.com.br/scripts/pixel/pixel.js:0
[  283103ms] [LOG] buttons [] @ https://cdn.utmify.com.br/scripts/pixel/pixel.js:0
[  285103ms] [LOG] buttons [] @ https://cdn.utmify.com.br/scripts/pixel/pixel.js:0
[  287103ms] [LOG] buttons [] @ https://cdn.utmify.com.br/scripts/pixel/pixel.js:0
[  289103ms] [LOG] buttons [] @ https://cdn.utmify.com.br/scripts/pixel/pixel.js:0
[  291103ms] [LOG] buttons [] @ https://cdn.utmify.com.br/scripts/pixel/pixel.js:0
[  293102ms] [LOG] buttons [] @ https://cdn.utmify.com.br/scripts/pixel/pixel.js:0
[  295102ms] [LOG] buttons [] @ https://cdn.utmify.com.br/scripts/pixel/pixel.js:0
[  297103ms] [LOG] buttons [] @ https://cdn.utmify.com.br/scripts/pixel/pixel.js:0
[  299103ms] [LOG] buttons [] @ https://cdn.utmify.com.br/scripts/pixel/pixel.js:0
[  301103ms] [LOG] buttons [] @ https://cdn.utmify.com.br/scripts/pixel/pixel.js:0
[  303103ms] [LOG] buttons [] @ https://cdn.utmify.com.br/scripts/pixel/pixel.js:0
[  305103ms] [LOG] buttons [] @ https://cdn.utmify.com.br/scripts/pixel/pixel.js:0
[  307103ms] [LOG] buttons [] @ https://cdn.utmify.com.br/scripts/pixel/pixel.js:0
[  309103ms] [LOG] buttons [] @ https://cdn.utmify.com.br/scripts/pixel/pixel.js:0
[  311103ms] [LOG] buttons [] @ https://cdn.utmify.com.br/scripts/pixel/pixel.js:0
[  313103ms] [LOG] buttons [] @ https://cdn.utmify.com.br/scripts/pixel/pixel.js:0
[  315103ms] [LOG] buttons [] @ https://cdn.utmify.com.br/scripts/pixel/pixel.js:0
[  317103ms] [LOG] buttons [] @ https://cdn.utmify.com.br/scripts/pixel/pixel.js:0
[  319103ms] [LOG] buttons [] @ https://cdn.utmify.com.br/scripts/pixel/pixel.js:0
[  321103ms] [LOG] buttons [] @ https://cdn.utmify.com.br/scripts/pixel/pixel.js:0
[  323103ms] [LOG] buttons [] @ https://cdn.utmify.com.br/scripts/pixel/pixel.js:0
[  325103ms] [LOG] buttons [] @ https://cdn.utmify.com.br/scripts/pixel/pixel.js:0
[  327103ms] [LOG] buttons [] @ https://cdn.utmify.com.br/scripts/pixel/pixel.js:0
[  329103ms] [LOG] buttons [] @ https://cdn.utmify.com.br/scripts/pixel/pixel.js:0
[  331102ms] [LOG] buttons [] @ https://cdn.utmify.com.br/scripts/pixel/pixel.js:0
[  333103ms] [LOG] buttons [] @ https://cdn.utmify.com.br/scripts/pixel/pixel.js:0
[  335103ms] [LOG] buttons [] @ https://cdn.utmify.com.br/scripts/pixel/pixel.js:0
[  337103ms] [LOG] buttons [] @ https://cdn.utmify.com.br/scripts/pixel/pixel.js:0
[  339102ms] [LOG] buttons [] @ https://cdn.utmify.com.br/scripts/pixel/pixel.js:0
[  341103ms] [LOG] buttons [] @ https://cdn.utmify.com.br/scripts/pixel/pixel.js:0
[  343103ms] [LOG] buttons [] @ https://cdn.utmify.com.br/scripts/pixel/pixel.js:0
[  345104ms] [LOG] buttons [] @ https://cdn.utmify.com.br/scripts/pixel/pixel.js:0
[  347103ms] [LOG] buttons [] @ https://cdn.utmify.com.br/scripts/pixel/pixel.js:0
[  349103ms] [LOG] buttons [] @ https://cdn.utmify.com.br/scripts/pixel/pixel.js:0
[  351103ms] [LOG] buttons [] @ https://cdn.utmify.com.br/scripts/pixel/pixel.js:0
[  353103ms] [LOG] buttons [] @ https://cdn.utmify.com.br/scripts/pixel/pixel.js:0
[  355103ms] [LOG] buttons [] @ https://cdn.utmify.com.br/scripts/pixel/pixel.js:0
[  357103ms] [LOG] buttons [] @ https://cdn.utmify.com.br/scripts/pixel/pixel.js:0
[  359102ms] [LOG] buttons [] @ https://cdn.utmify.com.br/scripts/pixel/pixel.js:0
[  361103ms] [LOG] buttons [] @ https://cdn.utmify.com.br/scripts/pixel/pixel.js:0
[  363103ms] [LOG] buttons [] @ https://cdn.utmify.com.br/scripts/pixel/pixel.js:0
[  365103ms] [LOG] buttons [] @ https://cdn.utmify.com.br/scripts/pixel/pixel.js:0
[  367103ms] [LOG] buttons [] @ https://cdn.utmify.com.br/scripts/pixel/pixel.js:0
[  369103ms] [LOG] buttons [] @ https://cdn.utmify.com.br/scripts/pixel/pixel.js:0
[  371103ms] [LOG] buttons [] @ https://cdn.utmify.com.br/scripts/pixel/pixel.js:0
[  373103ms] [LOG] buttons [] @ https://cdn.utmify.com.br/scripts/pixel/pixel.js:0
[  375103ms] [LOG] buttons [] @ https://cdn.utmify.com.br/scripts/pixel/pixel.js:0
[  377103ms] [LOG] buttons [] @ https://cdn.utmify.com.br/scripts/pixel/pixel.js:0
[  379103ms] [LOG] buttons [] @ https://cdn.utmify.com.br/scripts/pixel/pixel.js:0
[  381103ms] [LOG] buttons [] @ https://cdn.utmify.com.br/scripts/pixel/pixel.js:0
[  383103ms] [LOG] buttons [] @ https://cdn.utmify.com.br/scripts/pixel/pixel.js:0
[  385103ms] [LOG] buttons [] @ https://cdn.utmify.com.br/scripts/pixel/pixel.js:0
[  387103ms] [LOG] buttons [] @ https://cdn.utmify.com.br/scripts/pixel/pixel.js:0
[  389104ms] [LOG] buttons [] @ https://cdn.utmify.com.br/scripts/pixel/pixel.js:0
[  391103ms] [LOG] buttons [] @ https://cdn.utmify.com.br/scripts/pixel/pixel.js:0
[  393103ms] [LOG] buttons [] @ https://cdn.utmify.com.br/scripts/pixel/pixel.js:0
[  395103ms] [LOG] buttons [] @ https://cdn.utmify.com.br/scripts/pixel/pixel.js:0
[  397103ms] [LOG] buttons [] @ https://cdn.utmify.com.br/scripts/pixel/pixel.js:0
[  399104ms] [LOG] buttons [] @ https://cdn.utmify.com.br/scripts/pixel/pixel.js:0
[  401103ms] [LOG] buttons [] @ https://cdn.utmify.com.br/scripts/pixel/pixel.js:0
[  403103ms] [LOG] buttons [] @ https://cdn.utmify.com.br/scripts/pixel/pixel.js:0
[  405103ms] [LOG] buttons [] @ https://cdn.utmify.com.br/scripts/pixel/pixel.js:0
[  407102ms] [LOG] buttons [] @ https://cdn.utmify.com.br/scripts/pixel/pixel.js:0
[  409102ms] [LOG] buttons [] @ https://cdn.utmify.com.br/scripts/pixel/pixel.js:0
[  411105ms] [LOG] buttons [] @ https://cdn.utmify.com.br/scripts/pixel/pixel.js:0
[  413103ms] [LOG] buttons [] @ https://cdn.utmify.com.br/scripts/pixel/pixel.js:0
[  415103ms] [LOG] buttons [] @ https://cdn.utmify.com.br/scripts/pixel/pixel.js:0
[  417103ms] [LOG] buttons [] @ https://cdn.utmify.com.br/scripts/pixel/pixel.js:0
[  419105ms] [LOG] buttons [] @ https://cdn.utmify.com.br/scripts/pixel/pixel.js:0
[  421103ms] [LOG] buttons [] @ https://cdn.utmify.com.br/scripts/pixel/pixel.js:0
[  423104ms] [LOG] buttons [] @ https://cdn.utmify.com.br/scripts/pixel/pixel.js:0
[  425103ms] [LOG] buttons [] @ https://cdn.utmify.com.br/scripts/pixel/pixel.js:0
[  427103ms] [LOG] buttons [] @ https://cdn.utmify.com.br/scripts/pixel/pixel.js:0
[  429102ms] [LOG] buttons [] @ https://cdn.utmify.com.br/scripts/pixel/pixel.js:0
[  431103ms] [LOG] buttons [] @ https://cdn.utmify.com.br/scripts/pixel/pixel.js:0
[  433103ms] [LOG] buttons [] @ https://cdn.utmify.com.br/scripts/pixel/pixel.js:0
[  435103ms] [LOG] buttons [] @ https://cdn.utmify.com.br/scripts/pixel/pixel.js:0
[  437103ms] [LOG] buttons [] @ https://cdn.utmify.com.br/scripts/pixel/pixel.js:0
[  439103ms] [LOG] buttons [] @ https://cdn.utmify.com.br/scripts/pixel/pixel.js:0
[  441103ms] [LOG] buttons [] @ https://cdn.utmify.com.br/scripts/pixel/pixel.js:0
[  443104ms] [LOG] buttons [] @ https://cdn.utmify.com.br/scripts/pixel/pixel.js:0
[  445103ms] [LOG] buttons [] @ https://cdn.utmify.com.br/scripts/pixel/pixel.js:0
[  447103ms] [LOG] buttons [] @ https://cdn.utmify.com.br/scripts/pixel/pixel.js:0
[  449103ms] [LOG] buttons [] @ https://cdn.utmify.com.br/scripts/pixel/pixel.js:0
[  451104ms] [LOG] buttons [] @ https://cdn.utmify.com.br/scripts/pixel/pixel.js:0
[  453102ms] [LOG] buttons [] @ https://cdn.utmify.com.br/scripts/pixel/pixel.js:0
[  455104ms] [LOG] buttons [] @ https://cdn.utmify.com.br/scripts/pixel/pixel.js:0
[  457104ms] [LOG] buttons [] @ https://cdn.utmify.com.br/scripts/pixel/pixel.js:0
[  459104ms] [LOG] buttons [] @ https://cdn.utmify.com.br/scripts/pixel/pixel.js:0
[  461102ms] [LOG] buttons [] @ https://cdn.utmify.com.br/scripts/pixel/pixel.js:0
[  463104ms] [LOG] buttons [] @ https://cdn.utmify.com.br/scripts/pixel/pixel.js:0
[  465105ms] [LOG] buttons [] @ https://cdn.utmify.com.br/scripts/pixel/pixel.js:0
[  467103ms] [LOG] buttons [] @ https://cdn.utmify.com.br/scripts/pixel/pixel.js:0
