[     112ms] [LOG] Tracker Meta version 1.6.1 @ https://cdn.utmify.com.br/scripts/pixel/pixel.js:0
[     112ms] [LOG] Tracker.inited?: false @ https://cdn.utmify.com.br/scripts/pixel/pixel.js:0
[    2127ms] [ERROR] Failed to load resource: the server responded with a status of 404 (File not found) @ http://localhost:8766/favicon.ico:0
[    5114ms] [LOG] error on getIpv6 TimeoutError: signal timed out @ https://cdn.utmify.com.br/scripts/pixel/pixel.js:0
[    5115ms] [LOG] buttons [button#modalClose.modal-close] @ https://cdn.utmify.com.br/scripts/pixel/pixel.js:0
[    5120ms] [ERROR] Failed to load resource: net::ERR_CONNECTION_REFUSED @ http://localhost:3001/tracking/v1/events:0
[    5124ms] Uncaught (in promise) TypeError: Failed to fetch
    at <anonymous> (https://cdn.utmify.com.br/scripts/pixel/pixel.js:0:20157)
    at <anonymous> (https://cdn.utmify.com.br/scripts/pixel/pixel.js:0:17787)
    at l (https://cdn.utmify.com.br/scripts/pixel/pixel.js:0:17532)
    at event (https://cdn.utmify.com.br/scripts/pixel/pixel.js:0:20081)
    at <anonymous> (https://cdn.utmify.com.br/scripts/pixel/pixel.js:0:30589)
    at <anonymous> (https://cdn.utmify.com.br/scripts/pixel/pixel.js:0:29166)
    at l (https://cdn.utmify.com.br/scripts/pixel/pixel.js:0:28911)
    at track (https://cdn.utmify.com.br/scripts/pixel/pixel.js:0:30436)
    at <anonymous> (https://cdn.utmify.com.br/scripts/pixel/pixel.js:0:30025)
    at r (https://cdn.utmify.com.br/scripts/pixel/pixel.js:0:28968)
[    7116ms] [LOG] buttons [button#modalClose.modal-close] @ https://cdn.utmify.com.br/scripts/pixel/pixel.js:0
[    9116ms] [LOG] buttons [button#modalClose.modal-close] @ https://cdn.utmify.com.br/scripts/pixel/pixel.js:0
[   11116ms] [LOG] buttons [button#modalClose.modal-close] @ https://cdn.utmify.com.br/scripts/pixel/pixel.js:0
[   13116ms] [LOG] buttons [button#modalClose.modal-close] @ https://cdn.utmify.com.br/scripts/pixel/pixel.js:0
[   13118ms] [ERROR] Failed to load resource: net::ERR_CONNECTION_REFUSED @ http://localhost:3001/tracking/v1/events:0
[   13118ms] Uncaught (in promise) TypeError: Failed to fetch
    at <anonymous> (https://cdn.utmify.com.br/scripts/pixel/pixel.js:0:20157)
    at <anonymous> (https://cdn.utmify.com.br/scripts/pixel/pixel.js:0:17787)
    at l (https://cdn.utmify.com.br/scripts/pixel/pixel.js:0:17532)
    at event (https://cdn.utmify.com.br/scripts/pixel/pixel.js:0:20081)
    at <anonymous> (https://cdn.utmify.com.br/scripts/pixel/pixel.js:0:30589)
    at <anonymous> (https://cdn.utmify.com.br/scripts/pixel/pixel.js:0:29166)
    at l (https://cdn.utmify.com.br/scripts/pixel/pixel.js:0:28911)
    at track (https://cdn.utmify.com.br/scripts/pixel/pixel.js:0:30436)
    at <anonymous> (https://cdn.utmify.com.br/scripts/pixel/pixel.js:0:38439)
    at r (https://cdn.utmify.com.br/scripts/pixel/pixel.js:0:37966)
[   15117ms] [LOG] buttons [button#modalClose.modal-close] @ https://cdn.utmify.com.br/scripts/pixel/pixel.js:0
[   17116ms] [LOG] buttons [button#modalClose.modal-close] @ https://cdn.utmify.com.br/scripts/pixel/pixel.js:0
[   19116ms] [LOG] buttons [button#modalClose.modal-close] @ https://cdn.utmify.com.br/scripts/pixel/pixel.js:0
