[      95ms] [LOG] VTurb :: v4.19.0 JSHandle@node @ https://scripts.converteai.net/lib/js/smartplayer-wc/v4/smartplayer.js:1000
[      97ms] [LOG] VTurb :: v4.19.0 JSHandle@node @ https://scripts.converteai.net/lib/js/smartplayer-wc/v4/smartplayer.js:1000
[     106ms] [WARNING] A preload for 'https://cdn.converteai.net/8961d838-aff2-4dce-9b39-e84022d332ce/6a52fa0e3d8ea0afcdc8b377/main.m3u8' is found, but is not used because the request credentials mode does not match. Consider taking a look at crossorigin attribute. @ https://scripts.converteai.net/lib/js/smartplayer-wc/v4/smartplayer.js:775
[     113ms] [WARNING] A preload for 'https://cdn.converteai.net/8961d838-aff2-4dce-9b39-e84022d332ce/6a52f890d71bd640bbb2a65d/main.m3u8' is found, but is not used because the request credentials mode does not match. Consider taking a look at crossorigin attribute. @ https://scripts.converteai.net/lib/js/smartplayer-wc/v4/smartplayer.js:775
[     925ms] [WARNING] [33m[WARNING]:[0m HlsVideo: [gap-controller]: [Playback stalling at @0 due to low buffer ({"len":…:[{"start":0,"end":3.870532}],"bufferedIndex":0})] @ https://scripts.converteai.net/lib/js/smartplayer-wc/v4/smartplayer.js:1
[     926ms] [WARNING] [33m[WARNING]:[0m HlsVideo: Non-fatal error encountered {type: mediaError, details: bufferStalledError, fatal: false, error: Error: Playback stalling at @0 due to low buffer ({"len":3.870532,"start":0,"end":3.870532,"buffere…, buffer: 3.870532} @ https://scripts.converteai.net/lib/js/smartplayer-wc/v4/smartplayer.js:1
[    1150ms] [LOG] ApiCompat: loaded @ https://scripts.converteai.net/lib/js/smartplayer-wc/v4/smartplayer.js:1
[    1177ms] [WARNING] [33m[WARNING]:[0m HlsVideo: [mp4-remuxer]: [Audio frame @ 21.989s overlaps marker by -192 ms.] @ https://scripts.converteai.net/lib/js/smartplayer-wc/v4/smartplayer.js:1
[    1177ms] [WARNING] [33m[WARNING]:[0m HlsVideo: [mp4-remuxer]: [AVC: 67 ms (-6006dts) overlapping between fragments detected at 12.020] @ https://scripts.converteai.net/lib/js/smartplayer-wc/v4/smartplayer.js:1
[    1909ms] [WARNING] [33m[WARNING]:[0m HlsVideo: [mp4-remuxer]: [Audio frame @ 21.989s overlaps marker by -192 ms.] @ https://scripts.converteai.net/lib/js/smartplayer-wc/v4/smartplayer.js:1
[    1909ms] [WARNING] [33m[WARNING]:[0m HlsVideo: [mp4-remuxer]: [AVC: 133 ms (-12012dts) overlapping between fragments detected at 12.035] @ https://scripts.converteai.net/lib/js/smartplayer-wc/v4/smartplayer.js:1
[    5117ms] [WARNING] The resource https://cdn.converteai.net/8961d838-aff2-4dce-9b39-e84022d332ce/6a52f890d71bd640bbb2a65d/main.m3u8 was preloaded using link preload but not used within a few seconds from the window's load event. Please make sure it has an appropriate `as` value and it is preloaded intentionally. @ http://localhost:8848/quiz.html:0
[    5117ms] [WARNING] The resource https://cdn.converteai.net/8961d838-aff2-4dce-9b39-e84022d332ce/6a52fa0e3d8ea0afcdc8b377/main.m3u8 was preloaded using link preload but not used within a few seconds from the window's load event. Please make sure it has an appropriate `as` value and it is preloaded intentionally. @ http://localhost:8848/quiz.html:0
[   13609ms] [WARNING] The resource https://cdn.converteai.net/8961d838-aff2-4dce-9b39-e84022d332ce/6a52f890d71bd640bbb2a65d/main.m3u8 was preloaded using link preload but not used within a few seconds from the window's load event. Please make sure it has an appropriate `as` value and it is preloaded intentionally. @ http://localhost:8848/quiz.html:0
[   13609ms] [WARNING] The resource https://cdn.converteai.net/8961d838-aff2-4dce-9b39-e84022d332ce/6a52fa0e3d8ea0afcdc8b377/main.m3u8 was preloaded using link preload but not used within a few seconds from the window's load event. Please make sure it has an appropriate `as` value and it is preloaded intentionally. @ http://localhost:8848/quiz.html:0
[   23544ms] [WARNING] The resource https://cdn.converteai.net/8961d838-aff2-4dce-9b39-e84022d332ce/6a52f890d71bd640bbb2a65d/main.m3u8 was preloaded using link preload but not used within a few seconds from the window's load event. Please make sure it has an appropriate `as` value and it is preloaded intentionally. @ http://localhost:8848/quiz.html:0
[   23544ms] [WARNING] The resource https://cdn.converteai.net/8961d838-aff2-4dce-9b39-e84022d332ce/6a52fa0e3d8ea0afcdc8b377/main.m3u8 was preloaded using link preload but not used within a few seconds from the window's load event. Please make sure it has an appropriate `as` value and it is preloaded intentionally. @ http://localhost:8848/quiz.html:0
[   33361ms] [WARNING] The resource https://cdn.converteai.net/8961d838-aff2-4dce-9b39-e84022d332ce/6a52f890d71bd640bbb2a65d/main.m3u8 was preloaded using link preload but not used within a few seconds from the window's load event. Please make sure it has an appropriate `as` value and it is preloaded intentionally. @ http://localhost:8848/quiz.html:0
[   33362ms] [WARNING] The resource https://cdn.converteai.net/8961d838-aff2-4dce-9b39-e84022d332ce/6a52fa0e3d8ea0afcdc8b377/main.m3u8 was preloaded using link preload but not used within a few seconds from the window's load event. Please make sure it has an appropriate `as` value and it is preloaded intentionally. @ http://localhost:8848/quiz.html:0
[   93411ms] [WARNING] The resource https://cdn.converteai.net/8961d838-aff2-4dce-9b39-e84022d332ce/6a52f890d71bd640bbb2a65d/main.m3u8 was preloaded using link preload but not used within a few seconds from the window's load event. Please make sure it has an appropriate `as` value and it is preloaded intentionally. @ http://localhost:8848/quiz.html:0
[   93411ms] [WARNING] The resource https://cdn.converteai.net/8961d838-aff2-4dce-9b39-e84022d332ce/6a52fa0e3d8ea0afcdc8b377/main.m3u8 was preloaded using link preload but not used within a few seconds from the window's load event. Please make sure it has an appropriate `as` value and it is preloaded intentionally. @ http://localhost:8848/quiz.html:0
